<!doctype html public "-//w3c//dtd html 4.0 transitional//en">
<html><head>
<title>Static Call Graph - [.\Output\Project.axf]</title></head>
<body><HR>
<H1>Static Call Graph for image .\Output\Project.axf</H1><HR>
<BR><P>#&#060CALLGRAPH&#062# ARM Linker, 5.03 [Build 76]: Last Updated: Thu Jan 18 11:14:07 2018
<BR><P>
<H3>Maximum Stack Usage =        752 bytes + Unknown(Functions without stacksize, Cycles, Untraceable Function Pointers)</H3><H3>
Call chain for Maximum Stack Depth:</H3>
handler_write_property &rArr; wp_decode_service_request &rArr; bacapp_data_len &rArr; bacapp_decode_context_data_len &rArr; decode_tag_number_and_value &rArr; decode_unsigned32
<P>
<H3>
Functions with no stack information
</H3><UL>
 <LI><a href="#[b6]">__user_initial_stackheap</a>
</UL>
</UL>
<P>
<H3>
Mutually Recursive functions
</H3> <LI><a href="#[4e]">ADC_IRQHandler</a>&nbsp;&nbsp;&nbsp;&rArr;&nbsp;&nbsp;&nbsp;<a href="#[4e]">ADC_IRQHandler</a><BR>
</UL>
<P>
<H3>
Function Pointers
</H3><UL>
 <LI><a href="#[4e]">ADC_IRQHandler</a> from startup_stm32f2xx.o(.text) referenced from startup_stm32f2xx.o(RESET)
 <LI><a href="#[23]">Analog_Input_Count</a> from ai.o(i.Analog_Input_Count) referenced 2 times from device.o(.data)
 <LI><a href="#[24]">Analog_Input_Index_To_Instance</a> from ai.o(i.Analog_Input_Index_To_Instance) referenced 2 times from device.o(.data)
 <LI><a href="#[22]">Analog_Input_Init</a> from ai.o(i.Analog_Input_Init) referenced 2 times from device.o(.data)
 <LI><a href="#[26]">Analog_Input_Object_Name</a> from ai.o(i.Analog_Input_Object_Name) referenced 2 times from device.o(.data)
 <LI><a href="#[29]">Analog_Input_Property_Lists</a> from ai.o(i.Analog_Input_Property_Lists) referenced 2 times from device.o(.data)
 <LI><a href="#[27]">Analog_Input_Read_Property</a> from ai.o(i.Analog_Input_Read_Property) referenced 2 times from device.o(.data)
 <LI><a href="#[25]">Analog_Input_Valid_Instance</a> from ai.o(i.Analog_Input_Valid_Instance) referenced 2 times from device.o(.data)
 <LI><a href="#[28]">Analog_Input_Write_Property</a> from ai.o(i.Analog_Input_Write_Property) referenced 2 times from device.o(.data)
 <LI><a href="#[2b]">Analog_Output_Count</a> from ao.o(i.Analog_Output_Count) referenced 2 times from device.o(.data)
 <LI><a href="#[2c]">Analog_Output_Index_To_Instance</a> from ao.o(i.Analog_Output_Index_To_Instance) referenced 2 times from device.o(.data)
 <LI><a href="#[2a]">Analog_Output_Init</a> from ao.o(i.Analog_Output_Init) referenced 2 times from device.o(.data)
 <LI><a href="#[2e]">Analog_Output_Object_Name</a> from ao.o(i.Analog_Output_Object_Name) referenced 2 times from device.o(.data)
 <LI><a href="#[31]">Analog_Output_Property_Lists</a> from ao.o(i.Analog_Output_Property_Lists) referenced 2 times from device.o(.data)
 <LI><a href="#[2f]">Analog_Output_Read_Property</a> from ao.o(i.Analog_Output_Read_Property) referenced 2 times from device.o(.data)
 <LI><a href="#[2d]">Analog_Output_Valid_Instance</a> from ao.o(i.Analog_Output_Valid_Instance) referenced 2 times from device.o(.data)
 <LI><a href="#[30]">Analog_Output_Write_Property</a> from ao.o(i.Analog_Output_Write_Property) referenced 2 times from device.o(.data)
 <LI><a href="#[1b]">Binary_Input_Count</a> from bi.o(i.Binary_Input_Count) referenced 2 times from device.o(.data)
 <LI><a href="#[1c]">Binary_Input_Index_To_Instance</a> from bi.o(i.Binary_Input_Index_To_Instance) referenced 2 times from device.o(.data)
 <LI><a href="#[1a]">Binary_Input_Init</a> from bi.o(i.Binary_Input_Init) referenced 2 times from device.o(.data)
 <LI><a href="#[1e]">Binary_Input_Object_Name</a> from bi.o(i.Binary_Input_Object_Name) referenced 2 times from device.o(.data)
 <LI><a href="#[21]">Binary_Input_Property_Lists</a> from bi.o(i.Binary_Input_Property_Lists) referenced 2 times from device.o(.data)
 <LI><a href="#[1f]">Binary_Input_Read_Property</a> from bi.o(i.Binary_Input_Read_Property) referenced 2 times from device.o(.data)
 <LI><a href="#[1d]">Binary_Input_Valid_Instance</a> from bi.o(i.Binary_Input_Valid_Instance) referenced 2 times from device.o(.data)
 <LI><a href="#[20]">Binary_Input_Write_Property</a> from bi.o(i.Binary_Input_Write_Property) referenced 2 times from device.o(.data)
 <LI><a href="#[13]">Binary_Output_Count</a> from bo.o(i.Binary_Output_Count) referenced 2 times from device.o(.data)
 <LI><a href="#[14]">Binary_Output_Index_To_Instance</a> from bo.o(i.Binary_Output_Index_To_Instance) referenced 2 times from device.o(.data)
 <LI><a href="#[12]">Binary_Output_Init</a> from bo.o(i.Binary_Output_Init) referenced 2 times from device.o(.data)
 <LI><a href="#[16]">Binary_Output_Object_Name</a> from bo.o(i.Binary_Output_Object_Name) referenced 2 times from device.o(.data)
 <LI><a href="#[19]">Binary_Output_Property_Lists</a> from bo.o(i.Binary_Output_Property_Lists) referenced 2 times from device.o(.data)
 <LI><a href="#[17]">Binary_Output_Read_Property</a> from bo.o(i.Binary_Output_Read_Property) referenced 2 times from device.o(.data)
 <LI><a href="#[15]">Binary_Output_Valid_Instance</a> from bo.o(i.Binary_Output_Valid_Instance) referenced 2 times from device.o(.data)
 <LI><a href="#[18]">Binary_Output_Write_Property</a> from bo.o(i.Binary_Output_Write_Property) referenced 2 times from device.o(.data)
 <LI><a href="#[36]">BusFault_Handler</a> from stm32f2xx_it.o(i.BusFault_Handler) referenced from startup_stm32f2xx.o(RESET)
 <LI><a href="#[50]">CAN1_RX0_IRQHandler</a> from startup_stm32f2xx.o(.text) referenced from startup_stm32f2xx.o(RESET)
 <LI><a href="#[51]">CAN1_RX1_IRQHandler</a> from startup_stm32f2xx.o(.text) referenced from startup_stm32f2xx.o(RESET)
 <LI><a href="#[52]">CAN1_SCE_IRQHandler</a> from startup_stm32f2xx.o(.text) referenced from startup_stm32f2xx.o(RESET)
 <LI><a href="#[4f]">CAN1_TX_IRQHandler</a> from startup_stm32f2xx.o(.text) referenced from startup_stm32f2xx.o(RESET)
 <LI><a href="#[7c]">CAN2_RX0_IRQHandler</a> from startup_stm32f2xx.o(.text) referenced from startup_stm32f2xx.o(RESET)
 <LI><a href="#[7d]">CAN2_RX1_IRQHandler</a> from startup_stm32f2xx.o(.text) referenced from startup_stm32f2xx.o(RESET)
 <LI><a href="#[7e]">CAN2_SCE_IRQHandler</a> from startup_stm32f2xx.o(.text) referenced from startup_stm32f2xx.o(RESET)
 <LI><a href="#[7b]">CAN2_TX_IRQHandler</a> from startup_stm32f2xx.o(.text) referenced from startup_stm32f2xx.o(RESET)
 <LI><a href="#[8b]">CRYP_IRQHandler</a> from startup_stm32f2xx.o(.text) referenced from startup_stm32f2xx.o(RESET)
 <LI><a href="#[8a]">DCMI_IRQHandler</a> from startup_stm32f2xx.o(.text) referenced from startup_stm32f2xx.o(RESET)
 <LI><a href="#[47]">DMA1_Stream0_IRQHandler</a> from startup_stm32f2xx.o(.text) referenced from startup_stm32f2xx.o(RESET)
 <LI><a href="#[48]">DMA1_Stream1_IRQHandler</a> from startup_stm32f2xx.o(.text) referenced from startup_stm32f2xx.o(RESET)
 <LI><a href="#[49]">DMA1_Stream2_IRQHandler</a> from startup_stm32f2xx.o(.text) referenced from startup_stm32f2xx.o(RESET)
 <LI><a href="#[4a]">DMA1_Stream3_IRQHandler</a> from startup_stm32f2xx.o(.text) referenced from startup_stm32f2xx.o(RESET)
 <LI><a href="#[4b]">DMA1_Stream4_IRQHandler</a> from startup_stm32f2xx.o(.text) referenced from startup_stm32f2xx.o(RESET)
 <LI><a href="#[4c]">DMA1_Stream5_IRQHandler</a> from startup_stm32f2xx.o(.text) referenced from startup_stm32f2xx.o(RESET)
 <LI><a href="#[4d]">DMA1_Stream6_IRQHandler</a> from startup_stm32f2xx.o(.text) referenced from startup_stm32f2xx.o(RESET)
 <LI><a href="#[6b]">DMA1_Stream7_IRQHandler</a> from startup_stm32f2xx.o(.text) referenced from startup_stm32f2xx.o(RESET)
 <LI><a href="#[74]">DMA2_Stream0_IRQHandler</a> from startup_stm32f2xx.o(.text) referenced from startup_stm32f2xx.o(RESET)
 <LI><a href="#[75]">DMA2_Stream1_IRQHandler</a> from startup_stm32f2xx.o(.text) referenced from startup_stm32f2xx.o(RESET)
 <LI><a href="#[76]">DMA2_Stream2_IRQHandler</a> from startup_stm32f2xx.o(.text) referenced from startup_stm32f2xx.o(RESET)
 <LI><a href="#[77]">DMA2_Stream3_IRQHandler</a> from startup_stm32f2xx.o(.text) referenced from startup_stm32f2xx.o(RESET)
 <LI><a href="#[78]">DMA2_Stream4_IRQHandler</a> from startup_stm32f2xx.o(.text) referenced from startup_stm32f2xx.o(RESET)
 <LI><a href="#[80]">DMA2_Stream5_IRQHandler</a> from startup_stm32f2xx.o(.text) referenced from startup_stm32f2xx.o(RESET)
 <LI><a href="#[81]">DMA2_Stream6_IRQHandler</a> from startup_stm32f2xx.o(.text) referenced from startup_stm32f2xx.o(RESET)
 <LI><a href="#[82]">DMA2_Stream7_IRQHandler</a> from startup_stm32f2xx.o(.text) referenced from startup_stm32f2xx.o(RESET)
 <LI><a href="#[39]">DebugMon_Handler</a> from stm32f2xx_it.o(i.DebugMon_Handler) referenced from startup_stm32f2xx.o(RESET)
 <LI><a href="#[b]">Device_Count</a> from device.o(i.Device_Count) referenced 2 times from device.o(.data)
 <LI><a href="#[c]">Device_Index_To_Instance</a> from device.o(i.Device_Index_To_Instance) referenced 2 times from device.o(.data)
 <LI><a href="#[e]">Device_Object_Name</a> from device.o(i.Device_Object_Name) referenced 2 times from device.o(.data)
 <LI><a href="#[11]">Device_Property_Lists</a> from device.o(i.Device_Property_Lists) referenced 2 times from device.o(.data)
 <LI><a href="#[f]">Device_Read_Property_Local</a> from device.o(i.Device_Read_Property_Local) referenced 2 times from device.o(.data)
 <LI><a href="#[d]">Device_Valid_Object_Instance_Number</a> from device.o(i.Device_Valid_Object_Instance_Number) referenced 2 times from device.o(.data)
 <LI><a href="#[10]">Device_Write_Property_Local</a> from device.o(i.Device_Write_Property_Local) referenced 2 times from device.o(.data)
 <LI><a href="#[79]">ETH_IRQHandler</a> from startup_stm32f2xx.o(.text) referenced from startup_stm32f2xx.o(RESET)
 <LI><a href="#[7a]">ETH_WKUP_IRQHandler</a> from startup_stm32f2xx.o(.text) referenced from startup_stm32f2xx.o(RESET)
 <LI><a href="#[42]">EXTI0_IRQHandler</a> from startup_stm32f2xx.o(.text) referenced from startup_stm32f2xx.o(RESET)
 <LI><a href="#[64]">EXTI15_10_IRQHandler</a> from startup_stm32f2xx.o(.text) referenced from startup_stm32f2xx.o(RESET)
 <LI><a href="#[43]">EXTI1_IRQHandler</a> from startup_stm32f2xx.o(.text) referenced from startup_stm32f2xx.o(RESET)
 <LI><a href="#[44]">EXTI2_IRQHandler</a> from startup_stm32f2xx.o(.text) referenced from startup_stm32f2xx.o(RESET)
 <LI><a href="#[45]">EXTI3_IRQHandler</a> from startup_stm32f2xx.o(.text) referenced from startup_stm32f2xx.o(RESET)
 <LI><a href="#[46]">EXTI4_IRQHandler</a> from startup_stm32f2xx.o(.text) referenced from startup_stm32f2xx.o(RESET)
 <LI><a href="#[53]">EXTI9_5_IRQHandler</a> from startup_stm32f2xx.o(.text) referenced from startup_stm32f2xx.o(RESET)
 <LI><a href="#[40]">FLASH_IRQHandler</a> from startup_stm32f2xx.o(.text) referenced from startup_stm32f2xx.o(RESET)
 <LI><a href="#[6c]">FSMC_IRQHandler</a> from startup_stm32f2xx.o(.text) referenced from startup_stm32f2xx.o(RESET)
 <LI><a href="#[8c]">HASH_RNG_IRQHandler</a> from startup_stm32f2xx.o(.text) referenced from startup_stm32f2xx.o(RESET)
 <LI><a href="#[34]">HardFault_Handler</a> from stm32f2xx_it.o(i.HardFault_Handler) referenced from startup_stm32f2xx.o(RESET)
 <LI><a href="#[5c]">I2C1_ER_IRQHandler</a> from startup_stm32f2xx.o(.text) referenced from startup_stm32f2xx.o(RESET)
 <LI><a href="#[5b]">I2C1_EV_IRQHandler</a> from startup_stm32f2xx.o(.text) referenced from startup_stm32f2xx.o(RESET)
 <LI><a href="#[5e]">I2C2_ER_IRQHandler</a> from startup_stm32f2xx.o(.text) referenced from startup_stm32f2xx.o(RESET)
 <LI><a href="#[5d]">I2C2_EV_IRQHandler</a> from startup_stm32f2xx.o(.text) referenced from startup_stm32f2xx.o(RESET)
 <LI><a href="#[85]">I2C3_ER_IRQHandler</a> from startup_stm32f2xx.o(.text) referenced from startup_stm32f2xx.o(RESET)
 <LI><a href="#[84]">I2C3_EV_IRQHandler</a> from startup_stm32f2xx.o(.text) referenced from startup_stm32f2xx.o(RESET)
 <LI><a href="#[35]">MemManage_Handler</a> from stm32f2xx_it.o(i.MemManage_Handler) referenced from startup_stm32f2xx.o(RESET)
 <LI><a href="#[33]">NMI_Handler</a> from stm32f2xx_it.o(i.NMI_Handler) referenced from startup_stm32f2xx.o(RESET)
 <LI><a href="#[7f]">OTG_FS_IRQHandler</a> from startup_stm32f2xx.o(.text) referenced from startup_stm32f2xx.o(RESET)
 <LI><a href="#[66]">OTG_FS_WKUP_IRQHandler</a> from startup_stm32f2xx.o(.text) referenced from startup_stm32f2xx.o(RESET)
 <LI><a href="#[87]">OTG_HS_EP1_IN_IRQHandler</a> from startup_stm32f2xx.o(.text) referenced from startup_stm32f2xx.o(RESET)
 <LI><a href="#[86]">OTG_HS_EP1_OUT_IRQHandler</a> from startup_stm32f2xx.o(.text) referenced from startup_stm32f2xx.o(RESET)
 <LI><a href="#[89]">OTG_HS_IRQHandler</a> from startup_stm32f2xx.o(.text) referenced from startup_stm32f2xx.o(RESET)
 <LI><a href="#[88]">OTG_HS_WKUP_IRQHandler</a> from startup_stm32f2xx.o(.text) referenced from startup_stm32f2xx.o(RESET)
 <LI><a href="#[3d]">PVD_IRQHandler</a> from startup_stm32f2xx.o(.text) referenced from startup_stm32f2xx.o(RESET)
 <LI><a href="#[3a]">PendSV_Handler</a> from stm32f2xx_it.o(i.PendSV_Handler) referenced from startup_stm32f2xx.o(RESET)
 <LI><a href="#[41]">RCC_IRQHandler</a> from startup_stm32f2xx.o(.text) referenced from startup_stm32f2xx.o(RESET)
 <LI><a href="#[65]">RTC_Alarm_IRQHandler</a> from startup_stm32f2xx.o(.text) referenced from startup_stm32f2xx.o(RESET)
 <LI><a href="#[3f]">RTC_WKUP_IRQHandler</a> from startup_stm32f2xx.o(.text) referenced from startup_stm32f2xx.o(RESET)
 <LI><a href="#[32]">Reset_Handler</a> from startup_stm32f2xx.o(.text) referenced from startup_stm32f2xx.o(RESET)
 <LI><a href="#[6d]">SDIO_IRQHandler</a> from startup_stm32f2xx.o(.text) referenced from startup_stm32f2xx.o(RESET)
 <LI><a href="#[5f]">SPI1_IRQHandler</a> from startup_stm32f2xx.o(.text) referenced from startup_stm32f2xx.o(RESET)
 <LI><a href="#[60]">SPI2_IRQHandler</a> from startup_stm32f2xx.o(.text) referenced from startup_stm32f2xx.o(RESET)
 <LI><a href="#[6f]">SPI3_IRQHandler</a> from startup_stm32f2xx.o(.text) referenced from startup_stm32f2xx.o(RESET)
 <LI><a href="#[38]">SVC_Handler</a> from stm32f2xx_it.o(i.SVC_Handler) referenced from startup_stm32f2xx.o(RESET)
 <LI><a href="#[3b]">SysTick_Handler</a> from stm32f2xx_it.o(i.SysTick_Handler) referenced from startup_stm32f2xx.o(RESET)
 <LI><a href="#[8d]">SystemInit</a> from system_stm32f2xx.o(i.SystemInit) referenced from startup_stm32f2xx.o(.text)
 <LI><a href="#[3e]">TAMP_STAMP_IRQHandler</a> from startup_stm32f2xx.o(.text) referenced from startup_stm32f2xx.o(RESET)
 <LI><a href="#[54]">TIM1_BRK_TIM9_IRQHandler</a> from startup_stm32f2xx.o(.text) referenced from startup_stm32f2xx.o(RESET)
 <LI><a href="#[57]">TIM1_CC_IRQHandler</a> from startup_stm32f2xx.o(.text) referenced from startup_stm32f2xx.o(RESET)
 <LI><a href="#[56]">TIM1_TRG_COM_TIM11_IRQHandler</a> from startup_stm32f2xx.o(.text) referenced from startup_stm32f2xx.o(RESET)
 <LI><a href="#[55]">TIM1_UP_TIM10_IRQHandler</a> from startup_stm32f2xx.o(.text) referenced from startup_stm32f2xx.o(RESET)
 <LI><a href="#[58]">TIM2_IRQHandler</a> from startup_stm32f2xx.o(.text) referenced from startup_stm32f2xx.o(RESET)
 <LI><a href="#[59]">TIM3_IRQHandler</a> from startup_stm32f2xx.o(.text) referenced from startup_stm32f2xx.o(RESET)
 <LI><a href="#[5a]">TIM4_IRQHandler</a> from startup_stm32f2xx.o(.text) referenced from startup_stm32f2xx.o(RESET)
 <LI><a href="#[6e]">TIM5_IRQHandler</a> from startup_stm32f2xx.o(.text) referenced from startup_stm32f2xx.o(RESET)
 <LI><a href="#[72]">TIM6_DAC_IRQHandler</a> from startup_stm32f2xx.o(.text) referenced from startup_stm32f2xx.o(RESET)
 <LI><a href="#[73]">TIM7_IRQHandler</a> from startup_stm32f2xx.o(.text) referenced from startup_stm32f2xx.o(RESET)
 <LI><a href="#[67]">TIM8_BRK_TIM12_IRQHandler</a> from startup_stm32f2xx.o(.text) referenced from startup_stm32f2xx.o(RESET)
 <LI><a href="#[6a]">TIM8_CC_IRQHandler</a> from startup_stm32f2xx.o(.text) referenced from startup_stm32f2xx.o(RESET)
 <LI><a href="#[69]">TIM8_TRG_COM_TIM14_IRQHandler</a> from startup_stm32f2xx.o(.text) referenced from startup_stm32f2xx.o(RESET)
 <LI><a href="#[68]">TIM8_UP_TIM13_IRQHandler</a> from startup_stm32f2xx.o(.text) referenced from startup_stm32f2xx.o(RESET)
 <LI><a href="#[70]">UART4_IRQHandler</a> from stm32f2xx_it.o(i.UART4_IRQHandler) referenced from startup_stm32f2xx.o(RESET)
 <LI><a href="#[71]">UART5_IRQHandler</a> from startup_stm32f2xx.o(.text) referenced from startup_stm32f2xx.o(RESET)
 <LI><a href="#[61]">USART1_IRQHandler</a> from startup_stm32f2xx.o(.text) referenced from startup_stm32f2xx.o(RESET)
 <LI><a href="#[62]">USART2_IRQHandler</a> from startup_stm32f2xx.o(.text) referenced from startup_stm32f2xx.o(RESET)
 <LI><a href="#[63]">USART3_IRQHandler</a> from startup_stm32f2xx.o(.text) referenced from startup_stm32f2xx.o(RESET)
 <LI><a href="#[83]">USART6_IRQHandler</a> from startup_stm32f2xx.o(.text) referenced from startup_stm32f2xx.o(RESET)
 <LI><a href="#[37]">UsageFault_Handler</a> from stm32f2xx_it.o(i.UsageFault_Handler) referenced from startup_stm32f2xx.o(RESET)
 <LI><a href="#[3c]">WWDG_IRQHandler</a> from startup_stm32f2xx.o(.text) referenced from startup_stm32f2xx.o(RESET)
 <LI><a href="#[9a]">__main</a> from __main.o(!!!main) referenced from startup_stm32f2xx.o(.text)
 <LI><a href="#[90]">_printf_input_char</a> from _printf_char_common.o(.text) referenced from _printf_char_common.o(.text)
 <LI><a href="#[8f]">_sputc</a> from _sputc.o(.text) referenced from noretval__2sprintf.o(.text)
 <LI><a href="#[98]">handler_device_communication_control</a> from h_dcc.o(i.handler_device_communication_control) referenced from bacnet.o(i.bacnet_init)
 <LI><a href="#[94]">handler_read_property</a> from h_rp.o(i.handler_read_property) referenced from bacnet.o(i.bacnet_init)
 <LI><a href="#[99]">handler_read_property_ack</a> from h_rp_a.o(i.handler_read_property_ack) referenced from bacnet.o(i.bacnet_init)
 <LI><a href="#[95]">handler_read_property_multiple</a> from h_rpm.o(i.handler_read_property_multiple) referenced from bacnet.o(i.bacnet_init)
 <LI><a href="#[96]">handler_reinitialize_device</a> from h_rd.o(i.handler_reinitialize_device) referenced from bacnet.o(i.bacnet_init)
 <LI><a href="#[91]">handler_unrecognized_service</a> from noserv.o(i.handler_unrecognized_service) referenced from bacnet.o(i.bacnet_init)
 <LI><a href="#[93]">handler_who_has</a> from h_whohas.o(i.handler_who_has) referenced from bacnet.o(i.bacnet_init)
 <LI><a href="#[92]">handler_who_is</a> from h_whois.o(i.handler_who_is) referenced from bacnet.o(i.bacnet_init)
 <LI><a href="#[97]">handler_write_property</a> from h_wp.o(i.handler_write_property) referenced from bacnet.o(i.bacnet_init)
</UL>
<P>
<H3>
Global Symbols
</H3>
<P><STRONG><a name="[9a]"></a>__main</STRONG> (Thumb, 8 bytes, Stack size 0 bytes, __main.o(!!!main))
<BR><BR>[Calls]<UL><LI><a href="#[9c]">&gt;&gt;</a>&nbsp;&nbsp;&nbsp;__rt_entry
<LI><a href="#[9b]">&gt;&gt;</a>&nbsp;&nbsp;&nbsp;__scatterload
</UL>

<P><STRONG><a name="[9b]"></a>__scatterload</STRONG> (Thumb, 0 bytes, Stack size unknown bytes, __scatter.o(!!!scatter))
<BR><BR>[Called By]<UL><LI><a href="#[9a]">&gt;&gt;</a>&nbsp;&nbsp;&nbsp;__main
</UL>

<P><STRONG><a name="[9d]"></a>__scatterload_rt2</STRONG> (Thumb, 44 bytes, Stack size unknown bytes, __scatter.o(!!!scatter), UNUSED)
<BR><BR>[Calls]<UL><LI><a href="#[9c]">&gt;&gt;</a>&nbsp;&nbsp;&nbsp;__rt_entry
</UL>

<P><STRONG><a name="[1cf]"></a>__scatterload_rt2_thumb_only</STRONG> (Thumb, 0 bytes, Stack size unknown bytes, __scatter.o(!!!scatter), UNUSED)

<P><STRONG><a name="[1d0]"></a>__scatterload_null</STRONG> (Thumb, 0 bytes, Stack size unknown bytes, __scatter.o(!!!scatter), UNUSED)

<P><STRONG><a name="[1d1]"></a>__decompress</STRONG> (Thumb, 90 bytes, Stack size unknown bytes, __dczerorl2.o(!!dczerorl2), UNUSED)

<P><STRONG><a name="[1d2]"></a>__decompress1</STRONG> (Thumb, 0 bytes, Stack size unknown bytes, __dczerorl2.o(!!dczerorl2), UNUSED)

<P><STRONG><a name="[1d3]"></a>__scatterload_zeroinit</STRONG> (Thumb, 28 bytes, Stack size unknown bytes, __scatter_zi.o(!!handler_zi), UNUSED)

<P><STRONG><a name="[b1]"></a>_printf_percent</STRONG> (Thumb, 0 bytes, Stack size unknown bytes, _printf_percent.o(.ARM.Collect$$_printf_percent$$00000000))
<BR><BR>[Called By]<UL><LI><a href="#[b0]">&gt;&gt;</a>&nbsp;&nbsp;&nbsp;__printf
</UL>

<P><STRONG><a name="[9e]"></a>_printf_u</STRONG> (Thumb, 0 bytes, Stack size unknown bytes, _printf_u.o(.ARM.Collect$$_printf_percent$$0000000A))
<BR><BR>[Stack]<UL><LI>Max Depth = 56 + Unknown Stack Size
<LI>Call Chain = _printf_u &rArr; _printf_int_dec &rArr; _printf_int_common
</UL>
<BR>[Calls]<UL><LI><a href="#[9f]">&gt;&gt;</a>&nbsp;&nbsp;&nbsp;_printf_int_dec
</UL>

<P><STRONG><a name="[1d4]"></a>_printf_percent_end</STRONG> (Thumb, 0 bytes, Stack size unknown bytes, _printf_percent_end.o(.ARM.Collect$$_printf_percent$$00000017))

<P><STRONG><a name="[a5]"></a>__rt_lib_init</STRONG> (Thumb, 0 bytes, Stack size unknown bytes, libinit.o(.ARM.Collect$$libinit$$00000000))
<BR><BR>[Called By]<UL><LI><a href="#[a4]">&gt;&gt;</a>&nbsp;&nbsp;&nbsp;__rt_entry_li
</UL>

<P><STRONG><a name="[1d5]"></a>__rt_lib_init_fp_1</STRONG> (Thumb, 0 bytes, Stack size unknown bytes, libinit2.o(.ARM.Collect$$libinit$$00000002))

<P><STRONG><a name="[1d6]"></a>__rt_lib_init_heap_1</STRONG> (Thumb, 0 bytes, Stack size unknown bytes, libinit2.o(.ARM.Collect$$libinit$$00000008))

<P><STRONG><a name="[a0]"></a>__rt_lib_init_rand_2</STRONG> (Thumb, 0 bytes, Stack size unknown bytes, libinit2.o(.ARM.Collect$$libinit$$0000000B))
<BR><BR>[Stack]<UL><LI>Max Depth = 8 + Unknown Stack Size
<LI>Call Chain = __rt_lib_init_rand_2 &rArr; _rand_init &rArr; srand
</UL>
<BR>[Calls]<UL><LI><a href="#[a1]">&gt;&gt;</a>&nbsp;&nbsp;&nbsp;_rand_init
</UL>

<P><STRONG><a name="[1d7]"></a>__rt_lib_init_user_alloc_1</STRONG> (Thumb, 0 bytes, Stack size unknown bytes, libinit2.o(.ARM.Collect$$libinit$$0000000A))

<P><STRONG><a name="[1d8]"></a>__rt_lib_init_alloca_1</STRONG> (Thumb, 0 bytes, Stack size unknown bytes, libinit2.o(.ARM.Collect$$libinit$$0000002C))

<P><STRONG><a name="[1d9]"></a>__rt_lib_init_argv_1</STRONG> (Thumb, 0 bytes, Stack size unknown bytes, libinit2.o(.ARM.Collect$$libinit$$0000002A))

<P><STRONG><a name="[1da]"></a>__rt_lib_init_atexit_1</STRONG> (Thumb, 0 bytes, Stack size unknown bytes, libinit2.o(.ARM.Collect$$libinit$$00000019))

<P><STRONG><a name="[1db]"></a>__rt_lib_init_clock_1</STRONG> (Thumb, 0 bytes, Stack size unknown bytes, libinit2.o(.ARM.Collect$$libinit$$0000001F))

<P><STRONG><a name="[1dc]"></a>__rt_lib_init_cpp_1</STRONG> (Thumb, 0 bytes, Stack size unknown bytes, libinit2.o(.ARM.Collect$$libinit$$00000030))

<P><STRONG><a name="[1dd]"></a>__rt_lib_init_exceptions_1</STRONG> (Thumb, 0 bytes, Stack size unknown bytes, libinit2.o(.ARM.Collect$$libinit$$0000002E))

<P><STRONG><a name="[1de]"></a>__rt_lib_init_fp_trap_1</STRONG> (Thumb, 0 bytes, Stack size unknown bytes, libinit2.o(.ARM.Collect$$libinit$$0000001D))

<P><STRONG><a name="[1df]"></a>__rt_lib_init_getenv_1</STRONG> (Thumb, 0 bytes, Stack size unknown bytes, libinit2.o(.ARM.Collect$$libinit$$00000021))

<P><STRONG><a name="[1e0]"></a>__rt_lib_init_lc_collate_1</STRONG> (Thumb, 0 bytes, Stack size unknown bytes, libinit2.o(.ARM.Collect$$libinit$$0000000F))

<P><STRONG><a name="[1e1]"></a>__rt_lib_init_lc_ctype_1</STRONG> (Thumb, 0 bytes, Stack size unknown bytes, libinit2.o(.ARM.Collect$$libinit$$00000011))

<P><STRONG><a name="[1e2]"></a>__rt_lib_init_lc_monetary_1</STRONG> (Thumb, 0 bytes, Stack size unknown bytes, libinit2.o(.ARM.Collect$$libinit$$00000013))

<P><STRONG><a name="[1e3]"></a>__rt_lib_init_lc_numeric_1</STRONG> (Thumb, 0 bytes, Stack size unknown bytes, libinit2.o(.ARM.Collect$$libinit$$00000015))

<P><STRONG><a name="[1e4]"></a>__rt_lib_init_lc_time_1</STRONG> (Thumb, 0 bytes, Stack size unknown bytes, libinit2.o(.ARM.Collect$$libinit$$00000017))

<P><STRONG><a name="[1e5]"></a>__rt_lib_init_rand_1</STRONG> (Thumb, 0 bytes, Stack size unknown bytes, libinit2.o(.ARM.Collect$$libinit$$0000000C))

<P><STRONG><a name="[1e6]"></a>__rt_lib_init_return</STRONG> (Thumb, 0 bytes, Stack size unknown bytes, libinit2.o(.ARM.Collect$$libinit$$00000031))

<P><STRONG><a name="[1e7]"></a>__rt_lib_init_signal_1</STRONG> (Thumb, 0 bytes, Stack size unknown bytes, libinit2.o(.ARM.Collect$$libinit$$0000001B))

<P><STRONG><a name="[1e8]"></a>__rt_lib_init_stdio_1</STRONG> (Thumb, 0 bytes, Stack size unknown bytes, libinit2.o(.ARM.Collect$$libinit$$00000023))

<P><STRONG><a name="[aa]"></a>__rt_lib_shutdown</STRONG> (Thumb, 0 bytes, Stack size unknown bytes, libshutdown.o(.ARM.Collect$$libshutdown$$00000000))
<BR><BR>[Called By]<UL><LI><a href="#[a9]">&gt;&gt;</a>&nbsp;&nbsp;&nbsp;__rt_exit_ls
</UL>

<P><STRONG><a name="[1e9]"></a>__rt_lib_shutdown_fp_trap_1</STRONG> (Thumb, 0 bytes, Stack size unknown bytes, libshutdown2.o(.ARM.Collect$$libshutdown$$00000006))

<P><STRONG><a name="[1ea]"></a>__rt_lib_shutdown_heap_1</STRONG> (Thumb, 0 bytes, Stack size unknown bytes, libshutdown2.o(.ARM.Collect$$libshutdown$$0000000E))

<P><STRONG><a name="[1eb]"></a>__rt_lib_shutdown_return</STRONG> (Thumb, 0 bytes, Stack size unknown bytes, libshutdown2.o(.ARM.Collect$$libshutdown$$0000000F))

<P><STRONG><a name="[1ec]"></a>__rt_lib_shutdown_signal_1</STRONG> (Thumb, 0 bytes, Stack size unknown bytes, libshutdown2.o(.ARM.Collect$$libshutdown$$00000009))

<P><STRONG><a name="[1ed]"></a>__rt_lib_shutdown_stdio_1</STRONG> (Thumb, 0 bytes, Stack size unknown bytes, libshutdown2.o(.ARM.Collect$$libshutdown$$00000003))

<P><STRONG><a name="[1ee]"></a>__rt_lib_shutdown_user_alloc_1</STRONG> (Thumb, 0 bytes, Stack size unknown bytes, libshutdown2.o(.ARM.Collect$$libshutdown$$0000000B))

<P><STRONG><a name="[9c]"></a>__rt_entry</STRONG> (Thumb, 0 bytes, Stack size unknown bytes, rtentry.o(.ARM.Collect$$rtentry$$00000000))
<BR><BR>[Called By]<UL><LI><a href="#[9a]">&gt;&gt;</a>&nbsp;&nbsp;&nbsp;__main
<LI><a href="#[9d]">&gt;&gt;</a>&nbsp;&nbsp;&nbsp;__scatterload_rt2
</UL>

<P><STRONG><a name="[1ef]"></a>__rt_entry_presh_1</STRONG> (Thumb, 0 bytes, Stack size unknown bytes, rtentry2.o(.ARM.Collect$$rtentry$$00000002))

<P><STRONG><a name="[a2]"></a>__rt_entry_sh</STRONG> (Thumb, 0 bytes, Stack size unknown bytes, rtentry4.o(.ARM.Collect$$rtentry$$00000004))
<BR><BR>[Stack]<UL><LI>Max Depth = 8 + Unknown Stack Size
<LI>Call Chain = __rt_entry_sh &rArr; __user_setup_stackheap
</UL>
<BR>[Calls]<UL><LI><a href="#[a3]">&gt;&gt;</a>&nbsp;&nbsp;&nbsp;__user_setup_stackheap
</UL>

<P><STRONG><a name="[a4]"></a>__rt_entry_li</STRONG> (Thumb, 0 bytes, Stack size unknown bytes, rtentry2.o(.ARM.Collect$$rtentry$$0000000A))
<BR><BR>[Calls]<UL><LI><a href="#[a5]">&gt;&gt;</a>&nbsp;&nbsp;&nbsp;__rt_lib_init
</UL>

<P><STRONG><a name="[1f0]"></a>__rt_entry_postsh_1</STRONG> (Thumb, 0 bytes, Stack size unknown bytes, rtentry2.o(.ARM.Collect$$rtentry$$00000009))

<P><STRONG><a name="[a6]"></a>__rt_entry_main</STRONG> (Thumb, 0 bytes, Stack size unknown bytes, rtentry2.o(.ARM.Collect$$rtentry$$0000000D))
<BR><BR>[Stack]<UL><LI>Max Depth = 400 + Unknown Stack Size
<LI>Call Chain = __rt_entry_main &rArr; main &rArr; bacnet_task &rArr; dlmstp_receive &rArr; MSTP_Master_Node_FSM &rArr; dlmstp_compare_data_expecting_reply &rArr; npdu_decode
</UL>
<BR>[Calls]<UL><LI><a href="#[a7]">&gt;&gt;</a>&nbsp;&nbsp;&nbsp;main
<LI><a href="#[a8]">&gt;&gt;</a>&nbsp;&nbsp;&nbsp;exit
</UL>

<P><STRONG><a name="[1f1]"></a>__rt_entry_postli_1</STRONG> (Thumb, 0 bytes, Stack size unknown bytes, rtentry2.o(.ARM.Collect$$rtentry$$0000000C))

<P><STRONG><a name="[b7]"></a>__rt_exit</STRONG> (Thumb, 0 bytes, Stack size unknown bytes, rtexit.o(.ARM.Collect$$rtexit$$00000000))
<BR><BR>[Called By]<UL><LI><a href="#[a8]">&gt;&gt;</a>&nbsp;&nbsp;&nbsp;exit
</UL>

<P><STRONG><a name="[a9]"></a>__rt_exit_ls</STRONG> (Thumb, 0 bytes, Stack size unknown bytes, rtexit2.o(.ARM.Collect$$rtexit$$00000003))
<BR><BR>[Calls]<UL><LI><a href="#[aa]">&gt;&gt;</a>&nbsp;&nbsp;&nbsp;__rt_lib_shutdown
</UL>

<P><STRONG><a name="[1f2]"></a>__rt_exit_prels_1</STRONG> (Thumb, 0 bytes, Stack size unknown bytes, rtexit2.o(.ARM.Collect$$rtexit$$00000002))

<P><STRONG><a name="[ab]"></a>__rt_exit_exit</STRONG> (Thumb, 0 bytes, Stack size unknown bytes, rtexit2.o(.ARM.Collect$$rtexit$$00000004))
<BR><BR>[Calls]<UL><LI><a href="#[ac]">&gt;&gt;</a>&nbsp;&nbsp;&nbsp;_sys_exit
</UL>

<P><STRONG><a name="[149]"></a>rand</STRONG> (Thumb, 48 bytes, Stack size 0 bytes, rand.o(.emb_text))
<BR><BR>[Called By]<UL><LI><a href="#[14d]">&gt;&gt;</a>&nbsp;&nbsp;&nbsp;automac_free_address_random
<LI><a href="#[148]">&gt;&gt;</a>&nbsp;&nbsp;&nbsp;automac_address_init
</UL>

<P><STRONG><a name="[32]"></a>Reset_Handler</STRONG> (Thumb, 8 bytes, Stack size 0 bytes, startup_stm32f2xx.o(.text))
<BR>[Address Reference Count : 1]<UL><LI> startup_stm32f2xx.o(RESET)
</UL>
<P><STRONG><a name="[4e]"></a>ADC_IRQHandler</STRONG> (Thumb, 0 bytes, Stack size 0 bytes, startup_stm32f2xx.o(.text))
<BR><BR>[Calls]<UL><LI><a href="#[4e]">&gt;&gt;</a>&nbsp;&nbsp;&nbsp;ADC_IRQHandler
</UL>
<BR>[Called By]<UL><LI><a href="#[4e]">&gt;&gt;</a>&nbsp;&nbsp;&nbsp;ADC_IRQHandler
</UL>
<BR>[Address Reference Count : 1]<UL><LI> startup_stm32f2xx.o(RESET)
</UL>
<P><STRONG><a name="[50]"></a>CAN1_RX0_IRQHandler</STRONG> (Thumb, 0 bytes, Stack size 0 bytes, startup_stm32f2xx.o(.text))
<BR>[Address Reference Count : 1]<UL><LI> startup_stm32f2xx.o(RESET)
</UL>
<P><STRONG><a name="[51]"></a>CAN1_RX1_IRQHandler</STRONG> (Thumb, 0 bytes, Stack size 0 bytes, startup_stm32f2xx.o(.text))
<BR>[Address Reference Count : 1]<UL><LI> startup_stm32f2xx.o(RESET)
</UL>
<P><STRONG><a name="[52]"></a>CAN1_SCE_IRQHandler</STRONG> (Thumb, 0 bytes, Stack size 0 bytes, startup_stm32f2xx.o(.text))
<BR>[Address Reference Count : 1]<UL><LI> startup_stm32f2xx.o(RESET)
</UL>
<P><STRONG><a name="[4f]"></a>CAN1_TX_IRQHandler</STRONG> (Thumb, 0 bytes, Stack size 0 bytes, startup_stm32f2xx.o(.text))
<BR>[Address Reference Count : 1]<UL><LI> startup_stm32f2xx.o(RESET)
</UL>
<P><STRONG><a name="[7c]"></a>CAN2_RX0_IRQHandler</STRONG> (Thumb, 0 bytes, Stack size 0 bytes, startup_stm32f2xx.o(.text))
<BR>[Address Reference Count : 1]<UL><LI> startup_stm32f2xx.o(RESET)
</UL>
<P><STRONG><a name="[7d]"></a>CAN2_RX1_IRQHandler</STRONG> (Thumb, 0 bytes, Stack size 0 bytes, startup_stm32f2xx.o(.text))
<BR>[Address Reference Count : 1]<UL><LI> startup_stm32f2xx.o(RESET)
</UL>
<P><STRONG><a name="[7e]"></a>CAN2_SCE_IRQHandler</STRONG> (Thumb, 0 bytes, Stack size 0 bytes, startup_stm32f2xx.o(.text))
<BR>[Address Reference Count : 1]<UL><LI> startup_stm32f2xx.o(RESET)
</UL>
<P><STRONG><a name="[7b]"></a>CAN2_TX_IRQHandler</STRONG> (Thumb, 0 bytes, Stack size 0 bytes, startup_stm32f2xx.o(.text))
<BR>[Address Reference Count : 1]<UL><LI> startup_stm32f2xx.o(RESET)
</UL>
<P><STRONG><a name="[8b]"></a>CRYP_IRQHandler</STRONG> (Thumb, 0 bytes, Stack size 0 bytes, startup_stm32f2xx.o(.text))
<BR>[Address Reference Count : 1]<UL><LI> startup_stm32f2xx.o(RESET)
</UL>
<P><STRONG><a name="[8a]"></a>DCMI_IRQHandler</STRONG> (Thumb, 0 bytes, Stack size 0 bytes, startup_stm32f2xx.o(.text))
<BR>[Address Reference Count : 1]<UL><LI> startup_stm32f2xx.o(RESET)
</UL>
<P><STRONG><a name="[47]"></a>DMA1_Stream0_IRQHandler</STRONG> (Thumb, 0 bytes, Stack size 0 bytes, startup_stm32f2xx.o(.text))
<BR>[Address Reference Count : 1]<UL><LI> startup_stm32f2xx.o(RESET)
</UL>
<P><STRONG><a name="[48]"></a>DMA1_Stream1_IRQHandler</STRONG> (Thumb, 0 bytes, Stack size 0 bytes, startup_stm32f2xx.o(.text))
<BR>[Address Reference Count : 1]<UL><LI> startup_stm32f2xx.o(RESET)
</UL>
<P><STRONG><a name="[49]"></a>DMA1_Stream2_IRQHandler</STRONG> (Thumb, 0 bytes, Stack size 0 bytes, startup_stm32f2xx.o(.text))
<BR>[Address Reference Count : 1]<UL><LI> startup_stm32f2xx.o(RESET)
</UL>
<P><STRONG><a name="[4a]"></a>DMA1_Stream3_IRQHandler</STRONG> (Thumb, 0 bytes, Stack size 0 bytes, startup_stm32f2xx.o(.text))
<BR>[Address Reference Count : 1]<UL><LI> startup_stm32f2xx.o(RESET)
</UL>
<P><STRONG><a name="[4b]"></a>DMA1_Stream4_IRQHandler</STRONG> (Thumb, 0 bytes, Stack size 0 bytes, startup_stm32f2xx.o(.text))
<BR>[Address Reference Count : 1]<UL><LI> startup_stm32f2xx.o(RESET)
</UL>
<P><STRONG><a name="[4c]"></a>DMA1_Stream5_IRQHandler</STRONG> (Thumb, 0 bytes, Stack size 0 bytes, startup_stm32f2xx.o(.text))
<BR>[Address Reference Count : 1]<UL><LI> startup_stm32f2xx.o(RESET)
</UL>
<P><STRONG><a name="[4d]"></a>DMA1_Stream6_IRQHandler</STRONG> (Thumb, 0 bytes, Stack size 0 bytes, startup_stm32f2xx.o(.text))
<BR>[Address Reference Count : 1]<UL><LI> startup_stm32f2xx.o(RESET)
</UL>
<P><STRONG><a name="[6b]"></a>DMA1_Stream7_IRQHandler</STRONG> (Thumb, 0 bytes, Stack size 0 bytes, startup_stm32f2xx.o(.text))
<BR>[Address Reference Count : 1]<UL><LI> startup_stm32f2xx.o(RESET)
</UL>
<P><STRONG><a name="[74]"></a>DMA2_Stream0_IRQHandler</STRONG> (Thumb, 0 bytes, Stack size 0 bytes, startup_stm32f2xx.o(.text))
<BR>[Address Reference Count : 1]<UL><LI> startup_stm32f2xx.o(RESET)
</UL>
<P><STRONG><a name="[75]"></a>DMA2_Stream1_IRQHandler</STRONG> (Thumb, 0 bytes, Stack size 0 bytes, startup_stm32f2xx.o(.text))
<BR>[Address Reference Count : 1]<UL><LI> startup_stm32f2xx.o(RESET)
</UL>
<P><STRONG><a name="[76]"></a>DMA2_Stream2_IRQHandler</STRONG> (Thumb, 0 bytes, Stack size 0 bytes, startup_stm32f2xx.o(.text))
<BR>[Address Reference Count : 1]<UL><LI> startup_stm32f2xx.o(RESET)
</UL>
<P><STRONG><a name="[77]"></a>DMA2_Stream3_IRQHandler</STRONG> (Thumb, 0 bytes, Stack size 0 bytes, startup_stm32f2xx.o(.text))
<BR>[Address Reference Count : 1]<UL><LI> startup_stm32f2xx.o(RESET)
</UL>
<P><STRONG><a name="[78]"></a>DMA2_Stream4_IRQHandler</STRONG> (Thumb, 0 bytes, Stack size 0 bytes, startup_stm32f2xx.o(.text))
<BR>[Address Reference Count : 1]<UL><LI> startup_stm32f2xx.o(RESET)
</UL>
<P><STRONG><a name="[80]"></a>DMA2_Stream5_IRQHandler</STRONG> (Thumb, 0 bytes, Stack size 0 bytes, startup_stm32f2xx.o(.text))
<BR>[Address Reference Count : 1]<UL><LI> startup_stm32f2xx.o(RESET)
</UL>
<P><STRONG><a name="[81]"></a>DMA2_Stream6_IRQHandler</STRONG> (Thumb, 0 bytes, Stack size 0 bytes, startup_stm32f2xx.o(.text))
<BR>[Address Reference Count : 1]<UL><LI> startup_stm32f2xx.o(RESET)
</UL>
<P><STRONG><a name="[82]"></a>DMA2_Stream7_IRQHandler</STRONG> (Thumb, 0 bytes, Stack size 0 bytes, startup_stm32f2xx.o(.text))
<BR>[Address Reference Count : 1]<UL><LI> startup_stm32f2xx.o(RESET)
</UL>
<P><STRONG><a name="[79]"></a>ETH_IRQHandler</STRONG> (Thumb, 0 bytes, Stack size 0 bytes, startup_stm32f2xx.o(.text))
<BR>[Address Reference Count : 1]<UL><LI> startup_stm32f2xx.o(RESET)
</UL>
<P><STRONG><a name="[7a]"></a>ETH_WKUP_IRQHandler</STRONG> (Thumb, 0 bytes, Stack size 0 bytes, startup_stm32f2xx.o(.text))
<BR>[Address Reference Count : 1]<UL><LI> startup_stm32f2xx.o(RESET)
</UL>
<P><STRONG><a name="[42]"></a>EXTI0_IRQHandler</STRONG> (Thumb, 0 bytes, Stack size 0 bytes, startup_stm32f2xx.o(.text))
<BR>[Address Reference Count : 1]<UL><LI> startup_stm32f2xx.o(RESET)
</UL>
<P><STRONG><a name="[64]"></a>EXTI15_10_IRQHandler</STRONG> (Thumb, 0 bytes, Stack size 0 bytes, startup_stm32f2xx.o(.text))
<BR>[Address Reference Count : 1]<UL><LI> startup_stm32f2xx.o(RESET)
</UL>
<P><STRONG><a name="[43]"></a>EXTI1_IRQHandler</STRONG> (Thumb, 0 bytes, Stack size 0 bytes, startup_stm32f2xx.o(.text))
<BR>[Address Reference Count : 1]<UL><LI> startup_stm32f2xx.o(RESET)
</UL>
<P><STRONG><a name="[44]"></a>EXTI2_IRQHandler</STRONG> (Thumb, 0 bytes, Stack size 0 bytes, startup_stm32f2xx.o(.text))
<BR>[Address Reference Count : 1]<UL><LI> startup_stm32f2xx.o(RESET)
</UL>
<P><STRONG><a name="[45]"></a>EXTI3_IRQHandler</STRONG> (Thumb, 0 bytes, Stack size 0 bytes, startup_stm32f2xx.o(.text))
<BR>[Address Reference Count : 1]<UL><LI> startup_stm32f2xx.o(RESET)
</UL>
<P><STRONG><a name="[46]"></a>EXTI4_IRQHandler</STRONG> (Thumb, 0 bytes, Stack size 0 bytes, startup_stm32f2xx.o(.text))
<BR>[Address Reference Count : 1]<UL><LI> startup_stm32f2xx.o(RESET)
</UL>
<P><STRONG><a name="[53]"></a>EXTI9_5_IRQHandler</STRONG> (Thumb, 0 bytes, Stack size 0 bytes, startup_stm32f2xx.o(.text))
<BR>[Address Reference Count : 1]<UL><LI> startup_stm32f2xx.o(RESET)
</UL>
<P><STRONG><a name="[40]"></a>FLASH_IRQHandler</STRONG> (Thumb, 0 bytes, Stack size 0 bytes, startup_stm32f2xx.o(.text))
<BR>[Address Reference Count : 1]<UL><LI> startup_stm32f2xx.o(RESET)
</UL>
<P><STRONG><a name="[6c]"></a>FSMC_IRQHandler</STRONG> (Thumb, 0 bytes, Stack size 0 bytes, startup_stm32f2xx.o(.text))
<BR>[Address Reference Count : 1]<UL><LI> startup_stm32f2xx.o(RESET)
</UL>
<P><STRONG><a name="[8c]"></a>HASH_RNG_IRQHandler</STRONG> (Thumb, 0 bytes, Stack size 0 bytes, startup_stm32f2xx.o(.text))
<BR>[Address Reference Count : 1]<UL><LI> startup_stm32f2xx.o(RESET)
</UL>
<P><STRONG><a name="[5c]"></a>I2C1_ER_IRQHandler</STRONG> (Thumb, 0 bytes, Stack size 0 bytes, startup_stm32f2xx.o(.text))
<BR>[Address Reference Count : 1]<UL><LI> startup_stm32f2xx.o(RESET)
</UL>
<P><STRONG><a name="[5b]"></a>I2C1_EV_IRQHandler</STRONG> (Thumb, 0 bytes, Stack size 0 bytes, startup_stm32f2xx.o(.text))
<BR>[Address Reference Count : 1]<UL><LI> startup_stm32f2xx.o(RESET)
</UL>
<P><STRONG><a name="[5e]"></a>I2C2_ER_IRQHandler</STRONG> (Thumb, 0 bytes, Stack size 0 bytes, startup_stm32f2xx.o(.text))
<BR>[Address Reference Count : 1]<UL><LI> startup_stm32f2xx.o(RESET)
</UL>
<P><STRONG><a name="[5d]"></a>I2C2_EV_IRQHandler</STRONG> (Thumb, 0 bytes, Stack size 0 bytes, startup_stm32f2xx.o(.text))
<BR>[Address Reference Count : 1]<UL><LI> startup_stm32f2xx.o(RESET)
</UL>
<P><STRONG><a name="[85]"></a>I2C3_ER_IRQHandler</STRONG> (Thumb, 0 bytes, Stack size 0 bytes, startup_stm32f2xx.o(.text))
<BR>[Address Reference Count : 1]<UL><LI> startup_stm32f2xx.o(RESET)
</UL>
<P><STRONG><a name="[84]"></a>I2C3_EV_IRQHandler</STRONG> (Thumb, 0 bytes, Stack size 0 bytes, startup_stm32f2xx.o(.text))
<BR>[Address Reference Count : 1]<UL><LI> startup_stm32f2xx.o(RESET)
</UL>
<P><STRONG><a name="[7f]"></a>OTG_FS_IRQHandler</STRONG> (Thumb, 0 bytes, Stack size 0 bytes, startup_stm32f2xx.o(.text))
<BR>[Address Reference Count : 1]<UL><LI> startup_stm32f2xx.o(RESET)
</UL>
<P><STRONG><a name="[66]"></a>OTG_FS_WKUP_IRQHandler</STRONG> (Thumb, 0 bytes, Stack size 0 bytes, startup_stm32f2xx.o(.text))
<BR>[Address Reference Count : 1]<UL><LI> startup_stm32f2xx.o(RESET)
</UL>
<P><STRONG><a name="[87]"></a>OTG_HS_EP1_IN_IRQHandler</STRONG> (Thumb, 0 bytes, Stack size 0 bytes, startup_stm32f2xx.o(.text))
<BR>[Address Reference Count : 1]<UL><LI> startup_stm32f2xx.o(RESET)
</UL>
<P><STRONG><a name="[86]"></a>OTG_HS_EP1_OUT_IRQHandler</STRONG> (Thumb, 0 bytes, Stack size 0 bytes, startup_stm32f2xx.o(.text))
<BR>[Address Reference Count : 1]<UL><LI> startup_stm32f2xx.o(RESET)
</UL>
<P><STRONG><a name="[89]"></a>OTG_HS_IRQHandler</STRONG> (Thumb, 0 bytes, Stack size 0 bytes, startup_stm32f2xx.o(.text))
<BR>[Address Reference Count : 1]<UL><LI> startup_stm32f2xx.o(RESET)
</UL>
<P><STRONG><a name="[88]"></a>OTG_HS_WKUP_IRQHandler</STRONG> (Thumb, 0 bytes, Stack size 0 bytes, startup_stm32f2xx.o(.text))
<BR>[Address Reference Count : 1]<UL><LI> startup_stm32f2xx.o(RESET)
</UL>
<P><STRONG><a name="[3d]"></a>PVD_IRQHandler</STRONG> (Thumb, 0 bytes, Stack size 0 bytes, startup_stm32f2xx.o(.text))
<BR>[Address Reference Count : 1]<UL><LI> startup_stm32f2xx.o(RESET)
</UL>
<P><STRONG><a name="[41]"></a>RCC_IRQHandler</STRONG> (Thumb, 0 bytes, Stack size 0 bytes, startup_stm32f2xx.o(.text))
<BR>[Address Reference Count : 1]<UL><LI> startup_stm32f2xx.o(RESET)
</UL>
<P><STRONG><a name="[65]"></a>RTC_Alarm_IRQHandler</STRONG> (Thumb, 0 bytes, Stack size 0 bytes, startup_stm32f2xx.o(.text))
<BR>[Address Reference Count : 1]<UL><LI> startup_stm32f2xx.o(RESET)
</UL>
<P><STRONG><a name="[3f]"></a>RTC_WKUP_IRQHandler</STRONG> (Thumb, 0 bytes, Stack size 0 bytes, startup_stm32f2xx.o(.text))
<BR>[Address Reference Count : 1]<UL><LI> startup_stm32f2xx.o(RESET)
</UL>
<P><STRONG><a name="[6d]"></a>SDIO_IRQHandler</STRONG> (Thumb, 0 bytes, Stack size 0 bytes, startup_stm32f2xx.o(.text))
<BR>[Address Reference Count : 1]<UL><LI> startup_stm32f2xx.o(RESET)
</UL>
<P><STRONG><a name="[5f]"></a>SPI1_IRQHandler</STRONG> (Thumb, 0 bytes, Stack size 0 bytes, startup_stm32f2xx.o(.text))
<BR>[Address Reference Count : 1]<UL><LI> startup_stm32f2xx.o(RESET)
</UL>
<P><STRONG><a name="[60]"></a>SPI2_IRQHandler</STRONG> (Thumb, 0 bytes, Stack size 0 bytes, startup_stm32f2xx.o(.text))
<BR>[Address Reference Count : 1]<UL><LI> startup_stm32f2xx.o(RESET)
</UL>
<P><STRONG><a name="[6f]"></a>SPI3_IRQHandler</STRONG> (Thumb, 0 bytes, Stack size 0 bytes, startup_stm32f2xx.o(.text))
<BR>[Address Reference Count : 1]<UL><LI> startup_stm32f2xx.o(RESET)
</UL>
<P><STRONG><a name="[3e]"></a>TAMP_STAMP_IRQHandler</STRONG> (Thumb, 0 bytes, Stack size 0 bytes, startup_stm32f2xx.o(.text))
<BR>[Address Reference Count : 1]<UL><LI> startup_stm32f2xx.o(RESET)
</UL>
<P><STRONG><a name="[54]"></a>TIM1_BRK_TIM9_IRQHandler</STRONG> (Thumb, 0 bytes, Stack size 0 bytes, startup_stm32f2xx.o(.text))
<BR>[Address Reference Count : 1]<UL><LI> startup_stm32f2xx.o(RESET)
</UL>
<P><STRONG><a name="[57]"></a>TIM1_CC_IRQHandler</STRONG> (Thumb, 0 bytes, Stack size 0 bytes, startup_stm32f2xx.o(.text))
<BR>[Address Reference Count : 1]<UL><LI> startup_stm32f2xx.o(RESET)
</UL>
<P><STRONG><a name="[56]"></a>TIM1_TRG_COM_TIM11_IRQHandler</STRONG> (Thumb, 0 bytes, Stack size 0 bytes, startup_stm32f2xx.o(.text))
<BR>[Address Reference Count : 1]<UL><LI> startup_stm32f2xx.o(RESET)
</UL>
<P><STRONG><a name="[55]"></a>TIM1_UP_TIM10_IRQHandler</STRONG> (Thumb, 0 bytes, Stack size 0 bytes, startup_stm32f2xx.o(.text))
<BR>[Address Reference Count : 1]<UL><LI> startup_stm32f2xx.o(RESET)
</UL>
<P><STRONG><a name="[58]"></a>TIM2_IRQHandler</STRONG> (Thumb, 0 bytes, Stack size 0 bytes, startup_stm32f2xx.o(.text))
<BR>[Address Reference Count : 1]<UL><LI> startup_stm32f2xx.o(RESET)
</UL>
<P><STRONG><a name="[59]"></a>TIM3_IRQHandler</STRONG> (Thumb, 0 bytes, Stack size 0 bytes, startup_stm32f2xx.o(.text))
<BR>[Address Reference Count : 1]<UL><LI> startup_stm32f2xx.o(RESET)
</UL>
<P><STRONG><a name="[5a]"></a>TIM4_IRQHandler</STRONG> (Thumb, 0 bytes, Stack size 0 bytes, startup_stm32f2xx.o(.text))
<BR>[Address Reference Count : 1]<UL><LI> startup_stm32f2xx.o(RESET)
</UL>
<P><STRONG><a name="[6e]"></a>TIM5_IRQHandler</STRONG> (Thumb, 0 bytes, Stack size 0 bytes, startup_stm32f2xx.o(.text))
<BR>[Address Reference Count : 1]<UL><LI> startup_stm32f2xx.o(RESET)
</UL>
<P><STRONG><a name="[72]"></a>TIM6_DAC_IRQHandler</STRONG> (Thumb, 0 bytes, Stack size 0 bytes, startup_stm32f2xx.o(.text))
<BR>[Address Reference Count : 1]<UL><LI> startup_stm32f2xx.o(RESET)
</UL>
<P><STRONG><a name="[73]"></a>TIM7_IRQHandler</STRONG> (Thumb, 0 bytes, Stack size 0 bytes, startup_stm32f2xx.o(.text))
<BR>[Address Reference Count : 1]<UL><LI> startup_stm32f2xx.o(RESET)
</UL>
<P><STRONG><a name="[67]"></a>TIM8_BRK_TIM12_IRQHandler</STRONG> (Thumb, 0 bytes, Stack size 0 bytes, startup_stm32f2xx.o(.text))
<BR>[Address Reference Count : 1]<UL><LI> startup_stm32f2xx.o(RESET)
</UL>
<P><STRONG><a name="[6a]"></a>TIM8_CC_IRQHandler</STRONG> (Thumb, 0 bytes, Stack size 0 bytes, startup_stm32f2xx.o(.text))
<BR>[Address Reference Count : 1]<UL><LI> startup_stm32f2xx.o(RESET)
</UL>
<P><STRONG><a name="[69]"></a>TIM8_TRG_COM_TIM14_IRQHandler</STRONG> (Thumb, 0 bytes, Stack size 0 bytes, startup_stm32f2xx.o(.text))
<BR>[Address Reference Count : 1]<UL><LI> startup_stm32f2xx.o(RESET)
</UL>
<P><STRONG><a name="[68]"></a>TIM8_UP_TIM13_IRQHandler</STRONG> (Thumb, 0 bytes, Stack size 0 bytes, startup_stm32f2xx.o(.text))
<BR>[Address Reference Count : 1]<UL><LI> startup_stm32f2xx.o(RESET)
</UL>
<P><STRONG><a name="[71]"></a>UART5_IRQHandler</STRONG> (Thumb, 0 bytes, Stack size 0 bytes, startup_stm32f2xx.o(.text))
<BR>[Address Reference Count : 1]<UL><LI> startup_stm32f2xx.o(RESET)
</UL>
<P><STRONG><a name="[61]"></a>USART1_IRQHandler</STRONG> (Thumb, 0 bytes, Stack size 0 bytes, startup_stm32f2xx.o(.text))
<BR>[Address Reference Count : 1]<UL><LI> startup_stm32f2xx.o(RESET)
</UL>
<P><STRONG><a name="[62]"></a>USART2_IRQHandler</STRONG> (Thumb, 0 bytes, Stack size 0 bytes, startup_stm32f2xx.o(.text))
<BR>[Address Reference Count : 1]<UL><LI> startup_stm32f2xx.o(RESET)
</UL>
<P><STRONG><a name="[63]"></a>USART3_IRQHandler</STRONG> (Thumb, 0 bytes, Stack size 0 bytes, startup_stm32f2xx.o(.text))
<BR>[Address Reference Count : 1]<UL><LI> startup_stm32f2xx.o(RESET)
</UL>
<P><STRONG><a name="[83]"></a>USART6_IRQHandler</STRONG> (Thumb, 0 bytes, Stack size 0 bytes, startup_stm32f2xx.o(.text))
<BR>[Address Reference Count : 1]<UL><LI> startup_stm32f2xx.o(RESET)
</UL>
<P><STRONG><a name="[3c]"></a>WWDG_IRQHandler</STRONG> (Thumb, 0 bytes, Stack size 0 bytes, startup_stm32f2xx.o(.text))
<BR>[Address Reference Count : 1]<UL><LI> startup_stm32f2xx.o(RESET)
</UL>
<P><STRONG><a name="[b6]"></a>__user_initial_stackheap</STRONG> (Thumb, 0 bytes, Stack size unknown bytes, startup_stm32f2xx.o(.text))
<BR><BR>[Called By]<UL><LI><a href="#[a3]">&gt;&gt;</a>&nbsp;&nbsp;&nbsp;__user_setup_stackheap
</UL>

<P><STRONG><a name="[ad]"></a>__2sprintf</STRONG> (Thumb, 34 bytes, Stack size 32 bytes, noretval__2sprintf.o(.text))
<BR><BR>[Stack]<UL><LI>Max Depth = 120 + Unknown Stack Size
<LI>Call Chain = __2sprintf &rArr; _printf_char_common &rArr; __printf
</UL>
<BR>[Calls]<UL><LI><a href="#[8f]">&gt;&gt;</a>&nbsp;&nbsp;&nbsp;_sputc
<LI><a href="#[ae]">&gt;&gt;</a>&nbsp;&nbsp;&nbsp;_printf_char_common
</UL>
<BR>[Called By]<UL><LI><a href="#[1e]">&gt;&gt;</a>&nbsp;&nbsp;&nbsp;Binary_Input_Object_Name
<LI><a href="#[2e]">&gt;&gt;</a>&nbsp;&nbsp;&nbsp;Analog_Output_Object_Name
<LI><a href="#[26]">&gt;&gt;</a>&nbsp;&nbsp;&nbsp;Analog_Input_Object_Name
</UL>

<P><STRONG><a name="[9f]"></a>_printf_int_dec</STRONG> (Thumb, 102 bytes, Stack size 24 bytes, _printf_dec.o(.text))
<BR><BR>[Stack]<UL><LI>Max Depth = 56<LI>Call Chain = _printf_int_dec &rArr; _printf_int_common
</UL>
<BR>[Calls]<UL><LI><a href="#[af]">&gt;&gt;</a>&nbsp;&nbsp;&nbsp;_printf_int_common
</UL>
<BR>[Called By]<UL><LI><a href="#[9e]">&gt;&gt;</a>&nbsp;&nbsp;&nbsp;_printf_u
</UL>

<P><STRONG><a name="[b0]"></a>__printf</STRONG> (Thumb, 184 bytes, Stack size 24 bytes, __printf_ss.o(.text))
<BR><BR>[Stack]<UL><LI>Max Depth = 24 + Unknown Stack Size
<LI>Call Chain = __printf
</UL>
<BR>[Calls]<UL><LI><a href="#[b1]">&gt;&gt;</a>&nbsp;&nbsp;&nbsp;_printf_percent
</UL>
<BR>[Called By]<UL><LI><a href="#[ae]">&gt;&gt;</a>&nbsp;&nbsp;&nbsp;_printf_char_common
</UL>

<P><STRONG><a name="[b2]"></a>srand</STRONG> (Thumb, 42 bytes, Stack size 8 bytes, rand.o(.text))
<BR><BR>[Stack]<UL><LI>Max Depth = 8<LI>Call Chain = srand
</UL>
<BR>[Called By]<UL><LI><a href="#[df]">&gt;&gt;</a>&nbsp;&nbsp;&nbsp;Device_Init
<LI><a href="#[a1]">&gt;&gt;</a>&nbsp;&nbsp;&nbsp;_rand_init
</UL>

<P><STRONG><a name="[a1]"></a>_rand_init</STRONG> (Thumb, 4 bytes, Stack size 0 bytes, rand.o(.text))
<BR><BR>[Stack]<UL><LI>Max Depth = 8<LI>Call Chain = _rand_init &rArr; srand
</UL>
<BR>[Calls]<UL><LI><a href="#[b2]">&gt;&gt;</a>&nbsp;&nbsp;&nbsp;srand
</UL>
<BR>[Called By]<UL><LI><a href="#[a0]">&gt;&gt;</a>&nbsp;&nbsp;&nbsp;__rt_lib_init_rand_2
</UL>

<P><STRONG><a name="[16d]"></a>strlen</STRONG> (Thumb, 62 bytes, Stack size 8 bytes, strlen.o(.text))
<BR><BR>[Stack]<UL><LI>Max Depth = 8<LI>Call Chain = strlen
</UL>
<BR>[Called By]<UL><LI><a href="#[b9]">&gt;&gt;</a>&nbsp;&nbsp;&nbsp;characterstring_init_ansi
<LI><a href="#[f4]">&gt;&gt;</a>&nbsp;&nbsp;&nbsp;characterstring_ansi_same
</UL>

<P><STRONG><a name="[1b3]"></a>__aeabi_memcpy</STRONG> (Thumb, 0 bytes, Stack size 0 bytes, rt_memcpy_v6.o(.text))
<BR><BR>[Called By]<UL><LI><a href="#[119]">&gt;&gt;</a>&nbsp;&nbsp;&nbsp;memcopy
</UL>

<P><STRONG><a name="[b3]"></a>__rt_memcpy</STRONG> (Thumb, 138 bytes, Stack size 0 bytes, rt_memcpy_v6.o(.text), UNUSED)
<BR><BR>[Calls]<UL><LI><a href="#[b4]">&gt;&gt;</a>&nbsp;&nbsp;&nbsp;__aeabi_memcpy4
</UL>

<P><STRONG><a name="[1f3]"></a>_memcpy_lastbytes</STRONG> (Thumb, 0 bytes, Stack size unknown bytes, rt_memcpy_v6.o(.text), UNUSED)

<P><STRONG><a name="[1b4]"></a>__aeabi_memclr4</STRONG> (Thumb, 0 bytes, Stack size 4 bytes, rt_memclr_w.o(.text))
<BR><BR>[Stack]<UL><LI>Max Depth = 4<LI>Call Chain = __aeabi_memclr4
</UL>
<BR>[Called By]<UL><LI><a href="#[16c]">&gt;&gt;</a>&nbsp;&nbsp;&nbsp;npdu_handler
</UL>

<P><STRONG><a name="[1f4]"></a>__aeabi_memclr8</STRONG> (Thumb, 0 bytes, Stack size 4 bytes, rt_memclr_w.o(.text), UNUSED)

<P><STRONG><a name="[1f5]"></a>__rt_memclr_w</STRONG> (Thumb, 78 bytes, Stack size 4 bytes, rt_memclr_w.o(.text), UNUSED)

<P><STRONG><a name="[1f6]"></a>_memset_w</STRONG> (Thumb, 0 bytes, Stack size unknown bytes, rt_memclr_w.o(.text), UNUSED)

<P><STRONG><a name="[1f7]"></a>__use_two_region_memory</STRONG> (Thumb, 2 bytes, Stack size 0 bytes, heapauxi.o(.text), UNUSED)

<P><STRONG><a name="[2]"></a>__rt_heap_escrow</STRONG> (Thumb, 2 bytes, Stack size 0 bytes, heapauxi.o(.text), UNUSED)

<P><STRONG><a name="[1]"></a>__rt_heap_expand</STRONG> (Thumb, 2 bytes, Stack size 0 bytes, heapauxi.o(.text), UNUSED)

<P><STRONG><a name="[af]"></a>_printf_int_common</STRONG> (Thumb, 184 bytes, Stack size 32 bytes, _printf_intcommon.o(.text))
<BR><BR>[Stack]<UL><LI>Max Depth = 32<LI>Call Chain = _printf_int_common
</UL>
<BR>[Called By]<UL><LI><a href="#[9f]">&gt;&gt;</a>&nbsp;&nbsp;&nbsp;_printf_int_dec
</UL>

<P><STRONG><a name="[ae]"></a>_printf_char_common</STRONG> (Thumb, 32 bytes, Stack size 64 bytes, _printf_char_common.o(.text))
<BR><BR>[Stack]<UL><LI>Max Depth = 88 + Unknown Stack Size
<LI>Call Chain = _printf_char_common &rArr; __printf
</UL>
<BR>[Calls]<UL><LI><a href="#[b0]">&gt;&gt;</a>&nbsp;&nbsp;&nbsp;__printf
</UL>
<BR>[Called By]<UL><LI><a href="#[ad]">&gt;&gt;</a>&nbsp;&nbsp;&nbsp;__2sprintf
</UL>

<P><STRONG><a name="[8f]"></a>_sputc</STRONG> (Thumb, 10 bytes, Stack size 0 bytes, _sputc.o(.text))
<BR><BR>[Called By]<UL><LI><a href="#[ad]">&gt;&gt;</a>&nbsp;&nbsp;&nbsp;__2sprintf
</UL>
<BR>[Address Reference Count : 1]<UL><LI> noretval__2sprintf.o(.text)
</UL>
<P><STRONG><a name="[b4]"></a>__aeabi_memcpy4</STRONG> (Thumb, 0 bytes, Stack size 8 bytes, rt_memcpy_w.o(.text), UNUSED)
<BR><BR>[Called By]<UL><LI><a href="#[b3]">&gt;&gt;</a>&nbsp;&nbsp;&nbsp;__rt_memcpy
</UL>

<P><STRONG><a name="[1f8]"></a>__aeabi_memcpy8</STRONG> (Thumb, 0 bytes, Stack size 8 bytes, rt_memcpy_w.o(.text), UNUSED)

<P><STRONG><a name="[1f9]"></a>__rt_memcpy_w</STRONG> (Thumb, 100 bytes, Stack size 8 bytes, rt_memcpy_w.o(.text), UNUSED)

<P><STRONG><a name="[1fa]"></a>_memcpy_lastbytes_aligned</STRONG> (Thumb, 0 bytes, Stack size unknown bytes, rt_memcpy_w.o(.text), UNUSED)

<P><STRONG><a name="[ac]"></a>_sys_exit</STRONG> (Thumb, 8 bytes, Stack size 0 bytes, sys_exit.o(.text))
<BR><BR>[Called By]<UL><LI><a href="#[ab]">&gt;&gt;</a>&nbsp;&nbsp;&nbsp;__rt_exit_exit
</UL>

<P><STRONG><a name="[1fb]"></a>__user_libspace</STRONG> (Thumb, 8 bytes, Stack size 0 bytes, libspace.o(.text), UNUSED)

<P><STRONG><a name="[b5]"></a>__user_perproc_libspace</STRONG> (Thumb, 0 bytes, Stack size 0 bytes, libspace.o(.text))
<BR><BR>[Called By]<UL><LI><a href="#[a3]">&gt;&gt;</a>&nbsp;&nbsp;&nbsp;__user_setup_stackheap
</UL>

<P><STRONG><a name="[1fc]"></a>__user_perthread_libspace</STRONG> (Thumb, 0 bytes, Stack size 0 bytes, libspace.o(.text), UNUSED)

<P><STRONG><a name="[1fd]"></a>__I$use$semihosting</STRONG> (Thumb, 0 bytes, Stack size 0 bytes, use_no_semi.o(.text), UNUSED)

<P><STRONG><a name="[1fe]"></a>__use_no_semihosting_swi</STRONG> (Thumb, 2 bytes, Stack size 0 bytes, use_no_semi.o(.text), UNUSED)

<P><STRONG><a name="[1ff]"></a>__semihosting_library_function</STRONG> (Thumb, 0 bytes, Stack size 8 bytes, indicate_semi.o(.text), UNUSED)

<P><STRONG><a name="[a3]"></a>__user_setup_stackheap</STRONG> (Thumb, 74 bytes, Stack size 8 bytes, sys_stackheap_outer.o(.text))
<BR><BR>[Stack]<UL><LI>Max Depth = 8 + Unknown Stack Size
<LI>Call Chain = __user_setup_stackheap
</UL>
<BR>[Calls]<UL><LI><a href="#[b6]">&gt;&gt;</a>&nbsp;&nbsp;&nbsp;__user_initial_stackheap
<LI><a href="#[b5]">&gt;&gt;</a>&nbsp;&nbsp;&nbsp;__user_perproc_libspace
</UL>
<BR>[Called By]<UL><LI><a href="#[a2]">&gt;&gt;</a>&nbsp;&nbsp;&nbsp;__rt_entry_sh
</UL>

<P><STRONG><a name="[a8]"></a>exit</STRONG> (Thumb, 12 bytes, Stack size 0 bytes, exit.o(.text))
<BR><BR>[Calls]<UL><LI><a href="#[b7]">&gt;&gt;</a>&nbsp;&nbsp;&nbsp;__rt_exit
</UL>
<BR>[Called By]<UL><LI><a href="#[a6]">&gt;&gt;</a>&nbsp;&nbsp;&nbsp;__rt_entry_main
</UL>

<P><STRONG><a name="[23]"></a>Analog_Input_Count</STRONG> (Thumb, 4 bytes, Stack size 0 bytes, ai.o(i.Analog_Input_Count))
<BR>[Address Reference Count : 1]<UL><LI> device.o(.data)
</UL>
<P><STRONG><a name="[24]"></a>Analog_Input_Index_To_Instance</STRONG> (Thumb, 2 bytes, Stack size 0 bytes, ai.o(i.Analog_Input_Index_To_Instance))
<BR>[Address Reference Count : 1]<UL><LI> device.o(.data)
</UL>
<P><STRONG><a name="[22]"></a>Analog_Input_Init</STRONG> (Thumb, 60 bytes, Stack size 0 bytes, ai.o(i.Analog_Input_Init))
<BR>[Address Reference Count : 1]<UL><LI> device.o(.data)
</UL>
<P><STRONG><a name="[b8]"></a>Analog_Input_Instance_To_Index</STRONG> (Thumb, 12 bytes, Stack size 0 bytes, ai.o(i.Analog_Input_Instance_To_Index))
<BR><BR>[Called By]<UL><LI><a href="#[28]">&gt;&gt;</a>&nbsp;&nbsp;&nbsp;Analog_Input_Write_Property
<LI><a href="#[25]">&gt;&gt;</a>&nbsp;&nbsp;&nbsp;Analog_Input_Valid_Instance
<LI><a href="#[27]">&gt;&gt;</a>&nbsp;&nbsp;&nbsp;Analog_Input_Read_Property
<LI><a href="#[26]">&gt;&gt;</a>&nbsp;&nbsp;&nbsp;Analog_Input_Object_Name
<LI><a href="#[bb]">&gt;&gt;</a>&nbsp;&nbsp;&nbsp;Analog_Input_Present_Value_Set
<LI><a href="#[ba]">&gt;&gt;</a>&nbsp;&nbsp;&nbsp;Analog_Input_Present_Value
</UL>

<P><STRONG><a name="[26]"></a>Analog_Input_Object_Name</STRONG> (Thumb, 48 bytes, Stack size 24 bytes, ai.o(i.Analog_Input_Object_Name))
<BR><BR>[Stack]<UL><LI>Max Depth = 144 + Unknown Stack Size
<LI>Call Chain = Analog_Input_Object_Name &rArr; __2sprintf &rArr; _printf_char_common &rArr; __printf
</UL>
<BR>[Calls]<UL><LI><a href="#[b9]">&gt;&gt;</a>&nbsp;&nbsp;&nbsp;characterstring_init_ansi
<LI><a href="#[ad]">&gt;&gt;</a>&nbsp;&nbsp;&nbsp;__2sprintf
<LI><a href="#[b8]">&gt;&gt;</a>&nbsp;&nbsp;&nbsp;Analog_Input_Instance_To_Index
</UL>
<BR>[Called By]<UL><LI><a href="#[27]">&gt;&gt;</a>&nbsp;&nbsp;&nbsp;Analog_Input_Read_Property
</UL>
<BR>[Address Reference Count : 1]<UL><LI> device.o(.data)
</UL>
<P><STRONG><a name="[ba]"></a>Analog_Input_Present_Value</STRONG> (Thumb, 34 bytes, Stack size 12 bytes, ai.o(i.Analog_Input_Present_Value))
<BR><BR>[Stack]<UL><LI>Max Depth = 12<LI>Call Chain = Analog_Input_Present_Value
</UL>
<BR>[Calls]<UL><LI><a href="#[b8]">&gt;&gt;</a>&nbsp;&nbsp;&nbsp;Analog_Input_Instance_To_Index
</UL>
<BR>[Called By]<UL><LI><a href="#[27]">&gt;&gt;</a>&nbsp;&nbsp;&nbsp;Analog_Input_Read_Property
</UL>

<P><STRONG><a name="[bb]"></a>Analog_Input_Present_Value_Set</STRONG> (Thumb, 32 bytes, Stack size 12 bytes, ai.o(i.Analog_Input_Present_Value_Set))
<BR><BR>[Stack]<UL><LI>Max Depth = 12<LI>Call Chain = Analog_Input_Present_Value_Set
</UL>
<BR>[Calls]<UL><LI><a href="#[b8]">&gt;&gt;</a>&nbsp;&nbsp;&nbsp;Analog_Input_Instance_To_Index
</UL>
<BR>[Called By]<UL><LI><a href="#[28]">&gt;&gt;</a>&nbsp;&nbsp;&nbsp;Analog_Input_Write_Property
</UL>

<P><STRONG><a name="[29]"></a>Analog_Input_Property_Lists</STRONG> (Thumb, 20 bytes, Stack size 0 bytes, ai.o(i.Analog_Input_Property_Lists))
<BR>[Address Reference Count : 1]<UL><LI> device.o(.data)
</UL>
<P><STRONG><a name="[27]"></a>Analog_Input_Read_Property</STRONG> (Thumb, 402 bytes, Stack size 120 bytes, ai.o(i.Analog_Input_Read_Property))
<BR><BR>[Stack]<UL><LI>Max Depth = 264 + Unknown Stack Size
<LI>Call Chain = Analog_Input_Read_Property &rArr; Analog_Input_Object_Name &rArr; __2sprintf &rArr; _printf_char_common &rArr; __printf
</UL>
<BR>[Calls]<UL><LI><a href="#[c4]">&gt;&gt;</a>&nbsp;&nbsp;&nbsp;encode_application_unsigned
<LI><a href="#[bf]">&gt;&gt;</a>&nbsp;&nbsp;&nbsp;encode_application_real
<LI><a href="#[bc]">&gt;&gt;</a>&nbsp;&nbsp;&nbsp;encode_application_object_id
<LI><a href="#[be]">&gt;&gt;</a>&nbsp;&nbsp;&nbsp;encode_application_enumerated
<LI><a href="#[bd]">&gt;&gt;</a>&nbsp;&nbsp;&nbsp;encode_application_character_string
<LI><a href="#[c3]">&gt;&gt;</a>&nbsp;&nbsp;&nbsp;encode_application_boolean
<LI><a href="#[c1]">&gt;&gt;</a>&nbsp;&nbsp;&nbsp;bitstring_set_bit
<LI><a href="#[c0]">&gt;&gt;</a>&nbsp;&nbsp;&nbsp;bitstring_init
<LI><a href="#[c5]">&gt;&gt;</a>&nbsp;&nbsp;&nbsp;encode_application_signed
<LI><a href="#[c2]">&gt;&gt;</a>&nbsp;&nbsp;&nbsp;encode_application_bitstring
<LI><a href="#[26]">&gt;&gt;</a>&nbsp;&nbsp;&nbsp;Analog_Input_Object_Name
<LI><a href="#[ba]">&gt;&gt;</a>&nbsp;&nbsp;&nbsp;Analog_Input_Present_Value
<LI><a href="#[b8]">&gt;&gt;</a>&nbsp;&nbsp;&nbsp;Analog_Input_Instance_To_Index
</UL>
<BR>[Address Reference Count : 1]<UL><LI> device.o(.data)
</UL>
<P><STRONG><a name="[25]"></a>Analog_Input_Valid_Instance</STRONG> (Thumb, 24 bytes, Stack size 8 bytes, ai.o(i.Analog_Input_Valid_Instance))
<BR><BR>[Stack]<UL><LI>Max Depth = 8<LI>Call Chain = Analog_Input_Valid_Instance
</UL>
<BR>[Calls]<UL><LI><a href="#[b8]">&gt;&gt;</a>&nbsp;&nbsp;&nbsp;Analog_Input_Instance_To_Index
</UL>
<BR>[Address Reference Count : 1]<UL><LI> device.o(.data)
</UL>
<P><STRONG><a name="[28]"></a>Analog_Input_Write_Property</STRONG> (Thumb, 338 bytes, Stack size 104 bytes, ai.o(i.Analog_Input_Write_Property))
<BR><BR>[Stack]<UL><LI>Max Depth = 232<LI>Call Chain = Analog_Input_Write_Property &rArr; bacapp_decode_application_data &rArr; bacapp_decode_data &rArr; decode_object_id_safe &rArr; decode_object_id &rArr; decode_unsigned32
</UL>
<BR>[Calls]<UL><LI><a href="#[c6]">&gt;&gt;</a>&nbsp;&nbsp;&nbsp;bacapp_decode_application_data
<LI><a href="#[c7]">&gt;&gt;</a>&nbsp;&nbsp;&nbsp;WPValidateArgType
<LI><a href="#[bb]">&gt;&gt;</a>&nbsp;&nbsp;&nbsp;Analog_Input_Present_Value_Set
<LI><a href="#[b8]">&gt;&gt;</a>&nbsp;&nbsp;&nbsp;Analog_Input_Instance_To_Index
</UL>
<BR>[Address Reference Count : 1]<UL><LI> device.o(.data)
</UL>
<P><STRONG><a name="[2b]"></a>Analog_Output_Count</STRONG> (Thumb, 4 bytes, Stack size 0 bytes, ao.o(i.Analog_Output_Count))
<BR>[Address Reference Count : 1]<UL><LI> device.o(.data)
</UL>
<P><STRONG><a name="[2c]"></a>Analog_Output_Index_To_Instance</STRONG> (Thumb, 2 bytes, Stack size 0 bytes, ao.o(i.Analog_Output_Index_To_Instance))
<BR>[Address Reference Count : 1]<UL><LI> device.o(.data)
</UL>
<P><STRONG><a name="[2a]"></a>Analog_Output_Init</STRONG> (Thumb, 44 bytes, Stack size 0 bytes, ao.o(i.Analog_Output_Init))
<BR>[Address Reference Count : 1]<UL><LI> device.o(.data)
</UL>
<P><STRONG><a name="[c9]"></a>Analog_Output_Instance_To_Index</STRONG> (Thumb, 12 bytes, Stack size 0 bytes, ao.o(i.Analog_Output_Instance_To_Index))
<BR><BR>[Called By]<UL><LI><a href="#[30]">&gt;&gt;</a>&nbsp;&nbsp;&nbsp;Analog_Output_Write_Property
<LI><a href="#[2f]">&gt;&gt;</a>&nbsp;&nbsp;&nbsp;Analog_Output_Read_Property
<LI><a href="#[cc]">&gt;&gt;</a>&nbsp;&nbsp;&nbsp;Analog_Output_Present_Value_Set
<LI><a href="#[cb]">&gt;&gt;</a>&nbsp;&nbsp;&nbsp;Analog_Output_Present_Value_Relinquish
<LI><a href="#[c8]">&gt;&gt;</a>&nbsp;&nbsp;&nbsp;Analog_Output_Present_Value
</UL>

<P><STRONG><a name="[2e]"></a>Analog_Output_Object_Name</STRONG> (Thumb, 36 bytes, Stack size 16 bytes, ao.o(i.Analog_Output_Object_Name))
<BR><BR>[Stack]<UL><LI>Max Depth = 136 + Unknown Stack Size
<LI>Call Chain = Analog_Output_Object_Name &rArr; __2sprintf &rArr; _printf_char_common &rArr; __printf
</UL>
<BR>[Calls]<UL><LI><a href="#[b9]">&gt;&gt;</a>&nbsp;&nbsp;&nbsp;characterstring_init_ansi
<LI><a href="#[ad]">&gt;&gt;</a>&nbsp;&nbsp;&nbsp;__2sprintf
</UL>
<BR>[Called By]<UL><LI><a href="#[2f]">&gt;&gt;</a>&nbsp;&nbsp;&nbsp;Analog_Output_Read_Property
</UL>
<BR>[Address Reference Count : 1]<UL><LI> device.o(.data)
</UL>
<P><STRONG><a name="[c8]"></a>Analog_Output_Present_Value</STRONG> (Thumb, 70 bytes, Stack size 24 bytes, ao.o(i.Analog_Output_Present_Value))
<BR><BR>[Stack]<UL><LI>Max Depth = 24<LI>Call Chain = Analog_Output_Present_Value
</UL>
<BR>[Calls]<UL><LI><a href="#[ca]">&gt;&gt;</a>&nbsp;&nbsp;&nbsp;__aeabi_ui2f
<LI><a href="#[c9]">&gt;&gt;</a>&nbsp;&nbsp;&nbsp;Analog_Output_Instance_To_Index
</UL>
<BR>[Called By]<UL><LI><a href="#[2f]">&gt;&gt;</a>&nbsp;&nbsp;&nbsp;Analog_Output_Read_Property
</UL>

<P><STRONG><a name="[cb]"></a>Analog_Output_Present_Value_Relinquish</STRONG> (Thumb, 50 bytes, Stack size 16 bytes, ao.o(i.Analog_Output_Present_Value_Relinquish))
<BR><BR>[Stack]<UL><LI>Max Depth = 16<LI>Call Chain = Analog_Output_Present_Value_Relinquish
</UL>
<BR>[Calls]<UL><LI><a href="#[c9]">&gt;&gt;</a>&nbsp;&nbsp;&nbsp;Analog_Output_Instance_To_Index
</UL>
<BR>[Called By]<UL><LI><a href="#[30]">&gt;&gt;</a>&nbsp;&nbsp;&nbsp;Analog_Output_Write_Property
</UL>

<P><STRONG><a name="[cc]"></a>Analog_Output_Present_Value_Set</STRONG> (Thumb, 100 bytes, Stack size 32 bytes, ao.o(i.Analog_Output_Present_Value_Set))
<BR><BR>[Stack]<UL><LI>Max Depth = 64<LI>Call Chain = Analog_Output_Present_Value_Set &rArr; __aeabi_cdcmple
</UL>
<BR>[Calls]<UL><LI><a href="#[d0]">&gt;&gt;</a>&nbsp;&nbsp;&nbsp;__aeabi_f2uiz
<LI><a href="#[cd]">&gt;&gt;</a>&nbsp;&nbsp;&nbsp;__aeabi_f2d
<LI><a href="#[ce]">&gt;&gt;</a>&nbsp;&nbsp;&nbsp;__aeabi_cdrcmple
<LI><a href="#[cf]">&gt;&gt;</a>&nbsp;&nbsp;&nbsp;__aeabi_cdcmple
<LI><a href="#[c9]">&gt;&gt;</a>&nbsp;&nbsp;&nbsp;Analog_Output_Instance_To_Index
</UL>
<BR>[Called By]<UL><LI><a href="#[30]">&gt;&gt;</a>&nbsp;&nbsp;&nbsp;Analog_Output_Write_Property
</UL>

<P><STRONG><a name="[31]"></a>Analog_Output_Property_Lists</STRONG> (Thumb, 20 bytes, Stack size 0 bytes, ao.o(i.Analog_Output_Property_Lists))
<BR>[Address Reference Count : 1]<UL><LI> device.o(.data)
</UL>
<P><STRONG><a name="[2f]"></a>Analog_Output_Read_Property</STRONG> (Thumb, 556 bytes, Stack size 128 bytes, ao.o(i.Analog_Output_Read_Property))
<BR><BR>[Stack]<UL><LI>Max Depth = 264 + Unknown Stack Size
<LI>Call Chain = Analog_Output_Read_Property &rArr; Analog_Output_Object_Name &rArr; __2sprintf &rArr; _printf_char_common &rArr; __printf
</UL>
<BR>[Calls]<UL><LI><a href="#[c4]">&gt;&gt;</a>&nbsp;&nbsp;&nbsp;encode_application_unsigned
<LI><a href="#[bf]">&gt;&gt;</a>&nbsp;&nbsp;&nbsp;encode_application_real
<LI><a href="#[bc]">&gt;&gt;</a>&nbsp;&nbsp;&nbsp;encode_application_object_id
<LI><a href="#[be]">&gt;&gt;</a>&nbsp;&nbsp;&nbsp;encode_application_enumerated
<LI><a href="#[bd]">&gt;&gt;</a>&nbsp;&nbsp;&nbsp;encode_application_character_string
<LI><a href="#[c3]">&gt;&gt;</a>&nbsp;&nbsp;&nbsp;encode_application_boolean
<LI><a href="#[c1]">&gt;&gt;</a>&nbsp;&nbsp;&nbsp;bitstring_set_bit
<LI><a href="#[c0]">&gt;&gt;</a>&nbsp;&nbsp;&nbsp;bitstring_init
<LI><a href="#[d1]">&gt;&gt;</a>&nbsp;&nbsp;&nbsp;encode_application_null
<LI><a href="#[c2]">&gt;&gt;</a>&nbsp;&nbsp;&nbsp;encode_application_bitstring
<LI><a href="#[2e]">&gt;&gt;</a>&nbsp;&nbsp;&nbsp;Analog_Output_Object_Name
<LI><a href="#[ca]">&gt;&gt;</a>&nbsp;&nbsp;&nbsp;__aeabi_ui2f
<LI><a href="#[c8]">&gt;&gt;</a>&nbsp;&nbsp;&nbsp;Analog_Output_Present_Value
<LI><a href="#[c9]">&gt;&gt;</a>&nbsp;&nbsp;&nbsp;Analog_Output_Instance_To_Index
</UL>
<BR>[Address Reference Count : 1]<UL><LI> device.o(.data)
</UL>
<P><STRONG><a name="[2d]"></a>Analog_Output_Valid_Instance</STRONG> (Thumb, 14 bytes, Stack size 0 bytes, ao.o(i.Analog_Output_Valid_Instance))
<BR>[Address Reference Count : 1]<UL><LI> device.o(.data)
</UL>
<P><STRONG><a name="[30]"></a>Analog_Output_Write_Property</STRONG> (Thumb, 338 bytes, Stack size 104 bytes, ao.o(i.Analog_Output_Write_Property))
<BR><BR>[Stack]<UL><LI>Max Depth = 232<LI>Call Chain = Analog_Output_Write_Property &rArr; bacapp_decode_application_data &rArr; bacapp_decode_data &rArr; decode_object_id_safe &rArr; decode_object_id &rArr; decode_unsigned32
</UL>
<BR>[Calls]<UL><LI><a href="#[c6]">&gt;&gt;</a>&nbsp;&nbsp;&nbsp;bacapp_decode_application_data
<LI><a href="#[c7]">&gt;&gt;</a>&nbsp;&nbsp;&nbsp;WPValidateArgType
<LI><a href="#[cc]">&gt;&gt;</a>&nbsp;&nbsp;&nbsp;Analog_Output_Present_Value_Set
<LI><a href="#[cb]">&gt;&gt;</a>&nbsp;&nbsp;&nbsp;Analog_Output_Present_Value_Relinquish
<LI><a href="#[c9]">&gt;&gt;</a>&nbsp;&nbsp;&nbsp;Analog_Output_Instance_To_Index
</UL>
<BR>[Address Reference Count : 1]<UL><LI> device.o(.data)
</UL>
<P><STRONG><a name="[1b]"></a>Binary_Input_Count</STRONG> (Thumb, 4 bytes, Stack size 0 bytes, bi.o(i.Binary_Input_Count))
<BR>[Address Reference Count : 1]<UL><LI> device.o(.data)
</UL>
<P><STRONG><a name="[1c]"></a>Binary_Input_Index_To_Instance</STRONG> (Thumb, 2 bytes, Stack size 0 bytes, bi.o(i.Binary_Input_Index_To_Instance))
<BR>[Address Reference Count : 1]<UL><LI> device.o(.data)
</UL>
<P><STRONG><a name="[1a]"></a>Binary_Input_Init</STRONG> (Thumb, 30 bytes, Stack size 0 bytes, bi.o(i.Binary_Input_Init))
<BR>[Address Reference Count : 1]<UL><LI> device.o(.data)
</UL>
<P><STRONG><a name="[d3]"></a>Binary_Input_Instance_To_Index</STRONG> (Thumb, 12 bytes, Stack size 0 bytes, bi.o(i.Binary_Input_Instance_To_Index))
<BR><BR>[Called By]<UL><LI><a href="#[d6]">&gt;&gt;</a>&nbsp;&nbsp;&nbsp;Binary_Input_Present_Value_Set
<LI><a href="#[d5]">&gt;&gt;</a>&nbsp;&nbsp;&nbsp;Binary_Input_Present_Value
<LI><a href="#[d2]">&gt;&gt;</a>&nbsp;&nbsp;&nbsp;Binary_Input_Out_Of_Service
<LI><a href="#[d4]">&gt;&gt;</a>&nbsp;&nbsp;&nbsp;Binary_Input_Out_Of_Service_Set
</UL>

<P><STRONG><a name="[1e]"></a>Binary_Input_Object_Name</STRONG> (Thumb, 36 bytes, Stack size 16 bytes, bi.o(i.Binary_Input_Object_Name))
<BR><BR>[Stack]<UL><LI>Max Depth = 136 + Unknown Stack Size
<LI>Call Chain = Binary_Input_Object_Name &rArr; __2sprintf &rArr; _printf_char_common &rArr; __printf
</UL>
<BR>[Calls]<UL><LI><a href="#[b9]">&gt;&gt;</a>&nbsp;&nbsp;&nbsp;characterstring_init_ansi
<LI><a href="#[ad]">&gt;&gt;</a>&nbsp;&nbsp;&nbsp;__2sprintf
</UL>
<BR>[Called By]<UL><LI><a href="#[1f]">&gt;&gt;</a>&nbsp;&nbsp;&nbsp;Binary_Input_Read_Property
</UL>
<BR>[Address Reference Count : 1]<UL><LI> device.o(.data)
</UL>
<P><STRONG><a name="[d2]"></a>Binary_Input_Out_Of_Service</STRONG> (Thumb, 28 bytes, Stack size 12 bytes, bi.o(i.Binary_Input_Out_Of_Service))
<BR><BR>[Stack]<UL><LI>Max Depth = 12<LI>Call Chain = Binary_Input_Out_Of_Service
</UL>
<BR>[Calls]<UL><LI><a href="#[d3]">&gt;&gt;</a>&nbsp;&nbsp;&nbsp;Binary_Input_Instance_To_Index
</UL>
<BR>[Called By]<UL><LI><a href="#[1f]">&gt;&gt;</a>&nbsp;&nbsp;&nbsp;Binary_Input_Read_Property
</UL>

<P><STRONG><a name="[d7]"></a>Binary_Input_Polarity</STRONG> (Thumb, 14 bytes, Stack size 0 bytes, bi.o(i.Binary_Input_Polarity))
<BR><BR>[Called By]<UL><LI><a href="#[1f]">&gt;&gt;</a>&nbsp;&nbsp;&nbsp;Binary_Input_Read_Property
</UL>

<P><STRONG><a name="[d8]"></a>Binary_Input_Polarity_Set</STRONG> (Thumb, 14 bytes, Stack size 0 bytes, bi.o(i.Binary_Input_Polarity_Set))
<BR><BR>[Called By]<UL><LI><a href="#[20]">&gt;&gt;</a>&nbsp;&nbsp;&nbsp;Binary_Input_Write_Property
</UL>

<P><STRONG><a name="[d5]"></a>Binary_Input_Present_Value</STRONG> (Thumb, 28 bytes, Stack size 12 bytes, bi.o(i.Binary_Input_Present_Value))
<BR><BR>[Stack]<UL><LI>Max Depth = 12<LI>Call Chain = Binary_Input_Present_Value
</UL>
<BR>[Calls]<UL><LI><a href="#[d3]">&gt;&gt;</a>&nbsp;&nbsp;&nbsp;Binary_Input_Instance_To_Index
</UL>
<BR>[Called By]<UL><LI><a href="#[1f]">&gt;&gt;</a>&nbsp;&nbsp;&nbsp;Binary_Input_Read_Property
</UL>

<P><STRONG><a name="[d6]"></a>Binary_Input_Present_Value_Set</STRONG> (Thumb, 46 bytes, Stack size 16 bytes, bi.o(i.Binary_Input_Present_Value_Set))
<BR><BR>[Stack]<UL><LI>Max Depth = 16<LI>Call Chain = Binary_Input_Present_Value_Set
</UL>
<BR>[Calls]<UL><LI><a href="#[d3]">&gt;&gt;</a>&nbsp;&nbsp;&nbsp;Binary_Input_Instance_To_Index
</UL>
<BR>[Called By]<UL><LI><a href="#[20]">&gt;&gt;</a>&nbsp;&nbsp;&nbsp;Binary_Input_Write_Property
</UL>

<P><STRONG><a name="[21]"></a>Binary_Input_Property_Lists</STRONG> (Thumb, 20 bytes, Stack size 0 bytes, bi.o(i.Binary_Input_Property_Lists))
<BR>[Address Reference Count : 1]<UL><LI> device.o(.data)
</UL>
<P><STRONG><a name="[1f]"></a>Binary_Input_Read_Property</STRONG> (Thumb, 312 bytes, Stack size 112 bytes, bi.o(i.Binary_Input_Read_Property))
<BR><BR>[Stack]<UL><LI>Max Depth = 248 + Unknown Stack Size
<LI>Call Chain = Binary_Input_Read_Property &rArr; Binary_Input_Object_Name &rArr; __2sprintf &rArr; _printf_char_common &rArr; __printf
</UL>
<BR>[Calls]<UL><LI><a href="#[bc]">&gt;&gt;</a>&nbsp;&nbsp;&nbsp;encode_application_object_id
<LI><a href="#[be]">&gt;&gt;</a>&nbsp;&nbsp;&nbsp;encode_application_enumerated
<LI><a href="#[bd]">&gt;&gt;</a>&nbsp;&nbsp;&nbsp;encode_application_character_string
<LI><a href="#[c3]">&gt;&gt;</a>&nbsp;&nbsp;&nbsp;encode_application_boolean
<LI><a href="#[c1]">&gt;&gt;</a>&nbsp;&nbsp;&nbsp;bitstring_set_bit
<LI><a href="#[c0]">&gt;&gt;</a>&nbsp;&nbsp;&nbsp;bitstring_init
<LI><a href="#[c2]">&gt;&gt;</a>&nbsp;&nbsp;&nbsp;encode_application_bitstring
<LI><a href="#[d5]">&gt;&gt;</a>&nbsp;&nbsp;&nbsp;Binary_Input_Present_Value
<LI><a href="#[d7]">&gt;&gt;</a>&nbsp;&nbsp;&nbsp;Binary_Input_Polarity
<LI><a href="#[d2]">&gt;&gt;</a>&nbsp;&nbsp;&nbsp;Binary_Input_Out_Of_Service
<LI><a href="#[1e]">&gt;&gt;</a>&nbsp;&nbsp;&nbsp;Binary_Input_Object_Name
</UL>
<BR>[Address Reference Count : 1]<UL><LI> device.o(.data)
</UL>
<P><STRONG><a name="[1d]"></a>Binary_Input_Valid_Instance</STRONG> (Thumb, 14 bytes, Stack size 0 bytes, bi.o(i.Binary_Input_Valid_Instance))
<BR>[Address Reference Count : 1]<UL><LI> device.o(.data)
</UL>
<P><STRONG><a name="[20]"></a>Binary_Input_Write_Property</STRONG> (Thumb, 238 bytes, Stack size 96 bytes, bi.o(i.Binary_Input_Write_Property))
<BR><BR>[Stack]<UL><LI>Max Depth = 224<LI>Call Chain = Binary_Input_Write_Property &rArr; bacapp_decode_application_data &rArr; bacapp_decode_data &rArr; decode_object_id_safe &rArr; decode_object_id &rArr; decode_unsigned32
</UL>
<BR>[Calls]<UL><LI><a href="#[c6]">&gt;&gt;</a>&nbsp;&nbsp;&nbsp;bacapp_decode_application_data
<LI><a href="#[c7]">&gt;&gt;</a>&nbsp;&nbsp;&nbsp;WPValidateArgType
<LI><a href="#[d6]">&gt;&gt;</a>&nbsp;&nbsp;&nbsp;Binary_Input_Present_Value_Set
<LI><a href="#[d8]">&gt;&gt;</a>&nbsp;&nbsp;&nbsp;Binary_Input_Polarity_Set
<LI><a href="#[d4]">&gt;&gt;</a>&nbsp;&nbsp;&nbsp;Binary_Input_Out_Of_Service_Set
</UL>
<BR>[Address Reference Count : 1]<UL><LI> device.o(.data)
</UL>
<P><STRONG><a name="[13]"></a>Binary_Output_Count</STRONG> (Thumb, 4 bytes, Stack size 0 bytes, bo.o(i.Binary_Output_Count))
<BR>[Address Reference Count : 1]<UL><LI> device.o(.data)
</UL>
<P><STRONG><a name="[14]"></a>Binary_Output_Index_To_Instance</STRONG> (Thumb, 2 bytes, Stack size 0 bytes, bo.o(i.Binary_Output_Index_To_Instance))
<BR>[Address Reference Count : 1]<UL><LI> device.o(.data)
</UL>
<P><STRONG><a name="[12]"></a>Binary_Output_Init</STRONG> (Thumb, 50 bytes, Stack size 16 bytes, bo.o(i.Binary_Output_Init))
<BR><BR>[Stack]<UL><LI>Max Depth = 16<LI>Call Chain = Binary_Output_Init
</UL>
<BR>[Calls]<UL><LI><a href="#[d9]">&gt;&gt;</a>&nbsp;&nbsp;&nbsp;Binary_Output_Polarity_Set
<LI><a href="#[da]">&gt;&gt;</a>&nbsp;&nbsp;&nbsp;Binary_Output_Out_Of_Service_Set
</UL>
<BR>[Address Reference Count : 1]<UL><LI> device.o(.data)
</UL>
<P><STRONG><a name="[dc]"></a>Binary_Output_Instance_To_Index</STRONG> (Thumb, 12 bytes, Stack size 0 bytes, bo.o(i.Binary_Output_Instance_To_Index))
<BR><BR>[Called By]<UL><LI><a href="#[db]">&gt;&gt;</a>&nbsp;&nbsp;&nbsp;Binary_Output_Present_Value
<LI><a href="#[17]">&gt;&gt;</a>&nbsp;&nbsp;&nbsp;Binary_Output_Read_Property
</UL>

<P><STRONG><a name="[16]"></a>Binary_Output_Object_Name</STRONG> (Thumb, 32 bytes, Stack size 16 bytes, bo.o(i.Binary_Output_Object_Name))
<BR><BR>[Stack]<UL><LI>Max Depth = 52<LI>Call Chain = Binary_Output_Object_Name &rArr; characterstring_init_ansi &rArr; characterstring_init
</UL>
<BR>[Calls]<UL><LI><a href="#[b9]">&gt;&gt;</a>&nbsp;&nbsp;&nbsp;characterstring_init_ansi
</UL>
<BR>[Address Reference Count : 1]<UL><LI> device.o(.data)
</UL>
<P><STRONG><a name="[166]"></a>Binary_Output_Out_Of_Service</STRONG> (Thumb, 24 bytes, Stack size 0 bytes, bo.o(i.Binary_Output_Out_Of_Service))
<BR><BR>[Called By]<UL><LI><a href="#[165]">&gt;&gt;</a>&nbsp;&nbsp;&nbsp;bacnet_task
</UL>

<P><STRONG><a name="[167]"></a>Binary_Output_Polarity</STRONG> (Thumb, 14 bytes, Stack size 0 bytes, bo.o(i.Binary_Output_Polarity))
<BR><BR>[Called By]<UL><LI><a href="#[165]">&gt;&gt;</a>&nbsp;&nbsp;&nbsp;bacnet_task
</UL>

<P><STRONG><a name="[db]"></a>Binary_Output_Present_Value</STRONG> (Thumb, 22 bytes, Stack size 16 bytes, bo.o(i.Binary_Output_Present_Value))
<BR><BR>[Stack]<UL><LI>Max Depth = 24<LI>Call Chain = Binary_Output_Present_Value &rArr; Present_Value
</UL>
<BR>[Calls]<UL><LI><a href="#[dc]">&gt;&gt;</a>&nbsp;&nbsp;&nbsp;Binary_Output_Instance_To_Index
<LI><a href="#[dd]">&gt;&gt;</a>&nbsp;&nbsp;&nbsp;Present_Value
</UL>
<BR>[Called By]<UL><LI><a href="#[165]">&gt;&gt;</a>&nbsp;&nbsp;&nbsp;bacnet_task
<LI><a href="#[17]">&gt;&gt;</a>&nbsp;&nbsp;&nbsp;Binary_Output_Read_Property
</UL>

<P><STRONG><a name="[de]"></a>Binary_Output_Present_Value_Set</STRONG> (Thumb, 26 bytes, Stack size 8 bytes, bo.o(i.Binary_Output_Present_Value_Set))
<BR><BR>[Stack]<UL><LI>Max Depth = 8<LI>Call Chain = Binary_Output_Present_Value_Set
</UL>
<BR>[Called By]<UL><LI><a href="#[18]">&gt;&gt;</a>&nbsp;&nbsp;&nbsp;Binary_Output_Write_Property
</UL>

<P><STRONG><a name="[19]"></a>Binary_Output_Property_Lists</STRONG> (Thumb, 20 bytes, Stack size 0 bytes, bo.o(i.Binary_Output_Property_Lists))
<BR>[Address Reference Count : 1]<UL><LI> device.o(.data)
</UL>
<P><STRONG><a name="[17]"></a>Binary_Output_Read_Property</STRONG> (Thumb, 526 bytes, Stack size 128 bytes, bo.o(i.Binary_Output_Read_Property))
<BR><BR>[Stack]<UL><LI>Max Depth = 196<LI>Call Chain = Binary_Output_Read_Property &rArr; encode_application_bitstring &rArr; encode_bitstring &rArr; bitstring_bytes_used
</UL>
<BR>[Calls]<UL><LI><a href="#[c4]">&gt;&gt;</a>&nbsp;&nbsp;&nbsp;encode_application_unsigned
<LI><a href="#[be]">&gt;&gt;</a>&nbsp;&nbsp;&nbsp;encode_application_enumerated
<LI><a href="#[bd]">&gt;&gt;</a>&nbsp;&nbsp;&nbsp;encode_application_character_string
<LI><a href="#[c3]">&gt;&gt;</a>&nbsp;&nbsp;&nbsp;encode_application_boolean
<LI><a href="#[b9]">&gt;&gt;</a>&nbsp;&nbsp;&nbsp;characterstring_init_ansi
<LI><a href="#[c1]">&gt;&gt;</a>&nbsp;&nbsp;&nbsp;bitstring_set_bit
<LI><a href="#[c0]">&gt;&gt;</a>&nbsp;&nbsp;&nbsp;bitstring_init
<LI><a href="#[d1]">&gt;&gt;</a>&nbsp;&nbsp;&nbsp;encode_application_null
<LI><a href="#[c2]">&gt;&gt;</a>&nbsp;&nbsp;&nbsp;encode_application_bitstring
<LI><a href="#[db]">&gt;&gt;</a>&nbsp;&nbsp;&nbsp;Binary_Output_Present_Value
<LI><a href="#[dc]">&gt;&gt;</a>&nbsp;&nbsp;&nbsp;Binary_Output_Instance_To_Index
</UL>
<BR>[Address Reference Count : 1]<UL><LI> device.o(.data)
</UL>
<P><STRONG><a name="[15]"></a>Binary_Output_Valid_Instance</STRONG> (Thumb, 14 bytes, Stack size 0 bytes, bo.o(i.Binary_Output_Valid_Instance))
<BR>[Address Reference Count : 1]<UL><LI> device.o(.data)
</UL>
<P><STRONG><a name="[18]"></a>Binary_Output_Write_Property</STRONG> (Thumb, 484 bytes, Stack size 104 bytes, bo.o(i.Binary_Output_Write_Property))
<BR><BR>[Stack]<UL><LI>Max Depth = 232<LI>Call Chain = Binary_Output_Write_Property &rArr; bacapp_decode_application_data &rArr; bacapp_decode_data &rArr; decode_object_id_safe &rArr; decode_object_id &rArr; decode_unsigned32
</UL>
<BR>[Calls]<UL><LI><a href="#[c6]">&gt;&gt;</a>&nbsp;&nbsp;&nbsp;bacapp_decode_application_data
<LI><a href="#[c7]">&gt;&gt;</a>&nbsp;&nbsp;&nbsp;WPValidateArgType
<LI><a href="#[de]">&gt;&gt;</a>&nbsp;&nbsp;&nbsp;Binary_Output_Present_Value_Set
<LI><a href="#[d9]">&gt;&gt;</a>&nbsp;&nbsp;&nbsp;Binary_Output_Polarity_Set
<LI><a href="#[da]">&gt;&gt;</a>&nbsp;&nbsp;&nbsp;Binary_Output_Out_Of_Service_Set
</UL>
<BR>[Address Reference Count : 1]<UL><LI> device.o(.data)
</UL>
<P><STRONG><a name="[36]"></a>BusFault_Handler</STRONG> (Thumb, 4 bytes, Stack size 0 bytes, stm32f2xx_it.o(i.BusFault_Handler))
<BR>[Address Reference Count : 1]<UL><LI> startup_stm32f2xx.o(RESET)
</UL>
<P><STRONG><a name="[110]"></a>CRC_Calc_Data</STRONG> (Thumb, 48 bytes, Stack size 8 bytes, crc.o(i.CRC_Calc_Data))
<BR><BR>[Stack]<UL><LI>Max Depth = 8<LI>Call Chain = CRC_Calc_Data
</UL>
<BR>[Called By]<UL><LI><a href="#[108]">&gt;&gt;</a>&nbsp;&nbsp;&nbsp;MSTP_Send_Frame
<LI><a href="#[10d]">&gt;&gt;</a>&nbsp;&nbsp;&nbsp;MSTP_Receive_Frame_FSM
</UL>

<P><STRONG><a name="[10f]"></a>CRC_Calc_Header</STRONG> (Thumb, 52 bytes, Stack size 8 bytes, crc.o(i.CRC_Calc_Header))
<BR><BR>[Stack]<UL><LI>Max Depth = 8<LI>Call Chain = CRC_Calc_Header
</UL>
<BR>[Called By]<UL><LI><a href="#[108]">&gt;&gt;</a>&nbsp;&nbsp;&nbsp;MSTP_Send_Frame
<LI><a href="#[10d]">&gt;&gt;</a>&nbsp;&nbsp;&nbsp;MSTP_Receive_Frame_FSM
</UL>

<P><STRONG><a name="[39]"></a>DebugMon_Handler</STRONG> (Thumb, 2 bytes, Stack size 0 bytes, stm32f2xx_it.o(i.DebugMon_Handler))
<BR>[Address Reference Count : 1]<UL><LI> startup_stm32f2xx.o(RESET)
</UL>
<P><STRONG><a name="[b]"></a>Device_Count</STRONG> (Thumb, 4 bytes, Stack size 0 bytes, device.o(i.Device_Count))
<BR>[Address Reference Count : 1]<UL><LI> device.o(.data)
</UL>
<P><STRONG><a name="[ef]"></a>Device_Database_Revision</STRONG> (Thumb, 6 bytes, Stack size 0 bytes, device.o(i.Device_Database_Revision))
<BR><BR>[Called By]<UL><LI><a href="#[f]">&gt;&gt;</a>&nbsp;&nbsp;&nbsp;Device_Read_Property_Local
</UL>

<P><STRONG><a name="[f7]"></a>Device_Inc_Database_Revision</STRONG> (Thumb, 12 bytes, Stack size 0 bytes, device.o(i.Device_Inc_Database_Revision))
<BR><BR>[Called By]<UL><LI><a href="#[f5]">&gt;&gt;</a>&nbsp;&nbsp;&nbsp;Device_Set_Object_Name
</UL>

<P><STRONG><a name="[c]"></a>Device_Index_To_Instance</STRONG> (Thumb, 10 bytes, Stack size 0 bytes, device.o(i.Device_Index_To_Instance))
<BR>[Address Reference Count : 1]<UL><LI> device.o(.data)
</UL>
<P><STRONG><a name="[df]"></a>Device_Init</STRONG> (Thumb, 72 bytes, Stack size 16 bytes, device.o(i.Device_Init))
<BR><BR>[Stack]<UL><LI>Max Depth = 52<LI>Call Chain = Device_Init &rArr; characterstring_init_ansi &rArr; characterstring_init
</UL>
<BR>[Calls]<UL><LI><a href="#[e0]">&gt;&gt;</a>&nbsp;&nbsp;&nbsp;dcc_set_status_duration
<LI><a href="#[b9]">&gt;&gt;</a>&nbsp;&nbsp;&nbsp;characterstring_init_ansi
<LI><a href="#[b2]">&gt;&gt;</a>&nbsp;&nbsp;&nbsp;srand
</UL>
<BR>[Called By]<UL><LI><a href="#[15d]">&gt;&gt;</a>&nbsp;&nbsp;&nbsp;bacnet_init
</UL>

<P><STRONG><a name="[180]"></a>Device_Object_Instance_Number</STRONG> (Thumb, 6 bytes, Stack size 0 bytes, device.o(i.Device_Object_Instance_Number))
[...]
</UL>
<BR>[Calls]<UL><LI><a href="#[1c4]">&gt;&gt;</a>&nbsp;&nbsp;&nbsp;bacnet_address_copy
<LI><a href="#[ed]">&gt;&gt;</a>&nbsp;&nbsp;&nbsp;apdu_timeout
<LI><a href="#[1c0]">&gt;&gt;</a>&nbsp;&nbsp;&nbsp;tsm_find_invokeID_index
<LI><a href="#[1c3]">&gt;&gt;</a>&nbsp;&nbsp;&nbsp;npdu_copy_data
</UL>
<BR>[Called By]<UL><LI><a href="#[128]">&gt;&gt;</a>&nbsp;&nbsp;&nbsp;Send_Read_Property_Request_Address
</UL>

<P><STRONG><a name="[1c1]"></a>tsm_transaction_available</STRONG> (Thumb, 36 bytes, Stack size 0 bytes, tsm.o(i.tsm_transaction_available))
<BR><BR>[Called By]<UL><LI><a href="#[129]">&gt;&gt;</a>&nbsp;&nbsp;&nbsp;tsm_next_free_invokeID
</UL>

<P><STRONG><a name="[113]"></a>uart_bytes_send</STRONG> (Thumb, 106 bytes, Stack size 16 bytes, rs485.o(i.uart_bytes_send))
<BR><BR>[Stack]<UL><LI>Max Depth = 36<LI>Call Chain = uart_bytes_send &rArr; USART_ITConfig
</UL>
<BR>[Calls]<UL><LI><a href="#[1c5]">&gt;&gt;</a>&nbsp;&nbsp;&nbsp;USART_SendData
<LI><a href="#[1b9]">&gt;&gt;</a>&nbsp;&nbsp;&nbsp;USART_GetFlagStatus
<LI><a href="#[1bb]">&gt;&gt;</a>&nbsp;&nbsp;&nbsp;GPIO_WriteBit
<LI><a href="#[137]">&gt;&gt;</a>&nbsp;&nbsp;&nbsp;USART_ITConfig
<LI><a href="#[1ba]">&gt;&gt;</a>&nbsp;&nbsp;&nbsp;timer_elapsed_start
</UL>
<BR>[Called By]<UL><LI><a href="#[112]">&gt;&gt;</a>&nbsp;&nbsp;&nbsp;MSTP_Transmit_FSM
</UL>

<P><STRONG><a name="[1ad]"></a>whohas_decode_service_request</STRONG> (Thumb, 244 bytes, Stack size 40 bytes, whohas.o(i.whohas_decode_service_request))
<BR><BR>[Stack]<UL><LI>Max Depth = 84<LI>Call Chain = whohas_decode_service_request &rArr; decode_character_string &rArr; characterstring_init
</UL>
<BR>[Calls]<UL><LI><a href="#[158]">&gt;&gt;</a>&nbsp;&nbsp;&nbsp;decode_unsigned
<LI><a href="#[15a]">&gt;&gt;</a>&nbsp;&nbsp;&nbsp;decode_character_string
<LI><a href="#[144]">&gt;&gt;</a>&nbsp;&nbsp;&nbsp;decode_tag_number_and_value
<LI><a href="#[173]">&gt;&gt;</a>&nbsp;&nbsp;&nbsp;decode_object_id
<LI><a href="#[171]">&gt;&gt;</a>&nbsp;&nbsp;&nbsp;decode_is_context_tag
</UL>
<BR>[Called By]<UL><LI><a href="#[93]">&gt;&gt;</a>&nbsp;&nbsp;&nbsp;handler_who_has
</UL>

<P><STRONG><a name="[1af]"></a>whois_decode_service_request</STRONG> (Thumb, 196 bytes, Stack size 40 bytes, whois.o(i.whois_decode_service_request))
<BR><BR>[Stack]<UL><LI>Max Depth = 80<LI>Call Chain = whois_decode_service_request &rArr; decode_tag_number_and_value &rArr; decode_unsigned32
</UL>
<BR>[Calls]<UL><LI><a href="#[158]">&gt;&gt;</a>&nbsp;&nbsp;&nbsp;decode_unsigned
<LI><a href="#[144]">&gt;&gt;</a>&nbsp;&nbsp;&nbsp;decode_tag_number_and_value
</UL>
<BR>[Called By]<UL><LI><a href="#[92]">&gt;&gt;</a>&nbsp;&nbsp;&nbsp;handler_who_is
</UL>

<P><STRONG><a name="[1b0]"></a>wp_decode_service_request</STRONG> (Thumb, 332 bytes, Stack size 48 bytes, wp.o(i.wp_decode_service_request))
<BR><BR>[Stack]<UL><LI>Max Depth = 176<LI>Call Chain = wp_decode_service_request &rArr; bacapp_data_len &rArr; bacapp_decode_context_data_len &rArr; decode_tag_number_and_value &rArr; decode_unsigned32
</UL>
<BR>[Calls]<UL><LI><a href="#[158]">&gt;&gt;</a>&nbsp;&nbsp;&nbsp;decode_unsigned
<LI><a href="#[151]">&gt;&gt;</a>&nbsp;&nbsp;&nbsp;bacapp_data_len
<LI><a href="#[144]">&gt;&gt;</a>&nbsp;&nbsp;&nbsp;decode_tag_number_and_value
<LI><a href="#[143]">&gt;&gt;</a>&nbsp;&nbsp;&nbsp;decode_is_opening_tag_number
<LI><a href="#[146]">&gt;&gt;</a>&nbsp;&nbsp;&nbsp;decode_is_closing_tag_number
<LI><a href="#[145]">&gt;&gt;</a>&nbsp;&nbsp;&nbsp;decode_enumerated
<LI><a href="#[173]">&gt;&gt;</a>&nbsp;&nbsp;&nbsp;decode_object_id
<LI><a href="#[171]">&gt;&gt;</a>&nbsp;&nbsp;&nbsp;decode_is_context_tag
</UL>
<BR>[Called By]<UL><LI><a href="#[97]">&gt;&gt;</a>&nbsp;&nbsp;&nbsp;handler_write_property
</UL>

<P><STRONG><a name="[1c8]"></a>__fpl_dcmp_Inf</STRONG> (Thumb, 24 bytes, Stack size 0 bytes, dcmpi.o(x$fpl$dcmpinf), UNUSED)
<BR><BR>[Called By]<UL><LI><a href="#[1c6]">&gt;&gt;</a>&nbsp;&nbsp;&nbsp;_dcmple
</UL>

<P><STRONG><a name="[cf]"></a>__aeabi_cdcmple</STRONG> (Thumb, 0 bytes, Stack size 32 bytes, dleqf.o(x$fpl$dleqf))
<BR><BR>[Stack]<UL><LI>Max Depth = 32<LI>Call Chain = __aeabi_cdcmple
</UL>
<BR>[Called By]<UL><LI><a href="#[cc]">&gt;&gt;</a>&nbsp;&nbsp;&nbsp;Analog_Output_Present_Value_Set
</UL>

<P><STRONG><a name="[1c6]"></a>_dcmple</STRONG> (Thumb, 120 bytes, Stack size 32 bytes, dleqf.o(x$fpl$dleqf), UNUSED)
<BR><BR>[Calls]<UL><LI><a href="#[1c7]">&gt;&gt;</a>&nbsp;&nbsp;&nbsp;__fpl_dnaninf
<LI><a href="#[1c8]">&gt;&gt;</a>&nbsp;&nbsp;&nbsp;__fpl_dcmp_Inf
</UL>

<P><STRONG><a name="[1ca]"></a>__fpl_dcmple_InfNaN</STRONG> (Thumb, 0 bytes, Stack size unknown bytes, dleqf.o(x$fpl$dleqf), UNUSED)
<BR><BR>[Called By]<UL><LI><a href="#[1c9]">&gt;&gt;</a>&nbsp;&nbsp;&nbsp;_drcmple
</UL>

<P><STRONG><a name="[1c7]"></a>__fpl_dnaninf</STRONG> (Thumb, 156 bytes, Stack size 16 bytes, dnaninf.o(x$fpl$dnaninf), UNUSED)
<BR><BR>[Called By]<UL><LI><a href="#[1c6]">&gt;&gt;</a>&nbsp;&nbsp;&nbsp;_dcmple
</UL>

<P><STRONG><a name="[1cd]"></a>__fpl_dretinf</STRONG> (Thumb, 12 bytes, Stack size 0 bytes, dretinf.o(x$fpl$dretinf), UNUSED)
<BR><BR>[Called By]<UL><LI><a href="#[1cb]">&gt;&gt;</a>&nbsp;&nbsp;&nbsp;_f2d
</UL>

<P><STRONG><a name="[ce]"></a>__aeabi_cdrcmple</STRONG> (Thumb, 0 bytes, Stack size 16 bytes, drleqf.o(x$fpl$drleqf))
<BR><BR>[Stack]<UL><LI>Max Depth = 16<LI>Call Chain = __aeabi_cdrcmple
</UL>
<BR>[Called By]<UL><LI><a href="#[cc]">&gt;&gt;</a>&nbsp;&nbsp;&nbsp;Analog_Output_Present_Value_Set
</UL>

<P><STRONG><a name="[1c9]"></a>_drcmple</STRONG> (Thumb, 108 bytes, Stack size 16 bytes, drleqf.o(x$fpl$drleqf), UNUSED)
<BR><BR>[Calls]<UL><LI><a href="#[1ca]">&gt;&gt;</a>&nbsp;&nbsp;&nbsp;__fpl_dcmple_InfNaN
</UL>

<P><STRONG><a name="[cd]"></a>__aeabi_f2d</STRONG> (Thumb, 0 bytes, Stack size 16 bytes, f2d.o(x$fpl$f2d))
<BR><BR>[Stack]<UL><LI>Max Depth = 16<LI>Call Chain = __aeabi_f2d
</UL>
<BR>[Called By]<UL><LI><a href="#[cc]">&gt;&gt;</a>&nbsp;&nbsp;&nbsp;Analog_Output_Present_Value_Set
</UL>

<P><STRONG><a name="[1cb]"></a>_f2d</STRONG> (Thumb, 86 bytes, Stack size 16 bytes, f2d.o(x$fpl$f2d), UNUSED)
<BR><BR>[Calls]<UL><LI><a href="#[1cc]">&gt;&gt;</a>&nbsp;&nbsp;&nbsp;__fpl_fnaninf
<LI><a href="#[1cd]">&gt;&gt;</a>&nbsp;&nbsp;&nbsp;__fpl_dretinf
</UL>

<P><STRONG><a name="[d0]"></a>__aeabi_f2uiz</STRONG> (Thumb, 0 bytes, Stack size 16 bytes, ffixu.o(x$fpl$ffixu))
<BR><BR>[Stack]<UL><LI>Max Depth = 16<LI>Call Chain = __aeabi_f2uiz
</UL>
<BR>[Called By]<UL><LI><a href="#[cc]">&gt;&gt;</a>&nbsp;&nbsp;&nbsp;Analog_Output_Present_Value_Set
</UL>

<P><STRONG><a name="[1ce]"></a>_ffixu</STRONG> (Thumb, 62 bytes, Stack size 16 bytes, ffixu.o(x$fpl$ffixu), UNUSED)
<BR><BR>[Calls]<UL><LI><a href="#[1cc]">&gt;&gt;</a>&nbsp;&nbsp;&nbsp;__fpl_fnaninf
</UL>

<P><STRONG><a name="[ca]"></a>__aeabi_ui2f</STRONG> (Thumb, 0 bytes, Stack size 0 bytes, fflt_clz.o(x$fpl$ffltu))
<BR><BR>[Called By]<UL><LI><a href="#[2f]">&gt;&gt;</a>&nbsp;&nbsp;&nbsp;Analog_Output_Read_Property
<LI><a href="#[c8]">&gt;&gt;</a>&nbsp;&nbsp;&nbsp;Analog_Output_Present_Value
</UL>

<P><STRONG><a name="[200]"></a>_ffltu</STRONG> (Thumb, 38 bytes, Stack size 0 bytes, fflt_clz.o(x$fpl$ffltu), UNUSED)

<P><STRONG><a name="[1cc]"></a>__fpl_fnaninf</STRONG> (Thumb, 140 bytes, Stack size 8 bytes, fnaninf.o(x$fpl$fnaninf), UNUSED)
<BR><BR>[Called By]<UL><LI><a href="#[1ce]">&gt;&gt;</a>&nbsp;&nbsp;&nbsp;_ffixu
<LI><a href="#[1cb]">&gt;&gt;</a>&nbsp;&nbsp;&nbsp;_f2d
</UL>
<P>
<H3>
Local Symbols
</H3>
<P><STRONG><a name="[12f]"></a>NVIC_SetPriority</STRONG> (Thumb, 32 bytes, Stack size 8 bytes, main.o(i.NVIC_SetPriority))
<BR><BR>[Stack]<UL><LI>Max Depth = 8<LI>Call Chain = NVIC_SetPriority
</UL>
<BR>[Called By]<UL><LI><a href="#[12e]">&gt;&gt;</a>&nbsp;&nbsp;&nbsp;TimerInit
</UL>

<P><STRONG><a name="[12d]"></a>SetSysClock</STRONG> (Thumb, 190 bytes, Stack size 12 bytes, system_stm32f2xx.o(i.SetSysClock))
<BR><BR>[Stack]<UL><LI>Max Depth = 12<LI>Call Chain = SetSysClock
</UL>
<BR>[Called By]<UL><LI><a href="#[8d]">&gt;&gt;</a>&nbsp;&nbsp;&nbsp;SystemInit
</UL>

<P><STRONG><a name="[13c]"></a>apdu_confirmed_dcc_disabled</STRONG> (Thumb, 36 bytes, Stack size 16 bytes, apdu.o(i.apdu_confirmed_dcc_disabled))
<BR><BR>[Stack]<UL><LI>Max Depth = 16<LI>Call Chain = apdu_confirmed_dcc_disabled
</UL>
<BR>[Calls]<UL><LI><a href="#[13d]">&gt;&gt;</a>&nbsp;&nbsp;&nbsp;dcc_communication_disabled
</UL>
<BR>[Called By]<UL><LI><a href="#[141]">&gt;&gt;</a>&nbsp;&nbsp;&nbsp;apdu_handler
</UL>

<P><STRONG><a name="[142]"></a>apdu_unconfirmed_dcc_disabled</STRONG> (Thumb, 38 bytes, Stack size 16 bytes, apdu.o(i.apdu_unconfirmed_dcc_disabled))
<BR><BR>[Stack]<UL><LI>Max Depth = 16<LI>Call Chain = apdu_unconfirmed_dcc_disabled
</UL>
<BR>[Calls]<UL><LI><a href="#[147]">&gt;&gt;</a>&nbsp;&nbsp;&nbsp;dcc_communication_initiation_disabled
<LI><a href="#[13d]">&gt;&gt;</a>&nbsp;&nbsp;&nbsp;dcc_communication_disabled
</UL>
<BR>[Called By]<UL><LI><a href="#[141]">&gt;&gt;</a>&nbsp;&nbsp;&nbsp;apdu_handler
</UL>

<P><STRONG><a name="[198]"></a>byte_reverse_bits</STRONG> (Thumb, 86 bytes, Stack size 0 bytes, bacdcode.o(i.byte_reverse_bits))
<BR><BR>[Called By]<UL><LI><a href="#[18a]">&gt;&gt;</a>&nbsp;&nbsp;&nbsp;encode_bitstring
</UL>

<P><STRONG><a name="[1c2]"></a>tsm_find_first_free_index</STRONG> (Thumb, 36 bytes, Stack size 0 bytes, tsm.o(i.tsm_find_first_free_index))
<BR><BR>[Called By]<UL><LI><a href="#[129]">&gt;&gt;</a>&nbsp;&nbsp;&nbsp;tsm_next_free_invokeID
</UL>

<P><STRONG><a name="[1c0]"></a>tsm_find_invokeID_index</STRONG> (Thumb, 42 bytes, Stack size 8 bytes, tsm.o(i.tsm_find_invokeID_index))
<BR><BR>[Stack]<UL><LI>Max Depth = 8<LI>Call Chain = tsm_find_invokeID_index
</UL>
<BR>[Called By]<UL><LI><a href="#[12c]">&gt;&gt;</a>&nbsp;&nbsp;&nbsp;tsm_free_invoke_id
<LI><a href="#[12b]">&gt;&gt;</a>&nbsp;&nbsp;&nbsp;tsm_set_confirmed_unsegmented_transaction
<LI><a href="#[129]">&gt;&gt;</a>&nbsp;&nbsp;&nbsp;tsm_next_free_invokeID
</UL>

<P><STRONG><a name="[117]"></a>RPM_Encode_Property</STRONG> (Thumb, 240 bytes, Stack size 64 bytes, h_rpm.o(i.RPM_Encode_Property))
<BR><BR>[Stack]<UL><LI>Max Depth = 232<LI>Call Chain = RPM_Encode_Property &rArr; Device_Read_Property &rArr; Read_Property_Common &rArr; encode_application_object_id &rArr; encode_bacnet_object_id
</UL>
<BR>[Calls]<UL><LI><a href="#[e6]">&gt;&gt;</a>&nbsp;&nbsp;&nbsp;Device_Read_Property
<LI><a href="#[11b]">&gt;&gt;</a>&nbsp;&nbsp;&nbsp;rpm_ack_encode_apdu_object_property_value
<LI><a href="#[11a]">&gt;&gt;</a>&nbsp;&nbsp;&nbsp;rpm_ack_encode_apdu_object_property_error
<LI><a href="#[118]">&gt;&gt;</a>&nbsp;&nbsp;&nbsp;rpm_ack_encode_apdu_object_property
<LI><a href="#[119]">&gt;&gt;</a>&nbsp;&nbsp;&nbsp;memcopy
</UL>
<BR>[Called By]<UL><LI><a href="#[95]">&gt;&gt;</a>&nbsp;&nbsp;&nbsp;handler_read_property_multiple
</UL>

<P><STRONG><a name="[1aa]"></a>RPM_Object_Property</STRONG> (Thumb, 102 bytes, Stack size 20 bytes, h_rpm.o(i.RPM_Object_Property))
<BR><BR>[Stack]<UL><LI>Max Depth = 20<LI>Call Chain = RPM_Object_Property
</UL>
<BR>[Called By]<UL><LI><a href="#[95]">&gt;&gt;</a>&nbsp;&nbsp;&nbsp;handler_read_property_multiple
</UL>

<P><STRONG><a name="[1a9]"></a>RPM_Object_Property_Count</STRONG> (Thumb, 38 bytes, Stack size 8 bytes, h_rpm.o(i.RPM_Object_Property_Count))
<BR><BR>[Stack]<UL><LI>Max Depth = 8<LI>Call Chain = RPM_Object_Property_Count
</UL>
<BR>[Called By]<UL><LI><a href="#[95]">&gt;&gt;</a>&nbsp;&nbsp;&nbsp;handler_read_property_multiple
</UL>

<P><STRONG><a name="[1ae]"></a>match_name_or_object</STRONG> (Thumb, 92 bytes, Stack size 96 bytes, h_whohas.o(i.match_name_or_object))
<BR><BR>[Stack]<UL><LI>Max Depth = 352<LI>Call Chain = match_name_or_object &rArr; Send_I_Have &rArr; ihave_encode_apdu &rArr; encode_application_object_id &rArr; encode_bacnet_object_id
</UL>
<BR>[Calls]<UL><LI><a href="#[121]">&gt;&gt;</a>&nbsp;&nbsp;&nbsp;Send_I_Have
<LI><a href="#[180]">&gt;&gt;</a>&nbsp;&nbsp;&nbsp;Device_Object_Instance_Number
<LI><a href="#[f8]">&gt;&gt;</a>&nbsp;&nbsp;&nbsp;Device_Valid_Object_Name
<LI><a href="#[e2]">&gt;&gt;</a>&nbsp;&nbsp;&nbsp;Device_Object_Name_Copy
</UL>
<BR>[Called By]<UL><LI><a href="#[93]">&gt;&gt;</a>&nbsp;&nbsp;&nbsp;handler_who_has
</UL>

<P><STRONG><a name="[14e]"></a>automac_address_used</STRONG> (Thumb, 42 bytes, Stack size 0 bytes, automac.o(i.automac_address_used))
<BR><BR>[Called By]<UL><LI><a href="#[14b]">&gt;&gt;</a>&nbsp;&nbsp;&nbsp;automac_free_address_valid
</UL>

<P><STRONG><a name="[e3]"></a>Device_Objects_Find_Functions</STRONG> (Thumb, 32 bytes, Stack size 0 bytes, device.o(i.Device_Objects_Find_Functions))
<BR><BR>[Called By]<UL><LI><a href="#[f9]">&gt;&gt;</a>&nbsp;&nbsp;&nbsp;Device_Write_Property
<LI><a href="#[e4]">&gt;&gt;</a>&nbsp;&nbsp;&nbsp;Device_Objects_Property_List
<LI><a href="#[e6]">&gt;&gt;</a>&nbsp;&nbsp;&nbsp;Device_Read_Property
<LI><a href="#[f8]">&gt;&gt;</a>&nbsp;&nbsp;&nbsp;Device_Valid_Object_Name
<LI><a href="#[e2]">&gt;&gt;</a>&nbsp;&nbsp;&nbsp;Device_Object_Name_Copy
</UL>

<P><STRONG><a name="[e7]"></a>Read_Property_Common</STRONG> (Thumb, 196 bytes, Stack size 96 bytes, device.o(i.Read_Property_Common))
<BR><BR>[Stack]<UL><LI>Max Depth = 152<LI>Call Chain = Read_Property_Common &rArr; encode_application_object_id &rArr; encode_bacnet_object_id
</UL>
<BR>[Calls]<UL><LI><a href="#[bc]">&gt;&gt;</a>&nbsp;&nbsp;&nbsp;encode_application_object_id
<LI><a href="#[be]">&gt;&gt;</a>&nbsp;&nbsp;&nbsp;encode_application_enumerated
<LI><a href="#[bd]">&gt;&gt;</a>&nbsp;&nbsp;&nbsp;encode_application_character_string
<LI><a href="#[b9]">&gt;&gt;</a>&nbsp;&nbsp;&nbsp;characterstring_init_ansi
</UL>
<BR>[Called By]<UL><LI><a href="#[e6]">&gt;&gt;</a>&nbsp;&nbsp;&nbsp;Device_Read_Property
</UL>

<P><STRONG><a name="[e5]"></a>property_list_count</STRONG> (Thumb, 20 bytes, Stack size 0 bytes, device.o(i.property_list_count))
<BR><BR>[Called By]<UL><LI><a href="#[e4]">&gt;&gt;</a>&nbsp;&nbsp;&nbsp;Device_Objects_Property_List
</UL>

<P><STRONG><a name="[104]"></a>MSTP_Master_Node_FSM</STRONG> (Thumb, 2042 bytes, Stack size 48 bytes, dlmstp.o(i.MSTP_Master_Node_FSM))
<BR><BR>[Stack]<UL><LI>Max Depth = 192<LI>Call Chain = MSTP_Master_Node_FSM &rArr; dlmstp_compare_data_expecting_reply &rArr; npdu_decode
</UL>
<BR>[Calls]<UL><LI><a href="#[10a]">&gt;&gt;</a>&nbsp;&nbsp;&nbsp;Ringbuf_Pop_Front
<LI><a href="#[10b]">&gt;&gt;</a>&nbsp;&nbsp;&nbsp;Ringbuf_Get_Front
<LI><a href="#[109]">&gt;&gt;</a>&nbsp;&nbsp;&nbsp;Ringbuf_Empty
<LI><a href="#[106]">&gt;&gt;</a>&nbsp;&nbsp;&nbsp;automac_next_station
<LI><a href="#[107]">&gt;&gt;</a>&nbsp;&nbsp;&nbsp;rs485_silence_elapsed
<LI><a href="#[105]">&gt;&gt;</a>&nbsp;&nbsp;&nbsp;dlmstp_automac_hander
<LI><a href="#[10c]">&gt;&gt;</a>&nbsp;&nbsp;&nbsp;dlmstp_compare_data_expecting_reply
<LI><a href="#[108]">&gt;&gt;</a>&nbsp;&nbsp;&nbsp;MSTP_Send_Frame
</UL>
<BR>[Called By]<UL><LI><a href="#[16b]">&gt;&gt;</a>&nbsp;&nbsp;&nbsp;dlmstp_receive
</UL>

<P><STRONG><a name="[10d]"></a>MSTP_Receive_Frame_FSM</STRONG> (Thumb, 496 bytes, Stack size 16 bytes, dlmstp.o(i.MSTP_Receive_Frame_FSM))
<BR><BR>[Stack]<UL><LI>Max Depth = 28<LI>Call Chain = MSTP_Receive_Frame_FSM &rArr; rs485_silence_reset &rArr; timer_elapsed_start
</UL>
<BR>[Calls]<UL><LI><a href="#[10f]">&gt;&gt;</a>&nbsp;&nbsp;&nbsp;CRC_Calc_Header
<LI><a href="#[110]">&gt;&gt;</a>&nbsp;&nbsp;&nbsp;CRC_Calc_Data
<LI><a href="#[10e]">&gt;&gt;</a>&nbsp;&nbsp;&nbsp;rs485_silence_reset
</UL>
<BR>[Called By]<UL><LI><a href="#[16b]">&gt;&gt;</a>&nbsp;&nbsp;&nbsp;dlmstp_receive
</UL>

<P><STRONG><a name="[108]"></a>MSTP_Send_Frame</STRONG> (Thumb, 320 bytes, Stack size 40 bytes, dlmstp.o(i.MSTP_Send_Frame))
<BR><BR>[Stack]<UL><LI>Max Depth = 60<LI>Call Chain = MSTP_Send_Frame &rArr; Ringbuf_Alloc &rArr; Ringbuf_Full
</UL>
<BR>[Calls]<UL><LI><a href="#[111]">&gt;&gt;</a>&nbsp;&nbsp;&nbsp;Ringbuf_Alloc
<LI><a href="#[10f]">&gt;&gt;</a>&nbsp;&nbsp;&nbsp;CRC_Calc_Header
<LI><a href="#[110]">&gt;&gt;</a>&nbsp;&nbsp;&nbsp;CRC_Calc_Data
</UL>
<BR>[Called By]<UL><LI><a href="#[105]">&gt;&gt;</a>&nbsp;&nbsp;&nbsp;dlmstp_automac_hander
<LI><a href="#[104]">&gt;&gt;</a>&nbsp;&nbsp;&nbsp;MSTP_Master_Node_FSM
</UL>

<P><STRONG><a name="[112]"></a>MSTP_Transmit_FSM</STRONG> (Thumb, 122 bytes, Stack size 8 bytes, dlmstp.o(i.MSTP_Transmit_FSM))
<BR><BR>[Stack]<UL><LI>Max Depth = 44<LI>Call Chain = MSTP_Transmit_FSM &rArr; uart_bytes_send &rArr; USART_ITConfig
</UL>
<BR>[Calls]<UL><LI><a href="#[10a]">&gt;&gt;</a>&nbsp;&nbsp;&nbsp;Ringbuf_Pop_Front
<LI><a href="#[10b]">&gt;&gt;</a>&nbsp;&nbsp;&nbsp;Ringbuf_Get_Front
<LI><a href="#[109]">&gt;&gt;</a>&nbsp;&nbsp;&nbsp;Ringbuf_Empty
<LI><a href="#[113]">&gt;&gt;</a>&nbsp;&nbsp;&nbsp;uart_bytes_send
<LI><a href="#[116]">&gt;&gt;</a>&nbsp;&nbsp;&nbsp;rs485_rts_enable
<LI><a href="#[115]">&gt;&gt;</a>&nbsp;&nbsp;&nbsp;rs485_frame_sent
<LI><a href="#[114]">&gt;&gt;</a>&nbsp;&nbsp;&nbsp;rs485_byte_sent
</UL>
<BR>[Called By]<UL><LI><a href="#[16b]">&gt;&gt;</a>&nbsp;&nbsp;&nbsp;dlmstp_receive
</UL>

<P><STRONG><a name="[10c]"></a>dlmstp_compare_data_expecting_reply</STRONG> (Thumb, 402 bytes, Stack size 96 bytes, dlmstp.o(i.dlmstp_compare_data_expecting_reply))
<BR><BR>[Stack]<UL><LI>Max Depth = 144<LI>Call Chain = dlmstp_compare_data_expecting_reply &rArr; npdu_decode
</UL>
<BR>[Calls]<UL><LI><a href="#[183]">&gt;&gt;</a>&nbsp;&nbsp;&nbsp;bacnet_address_same
<LI><a href="#[182]">&gt;&gt;</a>&nbsp;&nbsp;&nbsp;npdu_decode
</UL>
<BR>[Called By]<UL><LI><a href="#[104]">&gt;&gt;</a>&nbsp;&nbsp;&nbsp;MSTP_Master_Node_FSM
</UL>

<P><STRONG><a name="[1b8]"></a>rs485_baud_rate_configure</STRONG> (Thumb, 42 bytes, Stack size 24 bytes, rs485.o(i.rs485_baud_rate_configure))
<BR><BR>[Stack]<UL><LI>Max Depth = 92<LI>Call Chain = rs485_baud_rate_configure &rArr; USART_Init &rArr; RCC_GetClocksFreq
</UL>
<BR>[Calls]<UL><LI><a href="#[136]">&gt;&gt;</a>&nbsp;&nbsp;&nbsp;USART_Init
</UL>
<BR>[Called By]<UL><LI><a href="#[100]">&gt;&gt;</a>&nbsp;&nbsp;&nbsp;rs485_baud_rate_set
</UL>

<P><STRONG><a name="[da]"></a>Binary_Output_Out_Of_Service_Set</STRONG> (Thumb, 10 bytes, Stack size 0 bytes, bo.o(i.Binary_Output_Out_Of_Service_Set))
<BR><BR>[Called By]<UL><LI><a href="#[18]">&gt;&gt;</a>&nbsp;&nbsp;&nbsp;Binary_Output_Write_Property
<LI><a href="#[12]">&gt;&gt;</a>&nbsp;&nbsp;&nbsp;Binary_Output_Init
</UL>

<P><STRONG><a name="[d9]"></a>Binary_Output_Polarity_Set</STRONG> (Thumb, 14 bytes, Stack size 0 bytes, bo.o(i.Binary_Output_Polarity_Set))
<BR><BR>[Called By]<UL><LI><a href="#[18]">&gt;&gt;</a>&nbsp;&nbsp;&nbsp;Binary_Output_Write_Property
<LI><a href="#[12]">&gt;&gt;</a>&nbsp;&nbsp;&nbsp;Binary_Output_Init
</UL>

<P><STRONG><a name="[dd]"></a>Present_Value</STRONG> (Thumb, 50 bytes, Stack size 8 bytes, bo.o(i.Present_Value))
<BR><BR>[Stack]<UL><LI>Max Depth = 8<LI>Call Chain = Present_Value
</UL>
<BR>[Called By]<UL><LI><a href="#[db]">&gt;&gt;</a>&nbsp;&nbsp;&nbsp;Binary_Output_Present_Value
</UL>

<P><STRONG><a name="[d4]"></a>Binary_Input_Out_Of_Service_Set</STRONG> (Thumb, 40 bytes, Stack size 12 bytes, bi.o(i.Binary_Input_Out_Of_Service_Set))
<BR><BR>[Stack]<UL><LI>Max Depth = 12<LI>Call Chain = Binary_Input_Out_Of_Service_Set
</UL>
<BR>[Calls]<UL><LI><a href="#[d3]">&gt;&gt;</a>&nbsp;&nbsp;&nbsp;Binary_Input_Instance_To_Index
</UL>
<BR>[Called By]<UL><LI><a href="#[20]">&gt;&gt;</a>&nbsp;&nbsp;&nbsp;Binary_Input_Write_Property
</UL>

<P><STRONG><a name="[90]"></a>_printf_input_char</STRONG> (Thumb, 10 bytes, Stack size 0 bytes, _printf_char_common.o(.text))
<BR>[Address Reference Count : 1]<UL><LI> _printf_char_common.o(.text)
</UL><P>
<H3>
Undefined Global Symbols
</H3><HR></body></html>
