ARM Linker, 5.03 [Build 76] [MDK-ARM Standard]

==============================================================================

Section Cross References

    stm32f2xx_it.o(i.SysTick_Handler) refers to stm32f2xx_it.o(.data) for Millisecond_Counter
    stm32f2xx_it.o(i.UART4_IRQHandler) refers to stm32f2xx_usart.o(i.USART_GetITStatus) for USART_GetITStatus
    stm32f2xx_it.o(i.UART4_IRQHandler) refers to stm32f2xx_usart.o(i.USART_ReceiveData) for USART_ReceiveData
    stm32f2xx_it.o(i.UART4_IRQHandler) refers to stm32f2xx_it.o(.bss) for rxBuff
    stm32f2xx_it.o(i.UART4_IRQHandler) refers to stm32f2xx_it.o(.data) for count
    main.o(i.GPIO_Configuration) refers to stm32f2xx_rcc.o(i.RCC_AHB1PeriphClockCmd) for RCC_AHB1PeriphClockCmd
    main.o(i.GPIO_Configuration) refers to stm32f2xx_gpio.o(i.GPIO_Init) for GPIO_Init
    main.o(i.TimerInit) refers to main.o(i.NVIC_SetPriority) for NVIC_SetPriority
    main.o(i.TimerInit) refers to misc.o(i.SysTick_CLKSourceConfig) for SysTick_CLKSourceConfig
    main.o(i.main) refers to main.o(i.GPIO_Configuration) for GPIO_Configuration
    main.o(i.main) refers to usart.o(i.USART_Configuration) for USART_Configuration
    main.o(i.main) refers to usart.o(i.USART_NVIC_Config) for USART_NVIC_Config
    main.o(i.main) refers to main.o(i.TimerInit) for TimerInit
    main.o(i.main) refers to rs485.o(i.rs485_init) for rs485_init
    main.o(i.main) refers to bacnet.o(i.bacnet_init) for bacnet_init
    main.o(i.main) refers to timer.o(i.timer_interval_start) for timer_interval_start
    main.o(i.main) refers to timer.o(i.timer_interval_expired) for timer_interval_expired
    main.o(i.main) refers to timer.o(i.timer_interval_reset) for timer_interval_reset
    main.o(i.main) refers to bacnet.o(i.bacnet_task) for bacnet_task
    main.o(.data) refers to main.o(.conststring) for .conststring
    config.o(i.Open207_JOYSTICK_KEY_Init) refers to stm32f2xx_rcc.o(i.RCC_AHB1PeriphClockCmd) for RCC_AHB1PeriphClockCmd
    config.o(i.Open207_JOYSTICK_KEY_Init) refers to stm32f2xx_gpio.o(i.GPIO_Init) for GPIO_Init
    config.o(i.Open207_LEDInit) refers to stm32f2xx_rcc.o(i.RCC_AHB1PeriphClockCmd) for RCC_AHB1PeriphClockCmd
    config.o(i.Open207_LEDInit) refers to stm32f2xx_gpio.o(i.GPIO_Init) for GPIO_Init
    usart.o(i.USART_Configuration) refers to stm32f2xx_rcc.o(i.RCC_AHB1PeriphClockCmd) for RCC_AHB1PeriphClockCmd
    usart.o(i.USART_Configuration) refers to stm32f2xx_rcc.o(i.RCC_APB1PeriphClockCmd) for RCC_APB1PeriphClockCmd
    usart.o(i.USART_Configuration) refers to stm32f2xx_gpio.o(i.GPIO_PinAFConfig) for GPIO_PinAFConfig
    usart.o(i.USART_Configuration) refers to stm32f2xx_gpio.o(i.GPIO_Init) for GPIO_Init
    usart.o(i.USART_Configuration) refers to stm32f2xx_usart.o(i.USART_Init) for USART_Init
    usart.o(i.USART_Configuration) refers to stm32f2xx_usart.o(i.USART_ITConfig) for USART_ITConfig
    usart.o(i.USART_Configuration) refers to stm32f2xx_usart.o(i.USART_Cmd) for USART_Cmd
    usart.o(i.USART_NVIC_Config) refers to misc.o(i.NVIC_Init) for NVIC_Init
    startup_stm32f2xx.o(STACK) refers (Special) to heapauxi.o(.text) for __use_two_region_memory
    startup_stm32f2xx.o(HEAP) refers (Special) to heapauxi.o(.text) for __use_two_region_memory
    startup_stm32f2xx.o(RESET) refers (Special) to heapauxi.o(.text) for __use_two_region_memory
    startup_stm32f2xx.o(RESET) refers to startup_stm32f2xx.o(STACK) for __initial_sp
    startup_stm32f2xx.o(RESET) refers to startup_stm32f2xx.o(.text) for Reset_Handler
    startup_stm32f2xx.o(RESET) refers to stm32f2xx_it.o(i.NMI_Handler) for NMI_Handler
    startup_stm32f2xx.o(RESET) refers to stm32f2xx_it.o(i.HardFault_Handler) for HardFault_Handler
    startup_stm32f2xx.o(RESET) refers to stm32f2xx_it.o(i.MemManage_Handler) for MemManage_Handler
    startup_stm32f2xx.o(RESET) refers to stm32f2xx_it.o(i.BusFault_Handler) for BusFault_Handler
    startup_stm32f2xx.o(RESET) refers to stm32f2xx_it.o(i.UsageFault_Handler) for UsageFault_Handler
    startup_stm32f2xx.o(RESET) refers to stm32f2xx_it.o(i.SVC_Handler) for SVC_Handler
    startup_stm32f2xx.o(RESET) refers to stm32f2xx_it.o(i.DebugMon_Handler) for DebugMon_Handler
    startup_stm32f2xx.o(RESET) refers to stm32f2xx_it.o(i.PendSV_Handler) for PendSV_Handler
    startup_stm32f2xx.o(RESET) refers to stm32f2xx_it.o(i.SysTick_Handler) for SysTick_Handler
    startup_stm32f2xx.o(RESET) refers to stm32f2xx_it.o(i.UART4_IRQHandler) for UART4_IRQHandler
    startup_stm32f2xx.o(.text) refers (Special) to heapauxi.o(.text) for __use_two_region_memory
    startup_stm32f2xx.o(.text) refers to system_stm32f2xx.o(i.SystemInit) for SystemInit
    startup_stm32f2xx.o(.text) refers to __main.o(!!!main) for __main
    startup_stm32f2xx.o(.text) refers to startup_stm32f2xx.o(HEAP) for Heap_Mem
    startup_stm32f2xx.o(.text) refers to startup_stm32f2xx.o(STACK) for Stack_Mem
[...]
    RCC_IRQHandler                           0x080002bb   Thumb Code     0  startup_stm32f2xx.o(.text)
    RTC_Alarm_IRQHandler                     0x080002bb   Thumb Code     0  startup_stm32f2xx.o(.text)
    RTC_WKUP_IRQHandler                      0x080002bb   Thumb Code     0  startup_stm32f2xx.o(.text)
    SDIO_IRQHandler                          0x080002bb   Thumb Code     0  startup_stm32f2xx.o(.text)
    SPI1_IRQHandler                          0x080002bb   Thumb Code     0  startup_stm32f2xx.o(.text)
    SPI2_IRQHandler                          0x080002bb   Thumb Code     0  startup_stm32f2xx.o(.text)
    SPI3_IRQHandler                          0x080002bb   Thumb Code     0  startup_stm32f2xx.o(.text)
    TAMP_STAMP_IRQHandler                    0x080002bb   Thumb Code     0  startup_stm32f2xx.o(.text)
    TIM1_BRK_TIM9_IRQHandler                 0x080002bb   Thumb Code     0  startup_stm32f2xx.o(.text)
    TIM1_CC_IRQHandler                       0x080002bb   Thumb Code     0  startup_stm32f2xx.o(.text)
    TIM1_TRG_COM_TIM11_IRQHandler            0x080002bb   Thumb Code     0  startup_stm32f2xx.o(.text)
    TIM1_UP_TIM10_IRQHandler                 0x080002bb   Thumb Code     0  startup_stm32f2xx.o(.text)
    TIM2_IRQHandler                          0x080002bb   Thumb Code     0  startup_stm32f2xx.o(.text)
    TIM3_IRQHandler                          0x080002bb   Thumb Code     0  startup_stm32f2xx.o(.text)
    TIM4_IRQHandler                          0x080002bb   Thumb Code     0  startup_stm32f2xx.o(.text)
    TIM5_IRQHandler                          0x080002bb   Thumb Code     0  startup_stm32f2xx.o(.text)
    TIM6_DAC_IRQHandler                      0x080002bb   Thumb Code     0  startup_stm32f2xx.o(.text)
    TIM7_IRQHandler                          0x080002bb   Thumb Code     0  startup_stm32f2xx.o(.text)
    TIM8_BRK_TIM12_IRQHandler                0x080002bb   Thumb Code     0  startup_stm32f2xx.o(.text)
    TIM8_CC_IRQHandler                       0x080002bb   Thumb Code     0  startup_stm32f2xx.o(.text)
    TIM8_TRG_COM_TIM14_IRQHandler            0x080002bb   Thumb Code     0  startup_stm32f2xx.o(.text)
    TIM8_UP_TIM13_IRQHandler                 0x080002bb   Thumb Code     0  startup_stm32f2xx.o(.text)
    UART5_IRQHandler                         0x080002bb   Thumb Code     0  startup_stm32f2xx.o(.text)
    USART1_IRQHandler                        0x080002bb   Thumb Code     0  startup_stm32f2xx.o(.text)
    USART2_IRQHandler                        0x080002bb   Thumb Code     0  startup_stm32f2xx.o(.text)
    USART3_IRQHandler                        0x080002bb   Thumb Code     0  startup_stm32f2xx.o(.text)
    USART6_IRQHandler                        0x080002bb   Thumb Code     0  startup_stm32f2xx.o(.text)
    WWDG_IRQHandler                          0x080002bb   Thumb Code     0  startup_stm32f2xx.o(.text)
    __user_initial_stackheap                 0x080002bd   Thumb Code     0  startup_stm32f2xx.o(.text)
    __2sprintf                               0x080002e1   Thumb Code    34  noretval__2sprintf.o(.text)
    _printf_int_dec                          0x08000309   Thumb Code   102  _printf_dec.o(.text)
    __printf                                 0x08000381   Thumb Code   184  __printf_ss.o(.text)
    srand                                    0x08000439   Thumb Code    42  rand.o(.text)
    _rand_init                               0x08000463   Thumb Code     4  rand.o(.text)
    strlen                                   0x08000475   Thumb Code    62  strlen.o(.text)
    __aeabi_memcpy                           0x080004b3   Thumb Code     0  rt_memcpy_v6.o(.text)
    __rt_memcpy                              0x080004b3   Thumb Code   138  rt_memcpy_v6.o(.text)
    _memcpy_lastbytes                        0x08000519   Thumb Code     0  rt_memcpy_v6.o(.text)
    __aeabi_memclr4                          0x0800053d   Thumb Code     0  rt_memclr_w.o(.text)
    __aeabi_memclr8                          0x0800053d   Thumb Code     0  rt_memclr_w.o(.text)
    __rt_memclr_w                            0x0800053d   Thumb Code    78  rt_memclr_w.o(.text)
    _memset_w                                0x08000541   Thumb Code     0  rt_memclr_w.o(.text)
    __use_two_region_memory                  0x0800058b   Thumb Code     2  heapauxi.o(.text)
    __rt_heap_escrow                         0x0800058d   Thumb Code     2  heapauxi.o(.text)
    __rt_heap_expand                         0x0800058f   Thumb Code     2  heapauxi.o(.text)
    _printf_int_common                       0x08000591   Thumb Code   184  _printf_intcommon.o(.text)
    _printf_char_common                      0x08000653   Thumb Code    32  _printf_char_common.o(.text)
    _sputc                                   0x08000679   Thumb Code    10  _sputc.o(.text)
    __aeabi_memcpy4                          0x08000683   Thumb Code     0  rt_memcpy_w.o(.text)
    __aeabi_memcpy8                          0x08000683   Thumb Code     0  rt_memcpy_w.o(.text)
    __rt_memcpy_w                            0x08000683   Thumb Code   100  rt_memcpy_w.o(.text)
    _memcpy_lastbytes_aligned                0x080006cb   Thumb Code     0  rt_memcpy_w.o(.text)
    _sys_exit                                0x080006e9   Thumb Code     8  sys_exit.o(.text)
    __user_libspace                          0x080006f5   Thumb Code     8  libspace.o(.text)
    __user_perproc_libspace                  0x080006f5   Thumb Code     0  libspace.o(.text)
    __user_perthread_libspace                0x080006f5   Thumb Code     0  libspace.o(.text)
    __I$use$semihosting                      0x080006fd   Thumb Code     0  use_no_semi.o(.text)
    __use_no_semihosting_swi                 0x080006fd   Thumb Code     2  use_no_semi.o(.text)
    __semihosting_library_function           0x080006ff   Thumb Code     0  indicate_semi.o(.text)
    __user_setup_stackheap                   0x080006ff   Thumb Code    74  sys_stackheap_outer.o(.text)
    exit                                     0x08000749   Thumb Code    12  exit.o(.text)
    Analog_Input_Count                       0x08000755   Thumb Code     4  ai.o(i.Analog_Input_Count)
    Analog_Input_Index_To_Instance           0x08000759   Thumb Code     2  ai.o(i.Analog_Input_Index_To_Instance)
    Analog_Input_Init                        0x0800075d   Thumb Code    60  ai.o(i.Analog_Input_Init)
    Analog_Input_Instance_To_Index           0x0800079d   Thumb Code    12  ai.o(i.Analog_Input_Instance_To_Index)
    Analog_Input_Object_Name                 0x080007a9   Thumb Code    48  ai.o(i.Analog_Input_Object_Name)
    Analog_Input_Present_Value               0x080007f1   Thumb Code    34  ai.o(i.Analog_Input_Present_Value)
    Analog_Input_Present_Value_Set           0x08000819   Thumb Code    32  ai.o(i.Analog_Input_Present_Value_Set)
    Analog_Input_Property_Lists              0x0800083d   Thumb Code    20  ai.o(i.Analog_Input_Property_Lists)
    Analog_Input_Read_Property               0x0800085d   Thumb Code   402  ai.o(i.Analog_Input_Read_Property)
    Analog_Input_Valid_Instance              0x080009f9   Thumb Code    24  ai.o(i.Analog_Input_Valid_Instance)
    Analog_Input_Write_Property              0x08000a11   Thumb Code   338  ai.o(i.Analog_Input_Write_Property)
    Analog_Output_Count                      0x08000b69   Thumb Code     4  ao.o(i.Analog_Output_Count)
    Analog_Output_Index_To_Instance          0x08000b6d   Thumb Code     2  ao.o(i.Analog_Output_Index_To_Instance)
    Analog_Output_Init                       0x08000b71   Thumb Code    44  ao.o(i.Analog_Output_Init)
    Analog_Output_Instance_To_Index          0x08000ba5   Thumb Code    12  ao.o(i.Analog_Output_Instance_To_Index)
    Analog_Output_Object_Name                0x08000bb1   Thumb Code    36  ao.o(i.Analog_Output_Object_Name)
    Analog_Output_Present_Value              0x08000bed   Thumb Code    70  ao.o(i.Analog_Output_Present_Value)
    Analog_Output_Present_Value_Relinquish   0x08000c39   Thumb Code    50  ao.o(i.Analog_Output_Present_Value_Relinquish)
    Analog_Output_Present_Value_Set          0x08000c71   Thumb Code   100  ao.o(i.Analog_Output_Present_Value_Set)
    Analog_Output_Property_Lists             0x08000cdd   Thumb Code    20  ao.o(i.Analog_Output_Property_Lists)
    Analog_Output_Read_Property              0x08000cfd   Thumb Code   556  ao.o(i.Analog_Output_Read_Property)
    Analog_Output_Valid_Instance             0x08000f35   Thumb Code    14  ao.o(i.Analog_Output_Valid_Instance)
    Analog_Output_Write_Property             0x08000f45   Thumb Code   338  ao.o(i.Analog_Output_Write_Property)
    Binary_Input_Count                       0x0800109d   Thumb Code     4  bi.o(i.Binary_Input_Count)
    Binary_Input_Index_To_Instance           0x080010a1   Thumb Code     2  bi.o(i.Binary_Input_Index_To_Instance)
    Binary_Input_Init                        0x080010a5   Thumb Code    30  bi.o(i.Binary_Input_Init)
    Binary_Input_Instance_To_Index           0x080010cd   Thumb Code    12  bi.o(i.Binary_Input_Instance_To_Index)
    Binary_Input_Object_Name                 0x080010d9   Thumb Code    36  bi.o(i.Binary_Input_Object_Name)
    Binary_Input_Out_Of_Service              0x08001109   Thumb Code    28  bi.o(i.Binary_Input_Out_Of_Service)
    Binary_Input_Polarity                    0x08001159   Thumb Code    14  bi.o(i.Binary_Input_Polarity)
    Binary_Input_Polarity_Set                0x0800116d   Thumb Code    14  bi.o(i.Binary_Input_Polarity_Set)
    Binary_Input_Present_Value               0x08001181   Thumb Code    28  bi.o(i.Binary_Input_Present_Value)
    Binary_Input_Present_Value_Set           0x080011a1   Thumb Code    46  bi.o(i.Binary_Input_Present_Value_Set)
    Binary_Input_Property_Lists              0x080011d9   Thumb Code    20  bi.o(i.Binary_Input_Property_Lists)
    Binary_Input_Read_Property               0x080011f9   Thumb Code   312  bi.o(i.Binary_Input_Read_Property)
    Binary_Input_Valid_Instance              0x08001331   Thumb Code    14  bi.o(i.Binary_Input_Valid_Instance)
    Binary_Input_Write_Property              0x0800133f   Thumb Code   238  bi.o(i.Binary_Input_Write_Property)
    Binary_Output_Count                      0x0800142d   Thumb Code     4  bo.o(i.Binary_Output_Count)
    Binary_Output_Index_To_Instance          0x08001431   Thumb Code     2  bo.o(i.Binary_Output_Index_To_Instance)
    Binary_Output_Init                       0x08001435   Thumb Code    50  bo.o(i.Binary_Output_Init)
    Binary_Output_Instance_To_Index          0x0800146d   Thumb Code    12  bo.o(i.Binary_Output_Instance_To_Index)
    Binary_Output_Object_Name                0x08001479   Thumb Code    32  bo.o(i.Binary_Output_Object_Name)
    Binary_Output_Out_Of_Service             0x0800149d   Thumb Code    24  bo.o(i.Binary_Output_Out_Of_Service)
    Binary_Output_Polarity                   0x080014c9   Thumb Code    14  bo.o(i.Binary_Output_Polarity)
    Binary_Output_Present_Value              0x080014f1   Thumb Code    22  bo.o(i.Binary_Output_Present_Value)
    Binary_Output_Present_Value_Set          0x08001509   Thumb Code    26  bo.o(i.Binary_Output_Present_Value_Set)
    Binary_Output_Property_Lists             0x08001529   Thumb Code    20  bo.o(i.Binary_Output_Property_Lists)
    Binary_Output_Read_Property              0x08001549   Thumb Code   526  bo.o(i.Binary_Output_Read_Property)
    Binary_Output_Valid_Instance             0x0800176d   Thumb Code    14  bo.o(i.Binary_Output_Valid_Instance)
    Binary_Output_Write_Property             0x0800177b   Thumb Code   484  bo.o(i.Binary_Output_Write_Property)
    BusFault_Handler                         0x0800195f   Thumb Code     4  stm32f2xx_it.o(i.BusFault_Handler)
    CRC_Calc_Data                            0x08001963   Thumb Code    48  crc.o(i.CRC_Calc_Data)
    CRC_Calc_Header                          0x08001993   Thumb Code    52  crc.o(i.CRC_Calc_Header)
    DebugMon_Handler                         0x080019c7   Thumb Code     2  stm32f2xx_it.o(i.DebugMon_Handler)
    Device_Count                             0x080019c9   Thumb Code     4  device.o(i.Device_Count)
    Device_Database_Revision                 0x080019cd   Thumb Code     6  device.o(i.Device_Database_Revision)
    Device_Inc_Database_Revision             0x080019d9   Thumb Code    12  device.o(i.Device_Inc_Database_Revision)
    Device_Index_To_Instance                 0x080019e9   Thumb Code    10  device.o(i.Device_Index_To_Instance)
    Device_Init                              0x080019f9   Thumb Code    72  device.o(i.Device_Init)
    Device_Object_Instance_Number            0x08001a55   Thumb Code     6  device.o(i.Device_Object_Instance_Number)
    Device_Object_List_Count                 0x08001a61   Thumb Code    34  device.o(i.Device_Object_List_Count)
    Device_Object_List_Identifier            0x08001a89   Thumb Code    92  device.o(i.Device_Object_List_Identifier)
    Device_Object_Name                       0x08001ae9   Thumb Code    30  device.o(i.Device_Object_Name)
    Device_Object_Name_Copy                  0x08001b11   Thumb Code    44  device.o(i.Device_Object_Name_Copy)
    Device_Objects_Property_List             0x08001b61   Thumb Code    94  device.o(i.Device_Objects_Property_List)
    Device_Property_Lists                    0x08001bc1   Thumb Code    20  device.o(i.Device_Property_Lists)
    Device_Read_Property                     0x08001be1   Thumb Code    66  device.o(i.Device_Read_Property)
    Device_Read_Property_Local               0x08001c25   Thumb Code   816  device.o(i.Device_Read_Property_Local)
    Device_Reinitialize                      0x08001f95   Thumb Code    50  device.o(i.Device_Reinitialize)
    Device_Segmentation_Supported            0x08001fd5   Thumb Code     4  device.o(i.Device_Segmentation_Supported)
    Device_Set_Object_Instance_Number        0x08001fd9   Thumb Code    20  device.o(i.Device_Set_Object_Instance_Number)
    Device_Set_Object_Name                   0x08001ff1   Thumb Code    34  device.o(i.Device_Set_Object_Name)
    Device_System_Status                     0x08002019   Thumb Code     6  device.o(i.Device_System_Status)
    Device_Valid_Object_Instance_Number      0x08002025   Thumb Code    18  device.o(i.Device_Valid_Object_Instance_Number)
    Device_Valid_Object_Name                 0x0800203d   Thumb Code   126  device.o(i.Device_Valid_Object_Name)
    Device_Vendor_Identifier                 0x080020bb   Thumb Code     4  device.o(i.Device_Vendor_Identifier)
    Device_Write_Property                    0x080020bf   Thumb Code    88  device.o(i.Device_Write_Property)
    Device_Write_Property_Local              0x08002119   Thumb Code   646  device.o(i.Device_Write_Property_Local)
    GPIO_Configuration                       0x080023a5   Thumb Code    50  main.o(i.GPIO_Configuration)
    GPIO_Init                                0x080023dd   Thumb Code   144  stm32f2xx_gpio.o(i.GPIO_Init)
    GPIO_PinAFConfig                         0x0800246d   Thumb Code    70  stm32f2xx_gpio.o(i.GPIO_PinAFConfig)
    GPIO_WriteBit                            0x080024b3   Thumb Code    10  stm32f2xx_gpio.o(i.GPIO_WriteBit)
    HardFault_Handler                        0x080024bd   Thumb Code     4  stm32f2xx_it.o(i.HardFault_Handler)
    MemManage_Handler                        0x080030f9   Thumb Code     4  stm32f2xx_it.o(i.MemManage_Handler)
    NMI_Handler                              0x080030fd   Thumb Code     2  stm32f2xx_it.o(i.NMI_Handler)
    NVIC_Init                                0x08003101   Thumb Code   108  misc.o(i.NVIC_Init)
    PendSV_Handler                           0x080031a1   Thumb Code     2  stm32f2xx_it.o(i.PendSV_Handler)
    RCC_AHB1PeriphClockCmd                   0x080031dd   Thumb Code    26  stm32f2xx_rcc.o(i.RCC_AHB1PeriphClockCmd)
    RCC_APB1PeriphClockCmd                   0x080031fd   Thumb Code    26  stm32f2xx_rcc.o(i.RCC_APB1PeriphClockCmd)
    RCC_GetClocksFreq                        0x0800321d   Thumb Code   214  stm32f2xx_rcc.o(i.RCC_GetClocksFreq)
    Ringbuf_Alloc                            0x08003551   Thumb Code    46  ringbuf.o(i.Ringbuf_Alloc)
    Ringbuf_Count                            0x0800357f   Thumb Code    16  ringbuf.o(i.Ringbuf_Count)
    Ringbuf_Empty                            0x0800358f   Thumb Code    26  ringbuf.o(i.Ringbuf_Empty)
    Ringbuf_Full                             0x080035a9   Thumb Code    30  ringbuf.o(i.Ringbuf_Full)
    Ringbuf_Get_Front                        0x080035c7   Thumb Code    38  ringbuf.o(i.Ringbuf_Get_Front)
    Ringbuf_Init                             0x080035ed   Thumb Code    18  ringbuf.o(i.Ringbuf_Init)
    Ringbuf_Pop_Front                        0x080035ff   Thumb Code    44  ringbuf.o(i.Ringbuf_Pop_Front)
    SVC_Handler                              0x0800362b   Thumb Code     2  stm32f2xx_it.o(i.SVC_Handler)
    Send_I_Am                                0x0800362d   Thumb Code    42  s_iam.o(i.Send_I_Am)
    Send_I_Have                              0x08003659   Thumb Code   126  s_ihave.o(i.Send_I_Have)
    Send_Read_Property_Request_Address       0x080036dd   Thumb Code   170  s_rp.o(i.Send_Read_Property_Request_Address)
    SysTick_CLKSourceConfig                  0x08003859   Thumb Code    40  misc.o(i.SysTick_CLKSourceConfig)
    SysTick_Handler                          0x08003881   Thumb Code    56  stm32f2xx_it.o(i.SysTick_Handler)
    SystemInit                               0x080038cd   Thumb Code    74  system_stm32f2xx.o(i.SystemInit)
    TimerInit                                0x08003929   Thumb Code    68  main.o(i.TimerInit)
    UART4_IRQHandler                         0x0800396d   Thumb Code    52  stm32f2xx_it.o(i.UART4_IRQHandler)
    USART_Cmd                                0x080039b5   Thumb Code    24  stm32f2xx_usart.o(i.USART_Cmd)
    USART_Configuration                      0x080039cd   Thumb Code   170  usart.o(i.USART_Configuration)
    USART_GetFlagStatus                      0x08003a81   Thumb Code    26  stm32f2xx_usart.o(i.USART_GetFlagStatus)
    USART_GetITStatus                        0x08003a9b   Thumb Code    84  stm32f2xx_usart.o(i.USART_GetITStatus)
    USART_ITConfig                           0x08003aef   Thumb Code    74  stm32f2xx_usart.o(i.USART_ITConfig)
    USART_Init                               0x08003b39   Thumb Code   204  stm32f2xx_usart.o(i.USART_Init)
    USART_NVIC_Config                        0x08003c0d   Thumb Code    32  usart.o(i.USART_NVIC_Config)
    USART_ReceiveData                        0x08003c2d   Thumb Code    10  stm32f2xx_usart.o(i.USART_ReceiveData)
    USART_SendData                           0x08003c37   Thumb Code     8  stm32f2xx_usart.o(i.USART_SendData)
    UsageFault_Handler                       0x08003c3f   Thumb Code     4  stm32f2xx_it.o(i.UsageFault_Handler)
    WPValidateArgType                        0x08003c43   Thumb Code    24  h_wp.o(i.WPValidateArgType)
    abort_convert_error_code                 0x08003c5b   Thumb Code    52  abort.o(i.abort_convert_error_code)
    abort_encode_apdu                        0x08003c8f   Thumb Code    28  abort.o(i.abort_encode_apdu)
    apdu_decode_confirmed_service_request    0x08003ccf   Thumb Code   118  apdu.o(i.apdu_decode_confirmed_service_request)
    apdu_handler                             0x08003d45   Thumb Code   830  apdu.o(i.apdu_handler)
    apdu_retries                             0x080040a1   Thumb Code     6  apdu.o(i.apdu_retries)
    apdu_service_supported                   0x080040ad   Thumb Code    84  apdu.o(i.apdu_service_supported)
    apdu_set_confirmed_ack_handler           0x08004111   Thumb Code    78  apdu.o(i.apdu_set_confirmed_ack_handler)
    apdu_set_confirmed_handler               0x08004165   Thumb Code    12  apdu.o(i.apdu_set_confirmed_handler)
    apdu_set_unconfirmed_handler             0x08004175   Thumb Code    12  apdu.o(i.apdu_set_unconfirmed_handler)
    apdu_set_unrecognized_service_handler_handler 0x08004185   Thumb Code     6  apdu.o(i.apdu_set_unrecognized_service_handler_handler)
    apdu_timeout                             0x08004191   Thumb Code     6  apdu.o(i.apdu_timeout)
    automac_address                          0x080041c5   Thumb Code     6  automac.o(i.automac_address)
    automac_address_init                     0x080041d1   Thumb Code    50  automac.o(i.automac_address_init)
    automac_address_set                      0x0800420d   Thumb Code     6  automac.o(i.automac_address_set)
    automac_emitter_set                      0x08004249   Thumb Code    20  automac.o(i.automac_emitter_set)
    automac_enabled                          0x08004261   Thumb Code     6  automac.o(i.automac_enabled)
    automac_enabled_set                      0x0800426d   Thumb Code     6  automac.o(i.automac_enabled_set)
    automac_free_address_count               0x08004279   Thumb Code    34  automac.o(i.automac_free_address_count)
    automac_free_address_mac                 0x0800429b   Thumb Code    52  automac.o(i.automac_free_address_mac)
    automac_free_address_random              0x080042cf   Thumb Code    42  automac.o(i.automac_free_address_random)
    automac_free_address_valid               0x080042f9   Thumb Code    34  automac.o(i.automac_free_address_valid)
    automac_init                             0x08004321   Thumb Code    90  automac.o(i.automac_init)
    automac_next_station                     0x08004385   Thumb Code    74  automac.o(i.automac_next_station)
    automac_pfm_cycle_complete               0x080043d5   Thumb Code     6  automac.o(i.automac_pfm_cycle_complete)
    automac_pfm_set                          0x080043e1   Thumb Code    48  automac.o(i.automac_pfm_set)
    automac_time_slot                        0x08004419   Thumb Code     6  automac.o(i.automac_time_slot)
    automac_token_set                        0x08004425   Thumb Code    20  automac.o(i.automac_token_set)
    bacapp_context_tag_type                  0x0800443d   Thumb Code   296  bacapp.o(i.bacapp_context_tag_type)
    bacapp_data_len                          0x08004565   Thumb Code   220  bacapp.o(i.bacapp_data_len)
    bacapp_decode_application_data           0x08004641   Thumb Code   108  bacapp.o(i.bacapp_decode_application_data)
    bacapp_decode_application_data_len       0x080046ad   Thumb Code    72  bacapp.o(i.bacapp_decode_application_data_len)
    bacapp_decode_context_data_len           0x080046f5   Thumb Code   102  bacapp.o(i.bacapp_decode_context_data_len)
    bacapp_decode_data                       0x0800475b   Thumb Code   182  bacapp.o(i.bacapp_decode_data)
    bacapp_decode_data_len                   0x08004811   Thumb Code    64  bacapp.o(i.bacapp_decode_data_len)
    bacerror_encode_apdu                     0x08004851   Thumb Code    56  bacerror.o(i.bacerror_encode_apdu)
    bacnet_address_copy                      0x08004889   Thumb Code    64  bacaddr.o(i.bacnet_address_copy)
    bacnet_address_same                      0x080048c9   Thumb Code   116  bacaddr.o(i.bacnet_address_same)
    bacnet_init                              0x0800493d   Thumb Code   106  bacnet.o(i.bacnet_init)
    bacnet_task                              0x080049d1   Thumb Code   218  bacnet.o(i.bacnet_task)
    bitstring_bits_used                      0x08004ab9   Thumb Code     6  bacstr.o(i.bitstring_bits_used)
    bitstring_bytes_used                     0x08004abf   Thumb Code    38  bacstr.o(i.bitstring_bytes_used)
    bitstring_init                           0x08004ae5   Thumb Code    24  bacstr.o(i.bitstring_init)
    bitstring_octet                          0x08004afd   Thumb Code    16  bacstr.o(i.bitstring_octet)
    bitstring_set_bit                        0x08004b0d   Thumb Code    68  bacstr.o(i.bitstring_set_bit)
    characterstring_ansi_same                0x08004ba7   Thumb Code    90  bacstr.o(i.characterstring_ansi_same)
    characterstring_capacity                 0x08004c01   Thumb Code    10  bacstr.o(i.characterstring_capacity)
    characterstring_copy                     0x08004c0b   Thumb Code    48  bacstr.o(i.characterstring_copy)
    characterstring_encoding                 0x08004c3b   Thumb Code    10  bacstr.o(i.characterstring_encoding)
    characterstring_init                     0x08004c45   Thumb Code    84  bacstr.o(i.characterstring_init)
    characterstring_init_ansi                0x08004c99   Thumb Code    34  bacstr.o(i.characterstring_init_ansi)
    characterstring_length                   0x08004cbb   Thumb Code    10  bacstr.o(i.characterstring_length)
    characterstring_same                     0x08004cc5   Thumb Code    80  bacstr.o(i.characterstring_same)
    characterstring_value                    0x08004d15   Thumb Code    10  bacstr.o(i.characterstring_value)
    dcc_communication_disabled               0x08004d21   Thumb Code    14  dcc.o(i.dcc_communication_disabled)
    dcc_communication_enabled                0x08004d35   Thumb Code    14  dcc.o(i.dcc_communication_enabled)
    dcc_communication_initiation_disabled    0x08004d49   Thumb Code    16  dcc.o(i.dcc_communication_initiation_disabled)
    dcc_decode_service_request               0x08004d5d   Thumb Code   196  dcc.o(i.dcc_decode_service_request)
    dcc_set_status_duration                  0x08004e21   Thumb Code    38  dcc.o(i.dcc_set_status_duration)
    dcc_timer_seconds                        0x08004e51   Thumb Code    46  dcc.o(i.dcc_timer_seconds)
    decode_boolean                           0x08004e89   Thumb Code    10  bacdcode.o(i.decode_boolean)
    decode_character_string                  0x08004e93   Thumb Code    42  bacdcode.o(i.decode_character_string)
    decode_enumerated                        0x08004ebd   Thumb Code    34  bacdcode.o(i.decode_enumerated)
    decode_is_closing_tag_number             0x08004edf   Thumb Code    44  bacdcode.o(i.decode_is_closing_tag_number)
    decode_is_context_tag                    0x08004f0b   Thumb Code    44  bacdcode.o(i.decode_is_context_tag)
    decode_is_opening_tag_number             0x08004f37   Thumb Code    44  bacdcode.o(i.decode_is_opening_tag_number)
    decode_max_apdu                          0x08004f63   Thumb Code    58  bacdcode.o(i.decode_max_apdu)
    decode_max_segs                          0x08004f9d   Thumb Code    70  bacdcode.o(i.decode_max_segs)
    decode_object_id                         0x08004fe3   Thumb Code    48  bacdcode.o(i.decode_object_id)
    decode_object_id_safe                    0x08005013   Thumb Code    34  bacdcode.o(i.decode_object_id_safe)
    decode_real                              0x08005035   Thumb Code    36  bacreal.o(i.decode_real)
    decode_real_safe                         0x08005059   Thumb Code    30  bacreal.o(i.decode_real_safe)
    decode_tag_number                        0x08005077   Thumb Code    34  bacdcode.o(i.decode_tag_number)
    decode_tag_number_and_value              0x08005099   Thumb Code   148  bacdcode.o(i.decode_tag_number_and_value)
    decode_unsigned                          0x0800512d   Thumb Code    86  bacdcode.o(i.decode_unsigned)
    decode_unsigned16                        0x08005183   Thumb Code    28  bacint.o(i.decode_unsigned16)
    decode_unsigned24                        0x0800519f   Thumb Code    46  bacint.o(i.decode_unsigned24)
    decode_unsigned32                        0x080051cd   Thumb Code    60  bacint.o(i.decode_unsigned32)
    dlmstp_automac_hander                    0x08005209   Thumb Code   922  dlmstp.o(i.dlmstp_automac_hander)
    dlmstp_get_broadcast_address             0x0800575b   Thumb Code    42  dlmstp.o(i.dlmstp_get_broadcast_address)
    dlmstp_get_my_address                    0x08005785   Thumb Code    38  dlmstp.o(i.dlmstp_get_my_address)
    dlmstp_init                              0x080057b1   Thumb Code    46  dlmstp.o(i.dlmstp_init)
    dlmstp_max_info_frames                   0x080057f1   Thumb Code     6  dlmstp.o(i.dlmstp_max_info_frames)
    dlmstp_max_master                        0x080057fd   Thumb Code     6  dlmstp.o(i.dlmstp_max_master)
    dlmstp_receive                           0x08005809   Thumb Code   230  dlmstp.o(i.dlmstp_receive)
    dlmstp_send_pdu                          0x0800590d   Thumb Code    68  dlmstp.o(i.dlmstp_send_pdu)
    dlmstp_set_mac_address                   0x08005955   Thumb Code    38  dlmstp.o(i.dlmstp_set_mac_address)
    dlmstp_set_max_info_frames               0x08005985   Thumb Code    10  dlmstp.o(i.dlmstp_set_max_info_frames)
    dlmstp_set_max_master                    0x08005995   Thumb Code    26  dlmstp.o(i.dlmstp_set_max_master)
    encode_application_bitstring             0x080059b9   Thumb Code    50  bacdcode.o(i.encode_application_bitstring)
    encode_application_boolean               0x080059eb   Thumb Code    36  bacdcode.o(i.encode_application_boolean)
    encode_application_character_string      0x08005a0f   Thumb Code    62  bacdcode.o(i.encode_application_character_string)
    encode_application_enumerated            0x08005a4d   Thumb Code    36  bacdcode.o(i.encode_application_enumerated)
    encode_application_null                  0x08005a71   Thumb Code    18  bacdcode.o(i.encode_application_null)
    encode_application_object_id             0x08005a83   Thumb Code    44  bacdcode.o(i.encode_application_object_id)
    encode_application_real                  0x08005aaf   Thumb Code    36  bacdcode.o(i.encode_application_real)
    encode_application_signed                0x08005ad3   Thumb Code    36  bacdcode.o(i.encode_application_signed)
    encode_application_unsigned              0x08005af7   Thumb Code    36  bacdcode.o(i.encode_application_unsigned)
    encode_bacnet_character_string           0x08005b1b   Thumb Code    56  bacdcode.o(i.encode_bacnet_character_string)
    encode_bacnet_enumerated                 0x08005b53   Thumb Code    16  bacdcode.o(i.encode_bacnet_enumerated)
    encode_bacnet_object_id                  0x08005b63   Thumb Code    42  bacdcode.o(i.encode_bacnet_object_id)
    encode_bacnet_real                       0x08005b8d   Thumb Code    34  bacreal.o(i.encode_bacnet_real)
    encode_bacnet_signed                     0x08005baf   Thumb Code    92  bacdcode.o(i.encode_bacnet_signed)
    encode_bacnet_unsigned                   0x08005c0b   Thumb Code    68  bacdcode.o(i.encode_bacnet_unsigned)
    encode_bitstring                         0x08005c4f   Thumb Code   112  bacdcode.o(i.encode_bitstring)
    encode_closing_tag                       0x08005cbf   Thumb Code    44  bacdcode.o(i.encode_closing_tag)
    encode_context_enumerated                0x08005ceb   Thumb Code    72  bacdcode.o(i.encode_context_enumerated)
    encode_context_object_id                 0x08005d33   Thumb Code    46  bacdcode.o(i.encode_context_object_id)
    encode_context_unsigned                  0x08005d61   Thumb Code    72  bacdcode.o(i.encode_context_unsigned)
    encode_max_segs_max_apdu                 0x08005da9   Thumb Code   124  bacdcode.o(i.encode_max_segs_max_apdu)
    encode_opening_tag                       0x08005e25   Thumb Code    44  bacdcode.o(i.encode_opening_tag)
    encode_signed16                          0x08005e51   Thumb Code    12  bacint.o(i.encode_signed16)
    encode_signed24                          0x08005e5d   Thumb Code    16  bacint.o(i.encode_signed24)
    encode_signed32                          0x08005e6d   Thumb Code    20  bacint.o(i.encode_signed32)
    encode_signed8                           0x08005e81   Thumb Code     8  bacint.o(i.encode_signed8)
    encode_simple_ack                        0x08005e89   Thumb Code    14  bacdcode.o(i.encode_simple_ack)
    encode_tag                               0x08005e97   Thumb Code   136  bacdcode.o(i.encode_tag)
    encode_unsigned16                        0x08005f1f   Thumb Code    12  bacint.o(i.encode_unsigned16)
    encode_unsigned24                        0x08005f2b   Thumb Code    16  bacint.o(i.encode_unsigned24)
    encode_unsigned32                        0x08005f3b   Thumb Code    20  bacint.o(i.encode_unsigned32)
    handler_device_communication_control     0x08005f51   Thumb Code   222  h_dcc.o(i.handler_device_communication_control)
    handler_read_property                    0x08006039   Thumb Code   322  h_rp.o(i.handler_read_property)
    handler_read_property_ack                0x08006185   Thumb Code    80  h_rp_a.o(i.handler_read_property_ack)
    handler_read_property_multiple           0x080061d5   Thumb Code   790  h_rpm.o(i.handler_read_property_multiple)
    handler_reinitialize_device              0x080064f9   Thumb Code   202  h_rd.o(i.handler_reinitialize_device)
    handler_unrecognized_service             0x080065c9   Thumb Code    88  noserv.o(i.handler_unrecognized_service)
    handler_who_has                          0x08006625   Thumb Code    84  h_whohas.o(i.handler_who_has)
    handler_who_is                           0x08006679   Thumb Code    76  h_whois.o(i.handler_who_is)
    handler_write_property                   0x080066c9   Thumb Code   184  h_wp.o(i.handler_write_property)
    iam_encode_apdu                          0x08006785   Thumb Code    88  iam.o(i.iam_encode_apdu)
    iam_encode_pdu                           0x080067dd   Thumb Code    96  s_iam.o(i.iam_encode_pdu)
    ihave_encode_apdu                        0x0800683d   Thumb Code    74  ihave.o(i.ihave_encode_apdu)
    main                                     0x08006887   Thumb Code    56  main.o(i.main)
    memcopy                                  0x0800691b   Thumb Code    44  memcopy.o(i.memcopy)
    npdu_copy_data                           0x08006947   Thumb Code    34  npdu.o(i.npdu_copy_data)
    npdu_decode                              0x08006969   Thumb Code   408  npdu.o(i.npdu_decode)
    npdu_encode_npdu_data                    0x08006b01   Thumb Code    30  npdu.o(i.npdu_encode_npdu_data)
    npdu_encode_pdu                          0x08006b1f   Thumb Code   298  npdu.o(i.npdu_encode_pdu)
    npdu_handler                             0x08006c49   Thumb Code    96  h_npdu.o(i.npdu_handler)
    rd_decode_service_request                0x08006cbd   Thumb Code   120  rd.o(i.rd_decode_service_request)
    reject_convert_error_code                0x08006d35   Thumb Code    78  reject.o(i.reject_convert_error_code)
    reject_encode_apdu                       0x08006d83   Thumb Code    20  reject.o(i.reject_encode_apdu)
    rp_ack_decode_service_request            0x08006d97   Thumb Code   190  rp.o(i.rp_ack_decode_service_request)
    rp_ack_encode_apdu_init                  0x08006e55   Thumb Code    98  rp.o(i.rp_ack_encode_apdu_init)
    rp_ack_encode_apdu_object_property_end   0x08006eb7   Thumb Code    22  rp.o(i.rp_ack_encode_apdu_object_property_end)
    rp_decode_service_request                0x08006ecd   Thumb Code   210  rp.o(i.rp_decode_service_request)
    rp_encode_apdu                           0x08006f9f   Thumb Code    96  rp.o(i.rp_encode_apdu)
    rpm_ack_encode_apdu_init                 0x08006fff   Thumb Code    20  rpm.o(i.rpm_ack_encode_apdu_init)
    rpm_ack_encode_apdu_object_begin         0x08007013   Thumb Code    38  rpm.o(i.rpm_ack_encode_apdu_object_begin)
    rpm_ack_encode_apdu_object_end           0x08007039   Thumb Code    22  rpm.o(i.rpm_ack_encode_apdu_object_end)
    rpm_ack_encode_apdu_object_property      0x0800704f   Thumb Code    48  rpm.o(i.rpm_ack_encode_apdu_object_property)
    rpm_ack_encode_apdu_object_property_error 0x0800707f   Thumb Code    60  rpm.o(i.rpm_ack_encode_apdu_object_property_error)
    rpm_ack_encode_apdu_object_property_value 0x080070bb   Thumb Code    76  rpm.o(i.rpm_ack_encode_apdu_object_property_value)
    rpm_decode_object_id                     0x08007107   Thumb Code   100  rpm.o(i.rpm_decode_object_id)
    rpm_decode_object_property               0x0800716b   Thumb Code   206  rpm.o(i.rpm_decode_object_property)
    rs485_baud_rate                          0x08007239   Thumb Code     6  rs485.o(i.rs485_baud_rate)
    rs485_baud_rate_set                      0x08007279   Thumb Code    78  rs485.o(i.rs485_baud_rate_set)
    rs485_byte_sent                          0x080072cd   Thumb Code    20  rs485.o(i.rs485_byte_sent)
    rs485_frame_sent                         0x080072e5   Thumb Code    20  rs485.o(i.rs485_frame_sent)
    rs485_init                               0x080072fd   Thumb Code    10  rs485.o(i.rs485_init)
    rs485_rts_enable                         0x0800730d   Thumb Code    30  rs485.o(i.rs485_rts_enable)
    rs485_silence_elapsed                    0x08007331   Thumb Code    14  rs485.o(i.rs485_silence_elapsed)
    rs485_silence_reset                      0x08007345   Thumb Code    10  rs485.o(i.rs485_silence_reset)
    timer_elapsed_milliseconds               0x08007355   Thumb Code    24  timer.o(i.timer_elapsed_milliseconds)
    timer_elapsed_start                      0x0800736d   Thumb Code    16  timer.o(i.timer_elapsed_start)
    timer_elapsed_time                       0x0800737d   Thumb Code    22  timer.o(i.timer_elapsed_time)
    timer_interval_elapsed                   0x08007393   Thumb Code    22  timer.o(i.timer_interval_elapsed)
    timer_interval_expired                   0x080073a9   Thumb Code    36  timer.o(i.timer_interval_expired)
    timer_interval_reset                     0x080073cd   Thumb Code    12  timer.o(i.timer_interval_reset)
    timer_interval_start                     0x080073d9   Thumb Code    16  timer.o(i.timer_interval_start)
    timer_interval_start_seconds             0x080073e9   Thumb Code    24  timer.o(i.timer_interval_start_seconds)
    timer_milliseconds                       0x08007401   Thumb Code     6  timer.o(i.timer_milliseconds)
    tsm_free_invoke_id                       0x08007465   Thumb Code    42  tsm.o(i.tsm_free_invoke_id)
    tsm_next_free_invokeID                   0x08007495   Thumb Code   140  tsm.o(i.tsm_next_free_invokeID)
    tsm_set_confirmed_unsegmented_transaction 0x08007529   Thumb Code   162  tsm.o(i.tsm_set_confirmed_unsegmented_transaction)
    tsm_transaction_available                0x080075d1   Thumb Code    36  tsm.o(i.tsm_transaction_available)
    uart_bytes_send                          0x080075f9   Thumb Code   106  rs485.o(i.uart_bytes_send)
    whohas_decode_service_request            0x08007675   Thumb Code   244  whohas.o(i.whohas_decode_service_request)
    whois_decode_service_request             0x08007769   Thumb Code   196  whois.o(i.whois_decode_service_request)
    wp_decode_service_request                0x0800782d   Thumb Code   332  wp.o(i.wp_decode_service_request)
    __fpl_dcmp_Inf                           0x08007979   Thumb Code    24  dcmpi.o(x$fpl$dcmpinf)
    __aeabi_cdcmple                          0x08007991   Thumb Code     0  dleqf.o(x$fpl$dleqf)
    _dcmple                                  0x08007991   Thumb Code   120  dleqf.o(x$fpl$dleqf)
    __fpl_dcmple_InfNaN                      0x080079f3   Thumb Code     0  dleqf.o(x$fpl$dleqf)
    __fpl_dnaninf                            0x08007a09   Thumb Code   156  dnaninf.o(x$fpl$dnaninf)
    __fpl_dretinf                            0x08007aa5   Thumb Code    12  dretinf.o(x$fpl$dretinf)
    __aeabi_cdrcmple                         0x08007ab1   Thumb Code     0  drleqf.o(x$fpl$drleqf)
    _drcmple                                 0x08007ab1   Thumb Code   108  drleqf.o(x$fpl$drleqf)
    __aeabi_f2d                              0x08007b1d   Thumb Code     0  f2d.o(x$fpl$f2d)
    _f2d                                     0x08007b1d   Thumb Code    86  f2d.o(x$fpl$f2d)
    __aeabi_f2uiz                            0x08007b75   Thumb Code     0  ffixu.o(x$fpl$ffixu)
    _ffixu                                   0x08007b75   Thumb Code    62  ffixu.o(x$fpl$ffixu)
    __aeabi_ui2f                             0x08007bb5   Thumb Code     0  fflt_clz.o(x$fpl$ffltu)
    _ffltu                                   0x08007bb5   Thumb Code    38  fflt_clz.o(x$fpl$ffltu)
    __fpl_fnaninf                            0x08007bdb   Thumb Code   140  fnaninf.o(x$fpl$fnaninf)
    __I$use$fp                               0x08007c66   Number         0  usenofp.o(x$fpl$usenofp)
    Region$$Table$$Base                      0x08007dc0   Number         0  anon$$obj.o(Region$$Table)
    Region$$Table$$Limit                     0x08007de0   Number         0  anon$$obj.o(Region$$Table)
    count                                    0x20000000   Data           1  stm32f2xx_it.o(.data)
    flag_uart                                0x20000001   Data           1  stm32f2xx_it.o(.data)
    flag                                     0x20000002   Data           1  stm32f2xx_it.o(.data)
    Millisecond_Counter                      0x20000004   Data           4  stm32f2xx_it.o(.data)
    Millisecond                              0x20000008   Data           4  stm32f2xx_it.o(.data)
    BACnet_Version                           0x2000000c   Data           4  main.o(.data)
    flag_send_compelete                      0x20000170   Data           1  dlmstp.o(.data)
    rxBuff                                   0x200001e8   Data         256  stm32f2xx_it.o(.bss)
    Handler_Transmit_Buffer                  0x20000878   Data         506  txbuf.o(.bss)
    AI_Descr                                 0x2000164c   Data          48  ai.o(.bss)
    _random_number_data                      0x200016dc   Data         228  rand.o(.bss)
    __libspace_start                         0x200017c0   Data          96  libspace.o(.bss)
    __temporary_stack_top$libspace           0x20001820   Data           0  libspace.o(.bss)



==============================================================================

Memory Map of the image

  Image Entry point : 0x08000185

  Load Region LR_IROM1 (Base: 0x08000000, Size: 0x00007fc8, Max: 0x00080000, ABSOLUTE, COMPRESSED[0x00007ecc])

    Execution Region ER_IROM1 (Base: 0x08000000, Size: 0x00007de0, Max: 0x00080000, ABSOLUTE)

    Base Addr    Size         Type   Attr      Idx    E Section Name        Object

    0x08000000   0x00000184   Data   RO          280    RESET               startup_stm32f2xx.o
    0x08000184   0x00000008   Code   RO         5034  * !!!main             c_w.l(__main.o)
    0x0800018c   0x00000034   Code   RO         5393    !!!scatter          c_w.l(__scatter.o)
    0x080001c0   0x0000005a   Code   RO         5391    !!dczerorl2         c_w.l(__dczerorl2.o)
    0x0800021a   0x00000002   PAD
    0x0800021c   0x0000001c   Code   RO         5395    !!handler_zi        c_w.l(__scatter_zi.o)
    0x08000238   0x00000000   Code   RO         4996    .ARM.Collect$$_printf_percent$$00000000  c_w.l(_printf_percent.o)
    0x08000238   0x00000006   Code   RO         4995    .ARM.Collect$$_printf_percent$$0000000A  c_w.l(_printf_u.o)
    0x0800023e   0x00000004   Code   RO         5095    .ARM.Collect$$_printf_percent$$00000017  c_w.l(_printf_percent_end.o)
    0x08000242   0x00000002   Code   RO         5326    .ARM.Collect$$libinit$$00000000  c_w.l(libinit.o)
    0x08000244   0x00000000   Code   RO         5130    .ARM.Collect$$libinit$$00000002  c_w.l(libinit2.o)
    0x08000244   0x00000000   Code   RO         5133    .ARM.Collect$$libinit$$00000008  c_w.l(libinit2.o)
    0x08000244   0x00000000   Code   RO         5135    .ARM.Collect$$libinit$$0000000A  c_w.l(libinit2.o)
    0x08000244   0x00000004   Code   RO         5136    .ARM.Collect$$libinit$$0000000B  c_w.l(libinit2.o)
    0x08000248   0x00000000   Code   RO         5137    .ARM.Collect$$libinit$$0000000C  c_w.l(libinit2.o)
    0x08000248   0x00000000   Code   RO         5140    .ARM.Collect$$libinit$$0000000F  c_w.l(libinit2.o)
    0x08000248   0x00000000   Code   RO         5142    .ARM.Collect$$libinit$$00000011  c_w.l(libinit2.o)
    0x08000248   0x00000000   Code   RO         5144    .ARM.Collect$$libinit$$00000013  c_w.l(libinit2.o)
    0x08000248   0x00000000   Code   RO         5146    .ARM.Collect$$libinit$$00000015  c_w.l(libinit2.o)
    0x08000248   0x00000000   Code   RO         5148    .ARM.Collect$$libinit$$00000017  c_w.l(libinit2.o)
    0x08000248   0x00000000   Code   RO         5150    .ARM.Collect$$libinit$$00000019  c_w.l(libinit2.o)
    0x08000248   0x00000000   Code   RO         5152    .ARM.Collect$$libinit$$0000001B  c_w.l(libinit2.o)
    0x08000248   0x00000000   Code   RO         5154    .ARM.Collect$$libinit$$0000001D  c_w.l(libinit2.o)
    0x08000248   0x00000000   Code   RO         5156    .ARM.Collect$$libinit$$0000001F  c_w.l(libinit2.o)
    0x08000248   0x00000000   Code   RO         5158    .ARM.Collect$$libinit$$00000021  c_w.l(libinit2.o)
    0x08000248   0x00000000   Code   RO         5160    .ARM.Collect$$libinit$$00000023  c_w.l(libinit2.o)
    0x08000248   0x00000000   Code   RO         5164    .ARM.Collect$$libinit$$0000002A  c_w.l(libinit2.o)
    0x08000248   0x00000000   Code   RO         5166    .ARM.Collect$$libinit$$0000002C  c_w.l(libinit2.o)
    0x08000248   0x00000000   Code   RO         5168    .ARM.Collect$$libinit$$0000002E  c_w.l(libinit2.o)
    0x08000248   0x00000000   Code   RO         5170    .ARM.Collect$$libinit$$00000030  c_w.l(libinit2.o)
    0x08000248   0x00000002   Code   RO         5171    .ARM.Collect$$libinit$$00000031  c_w.l(libinit2.o)
    0x0800024a   0x00000002   Code   RO         5388    .ARM.Collect$$libshutdown$$00000000  c_w.l(libshutdown.o)
    0x0800024c   0x00000000   Code   RO         5257    .ARM.Collect$$libshutdown$$00000003  c_w.l(libshutdown2.o)
    0x0800024c   0x00000000   Code   RO         5260    .ARM.Collect$$libshutdown$$00000006  c_w.l(libshutdown2.o)
    0x0800024c   0x00000000   Code   RO         5263    .ARM.Collect$$libshutdown$$00000009  c_w.l(libshutdown2.o)
    0x0800024c   0x00000000   Code   RO         5265    .ARM.Collect$$libshutdown$$0000000B  c_w.l(libshutdown2.o)
    0x0800024c   0x00000000   Code   RO         5268    .ARM.Collect$$libshutdown$$0000000E  c_w.l(libshutdown2.o)
    0x0800024c   0x00000002   Code   RO         5269    .ARM.Collect$$libshutdown$$0000000F  c_w.l(libshutdown2.o)
    0x0800024e   0x00000000   Code   RO         5059    .ARM.Collect$$rtentry$$00000000  c_w.l(rtentry.o)
    0x0800024e   0x00000000   Code   RO         5192    .ARM.Collect$$rtentry$$00000002  c_w.l(rtentry2.o)
    0x0800024e   0x00000006   Code   RO         5204    .ARM.Collect$$rtentry$$00000004  c_w.l(rtentry4.o)
    0x08000254   0x00000000   Code   RO         5194    .ARM.Collect$$rtentry$$00000009  c_w.l(rtentry2.o)
    0x08000254   0x00000004   Code   RO         5195    .ARM.Collect$$rtentry$$0000000A  c_w.l(rtentry2.o)
    0x08000258   0x00000000   Code   RO         5197    .ARM.Collect$$rtentry$$0000000C  c_w.l(rtentry2.o)
    0x08000258   0x00000008   Code   RO         5198    .ARM.Collect$$rtentry$$0000000D  c_w.l(rtentry2.o)
    0x08000260   0x00000002   Code   RO         5329    .ARM.Collect$$rtexit$$00000000  c_w.l(rtexit.o)
    0x08000262   0x00000000   Code   RO         5360    .ARM.Collect$$rtexit$$00000002  c_w.l(rtexit2.o)
    0x08000262   0x00000004   Code   RO         5361    .ARM.Collect$$rtexit$$00000003  c_w.l(rtexit2.o)
    0x08000266   0x00000006   Code   RO         5362    .ARM.Collect$$rtexit$$00000004  c_w.l(rtexit2.o)
    0x0800026c   0x00000034   Code   RO         5019    .emb_text           c_w.l(rand.o)
    0x080002a0   0x00000040   Code   RO          281    .text               startup_stm32f2xx.o
    0x080002e0   0x00000028   Code   RO         4969    .text               c_w.l(noretval__2sprintf.o)
    0x08000308   0x00000078   Code   RO         4973    .text               c_w.l(_printf_dec.o)
    0x08000380   0x000000b8   Code   RO         4978    .text               c_w.l(__printf_ss.o)
    0x08000438   0x0000003c   Code   RO         5020    .text               c_w.l(rand.o)
    0x08000474   0x0000003e   Code   RO         5026    .text               c_w.l(strlen.o)
    0x080004b2   0x0000008a   Code   RO         5028    .text               c_w.l(rt_memcpy_v6.o)
    0x0800053c   0x0000004e   Code   RO         5030    .text               c_w.l(rt_memclr_w.o)
    0x0800058a   0x00000006   Code   RO         5032    .text               c_w.l(heapauxi.o)
    0x08000590   0x000000b8   Code   RO         5087    .text               c_w.l(_printf_intcommon.o)
    0x08000648   0x00000030   Code   RO         5089    .text               c_w.l(_printf_char_common.o)
    0x08000678   0x0000000a   Code   RO         5091    .text               c_w.l(_sputc.o)
    0x08000682   0x00000064   Code   RO         5125    .text               c_w.l(rt_memcpy_w.o)
    0x080006e6   0x00000002   PAD
    0x080006e8   0x0000000c   Code   RO         5183    .text               c_w.l(sys_exit.o)
    0x080006f4   0x00000008   Code   RO         5185    .text               c_w.l(libspace.o)
    0x080006fc   0x00000002   Code   RO         5188    .text               c_w.l(use_no_semi.o)
    0x080006fe   0x00000000   Code   RO         5190    .text               c_w.l(indicate_semi.o)
    0x080006fe   0x0000004a   Code   RO         5276    .text               c_w.l(sys_stackheap_outer.o)
    0x08000748   0x0000000c   Code   RO         5307    .text               c_w.l(exit.o)
    0x08000754   0x00000004   Code   RO         4712    i.Analog_Input_Count  ai.o
    0x08000758   0x00000002   Code   RO         4713    i.Analog_Input_Index_To_Instance  ai.o
    0x0800075a   0x00000002   PAD
    0x0800075c   0x00000040   Code   RO         4714    i.Analog_Input_Init  ai.o
    0x0800079c   0x0000000c   Code   RO         4715    i.Analog_Input_Instance_To_Index  ai.o
    0x080007a8   0x00000048   Code   RO         4717    i.Analog_Input_Object_Name  ai.o
    0x080007f0   0x00000028   Code   RO         4718    i.Analog_Input_Present_Value  ai.o
    0x08000818   0x00000024   Code   RO         4719    i.Analog_Input_Present_Value_Set  ai.o
    0x0800083c   0x00000020   Code   RO         4720    i.Analog_Input_Property_Lists  ai.o
    0x0800085c   0x0000019c   Code   RO         4721    i.Analog_Input_Read_Property  ai.o
    0x080009f8   0x00000018   Code   RO         4722    i.Analog_Input_Valid_Instance  ai.o
    0x08000a10   0x00000158   Code   RO         4723    i.Analog_Input_Write_Property  ai.o
    0x08000b68   0x00000004   Code   RO         4812    i.Analog_Output_Count  ao.o
    0x08000b6c   0x00000002   Code   RO         4813    i.Analog_Output_Index_To_Instance  ao.o
    0x08000b6e   0x00000002   PAD
    0x08000b70   0x00000034   Code   RO         4814    i.Analog_Output_Init  ao.o
    0x08000ba4   0x0000000c   Code   RO         4815    i.Analog_Output_Instance_To_Index  ao.o
    0x08000bb0   0x0000003c   Code   RO         4816    i.Analog_Output_Object_Name  ao.o
    0x08000bec   0x0000004c   Code   RO         4817    i.Analog_Output_Present_Value  ao.o
    0x08000c38   0x00000038   Code   RO         4819    i.Analog_Output_Present_Value_Relinquish  ao.o
    0x08000c70   0x0000006c   Code   RO         4820    i.Analog_Output_Present_Value_Set  ao.o
    0x08000cdc   0x00000020   Code   RO         4821    i.Analog_Output_Property_Lists  ao.o
    0x08000cfc   0x00000238   Code   RO         4822    i.Analog_Output_Read_Property  ao.o
    0x08000f34   0x0000000e   Code   RO         4823    i.Analog_Output_Valid_Instance  ao.o
    0x08000f42   0x00000002   PAD
    0x08000f44   0x00000158   Code   RO         4824    i.Analog_Output_Write_Property  ao.o
    0x0800109c   0x00000004   Code   RO         4564    i.Binary_Input_Count  bi.o
    0x080010a0   0x00000002   Code   RO         4565    i.Binary_Input_Index_To_Instance  bi.o
    0x080010a2   0x00000002   PAD
    0x080010a4   0x00000028   Code   RO         4566    i.Binary_Input_Init  bi.o
    0x080010cc   0x0000000c   Code   RO         4567    i.Binary_Input_Instance_To_Index  bi.o
    0x080010d8   0x00000030   Code   RO         4568    i.Binary_Input_Object_Name  bi.o
    0x08001108   0x00000020   Code   RO         4569    i.Binary_Input_Out_Of_Service  bi.o
    0x08001128   0x00000030   Code   RO         4570    i.Binary_Input_Out_Of_Service_Set  bi.o
    0x08001158   0x00000014   Code   RO         4571    i.Binary_Input_Polarity  bi.o
    0x0800116c   0x00000014   Code   RO         4572    i.Binary_Input_Polarity_Set  bi.o
    0x08001180   0x00000020   Code   RO         4573    i.Binary_Input_Present_Value  bi.o
    0x080011a0   0x00000038   Code   RO         4574    i.Binary_Input_Present_Value_Set  bi.o
    0x080011d8   0x00000020   Code   RO         4575    i.Binary_Input_Property_Lists  bi.o
    0x080011f8   0x00000138   Code   RO         4576    i.Binary_Input_Read_Property  bi.o
    0x08001330   0x0000000e   Code   RO         4577    i.Binary_Input_Valid_Instance  bi.o
    0x0800133e   0x000000ee   Code   RO         4578    i.Binary_Input_Write_Property  bi.o
    0x0800142c   0x00000004   Code   RO         4423    i.Binary_Output_Count  bo.o
    0x08001430   0x00000002   Code   RO         4424    i.Binary_Output_Index_To_Instance  bo.o
    0x08001432   0x00000002   PAD
    0x08001434   0x00000038   Code   RO         4425    i.Binary_Output_Init  bo.o
    0x0800146c   0x0000000c   Code   RO         4426    i.Binary_Output_Instance_To_Index  bo.o
    0x08001478   0x00000024   Code   RO         4427    i.Binary_Output_Object_Name  bo.o
    0x0800149c   0x0000001c   Code   RO         4428    i.Binary_Output_Out_Of_Service  bo.o
    0x080014b8   0x00000010   Code   RO         4429    i.Binary_Output_Out_Of_Service_Set  bo.o
    0x080014c8   0x00000014   Code   RO         4430    i.Binary_Output_Polarity  bo.o
    0x080014dc   0x00000014   Code   RO         4431    i.Binary_Output_Polarity_Set  bo.o
    0x080014f0   0x00000016   Code   RO         4432    i.Binary_Output_Present_Value  bo.o
    0x08001506   0x00000002   PAD
    0x08001508   0x00000020   Code   RO         4433    i.Binary_Output_Present_Value_Set  bo.o
    0x08001528   0x00000020   Code   RO         4434    i.Binary_Output_Property_Lists  bo.o
    0x08001548   0x00000224   Code   RO         4435    i.Binary_Output_Read_Property  bo.o
    0x0800176c   0x0000000e   Code   RO         4436    i.Binary_Output_Valid_Instance  bo.o
    0x0800177a   0x000001e4   Code   RO         4437    i.Binary_Output_Write_Property  bo.o
    0x0800195e   0x00000004   Code   RO            1    i.BusFault_Handler  stm32f2xx_it.o
    0x08001962   0x00000030   Code   RO         2096    i.CRC_Calc_Data     crc.o
    0x08001992   0x00000034   Code   RO         2097    i.CRC_Calc_Header   crc.o
    0x080019c6   0x00000002   Code   RO            2    i.DebugMon_Handler  stm32f2xx_it.o
    0x080019c8   0x00000004   Code   RO         3717    i.Device_Count      device.o
    0x080019cc   0x0000000c   Code   RO         3718    i.Device_Database_Revision  device.o
    0x080019d8   0x00000010   Code   RO         3719    i.Device_Inc_Database_Revision  device.o
    0x080019e8   0x00000010   Code   RO         3720    i.Device_Index_To_Instance  device.o
    0x080019f8   0x0000005c   Code   RO         3721    i.Device_Init       device.o
    0x08001a54   0x0000000c   Code   RO         3722    i.Device_Object_Instance_Number  device.o
    0x08001a60   0x00000028   Code   RO         3723    i.Device_Object_List_Count  device.o
    0x08001a88   0x00000060   Code   RO         3724    i.Device_Object_List_Identifier  device.o
    0x08001ae8   0x00000028   Code   RO         3725    i.Device_Object_Name  device.o
    0x08001b10   0x0000002c   Code   RO         3726    i.Device_Object_Name_Copy  device.o
    0x08001b3c   0x00000024   Code   RO         3727    i.Device_Objects_Find_Functions  device.o
    0x08001b60   0x0000005e   Code   RO         3728    i.Device_Objects_Property_List  device.o
    0x08001bbe   0x00000002   PAD
    0x08001bc0   0x00000020   Code   RO         3729    i.Device_Property_Lists  device.o
    0x08001be0   0x00000042   Code   RO         3730    i.Device_Read_Property  device.o
    0x08001c22   0x00000002   PAD
    0x08001c24   0x00000370   Code   RO         3731    i.Device_Read_Property_Local  device.o
    0x08001f94   0x00000040   Code   RO         3732    i.Device_Reinitialize  device.o
    0x08001fd4   0x00000004   Code   RO         3734    i.Device_Segmentation_Supported  device.o
    0x08001fd8   0x00000018   Code   RO         3735    i.Device_Set_Object_Instance_Number  device.o
    0x08001ff0   0x00000028   Code   RO         3736    i.Device_Set_Object_Name  device.o
    0x08002018   0x0000000c   Code   RO         3738    i.Device_System_Status  device.o
    0x08002024   0x00000018   Code   RO         3740    i.Device_Valid_Object_Instance_Number  device.o
    0x0800203c   0x0000007e   Code   RO         3741    i.Device_Valid_Object_Name  device.o
    0x080020ba   0x00000004   Code   RO         3742    i.Device_Vendor_Identifier  device.o
    0x080020be   0x00000058   Code   RO         3743    i.Device_Write_Property  device.o
    0x08002116   0x00000002   PAD
    0x08002118   0x0000028c   Code   RO         3744    i.Device_Write_Property_Local  device.o
    0x080023a4   0x00000038   Code   RO          188    i.GPIO_Configuration  main.o
    0x080023dc   0x00000090   Code   RO          323    i.GPIO_Init         stm32f2xx_gpio.o
    0x0800246c   0x00000046   Code   RO          324    i.GPIO_PinAFConfig  stm32f2xx_gpio.o
    0x080024b2   0x0000000a   Code   RO          335    i.GPIO_WriteBit     stm32f2xx_gpio.o
    0x080024bc   0x00000004   Code   RO            3    i.HardFault_Handler  stm32f2xx_it.o
    0x080024c0   0x00000838   Code   RO         3987    i.MSTP_Master_Node_FSM  dlmstp.o
    0x08002cf8   0x0000022c   Code   RO         3988    i.MSTP_Receive_Frame_FSM  dlmstp.o
    0x08002f24   0x00000148   Code   RO         3989    i.MSTP_Send_Frame   dlmstp.o
    0x0800306c   0x0000008c   Code   RO         3990    i.MSTP_Transmit_FSM  dlmstp.o
    0x080030f8   0x00000004   Code   RO            4    i.MemManage_Handler  stm32f2xx_it.o
    0x080030fc   0x00000002   Code   RO            5    i.NMI_Handler       stm32f2xx_it.o
    0x080030fe   0x00000002   PAD
    0x08003100   0x00000078   Code   RO          286    i.NVIC_Init         misc.o
    0x08003178   0x00000028   Code   RO          189    i.NVIC_SetPriority  main.o
    0x080031a0   0x00000002   Code   RO            6    i.PendSV_Handler    stm32f2xx_it.o
    0x080031a2   0x00000002   PAD
    0x080031a4   0x00000038   Code   RO         4438    i.Present_Value     bo.o
    0x080031dc   0x00000020   Code   RO          592    i.RCC_AHB1PeriphClockCmd  stm32f2xx_rcc.o
    0x080031fc   0x00000020   Code   RO          601    i.RCC_APB1PeriphClockCmd  stm32f2xx_rcc.o
    0x0800321c   0x000000e8   Code   RO          613    i.RCC_GetClocksFreq  stm32f2xx_rcc.o
    0x08003304   0x000000f4   Code   RO         3062    i.RPM_Encode_Property  h_rpm.o
    0x080033f8   0x00000066   Code   RO         3063    i.RPM_Object_Property  h_rpm.o
    0x0800345e   0x00000026   Code   RO         3064    i.RPM_Object_Property_Count  h_rpm.o
    0x08003484   0x000000cc   Code   RO         3745    i.Read_Property_Common  device.o
    0x08003550   0x0000002e   Code   RO         2398    i.Ringbuf_Alloc     ringbuf.o
    0x0800357e   0x00000010   Code   RO         2399    i.Ringbuf_Count     ringbuf.o
    0x0800358e   0x0000001a   Code   RO         2400    i.Ringbuf_Empty     ringbuf.o
    0x080035a8   0x0000001e   Code   RO         2401    i.Ringbuf_Full      ringbuf.o
    0x080035c6   0x00000026   Code   RO         2402    i.Ringbuf_Get_Front  ringbuf.o
    0x080035ec   0x00000012   Code   RO         2403    i.Ringbuf_Init      ringbuf.o
    0x080035fe   0x0000002c   Code   RO         2404    i.Ringbuf_Pop_Front  ringbuf.o
    0x0800362a   0x00000002   Code   RO            7    i.SVC_Handler       stm32f2xx_it.o
    0x0800362c   0x0000002a   Code   RO         3145    i.Send_I_Am         s_iam.o
    0x08003656   0x00000002   PAD
    0x08003658   0x00000084   Code   RO         3175    i.Send_I_Have       s_ihave.o
    0x080036dc   0x000000b0   Code   RO         3214    i.Send_Read_Property_Request_Address  s_rp.o
    0x0800378c   0x000000cc   Code   RO          874    i.SetSysClock       system_stm32f2xx.o
    0x08003858   0x00000028   Code   RO          290    i.SysTick_CLKSourceConfig  misc.o
    0x08003880   0x0000004c   Code   RO            8    i.SysTick_Handler   stm32f2xx_it.o
    0x080038cc   0x0000005c   Code   RO          876    i.SystemInit        system_stm32f2xx.o
    0x08003928   0x00000044   Code   RO          190    i.TimerInit         main.o
    0x0800396c   0x00000048   Code   RO            9    i.UART4_IRQHandler  stm32f2xx_it.o
    0x080039b4   0x00000018   Code   RO          416    i.USART_Cmd         stm32f2xx_usart.o
    0x080039cc   0x000000b4   Code   RO          257    i.USART_Configuration  usart.o
    0x08003a80   0x0000001a   Code   RO          419    i.USART_GetFlagStatus  stm32f2xx_usart.o
    0x08003a9a   0x00000054   Code   RO          420    i.USART_GetITStatus  stm32f2xx_usart.o
    0x08003aee   0x0000004a   Code   RO          422    i.USART_ITConfig    stm32f2xx_usart.o
    0x08003b38   0x000000d4   Code   RO          423    i.USART_Init        stm32f2xx_usart.o
    0x08003c0c   0x00000020   Code   RO          258    i.USART_NVIC_Config  usart.o
    0x08003c2c   0x0000000a   Code   RO          430    i.USART_ReceiveData  stm32f2xx_usart.o
    0x08003c36   0x00000008   Code   RO          433    i.USART_SendData    stm32f2xx_usart.o
    0x08003c3e   0x00000004   Code   RO           10    i.UsageFault_Handler  stm32f2xx_it.o
    0x08003c42   0x00000018   Code   RO         3109    i.WPValidateArgType  h_wp.o
    0x08003c5a   0x00000034   Code   RO          903    i.abort_convert_error_code  abort.o
    0x08003c8e   0x0000001c   Code   RO          905    i.abort_encode_apdu  abort.o
    0x08003caa   0x00000024   Code   RO          960    i.apdu_confirmed_dcc_disabled  apdu.o
    0x08003cce   0x00000076   Code   RO          961    i.apdu_decode_confirmed_service_request  apdu.o
    0x08003d44   0x0000035c   Code   RO          962    i.apdu_handler      apdu.o
    0x080040a0   0x0000000c   Code   RO          963    i.apdu_retries      apdu.o
    0x080040ac   0x00000064   Code   RO          965    i.apdu_service_supported  apdu.o
    0x08004110   0x00000054   Code   RO          968    i.apdu_set_confirmed_ack_handler  apdu.o
    0x08004164   0x00000010   Code   RO          969    i.apdu_set_confirmed_handler  apdu.o
    0x08004174   0x00000010   Code   RO          973    i.apdu_set_unconfirmed_handler  apdu.o
    0x08004184   0x0000000c   Code   RO          974    i.apdu_set_unrecognized_service_handler_handler  apdu.o
    0x08004190   0x0000000c   Code   RO          975    i.apdu_timeout      apdu.o
    0x0800419c   0x00000026   Code   RO          977    i.apdu_unconfirmed_dcc_disabled  apdu.o
    0x080041c2   0x00000002   PAD
    0x080041c4   0x0000000c   Code   RO         3528    i.automac_address   automac.o
    0x080041d0   0x0000003c   Code   RO         3529    i.automac_address_init  automac.o
    0x0800420c   0x0000000c   Code   RO         3530    i.automac_address_set  automac.o
    0x08004218   0x00000030   Code   RO         3531    i.automac_address_used  automac.o
    0x08004248   0x00000018   Code   RO         3532    i.automac_emitter_set  automac.o
    0x08004260   0x0000000c   Code   RO         3533    i.automac_enabled   automac.o
    0x0800426c   0x0000000c   Code   RO         3534    i.automac_enabled_set  automac.o
    0x08004278   0x00000022   Code   RO         3535    i.automac_free_address_count  automac.o
    0x0800429a   0x00000034   Code   RO         3536    i.automac_free_address_mac  automac.o
    0x080042ce   0x0000002a   Code   RO         3537    i.automac_free_address_random  automac.o
    0x080042f8   0x00000028   Code   RO         3538    i.automac_free_address_valid  automac.o
    0x08004320   0x00000064   Code   RO         3539    i.automac_init      automac.o
    0x08004384   0x00000050   Code   RO         3540    i.automac_next_station  automac.o
    0x080043d4   0x0000000c   Code   RO         3541    i.automac_pfm_cycle_complete  automac.o
    0x080043e0   0x00000038   Code   RO         3542    i.automac_pfm_set   automac.o
    0x08004418   0x0000000c   Code   RO         3543    i.automac_time_slot  automac.o
    0x08004424   0x00000018   Code   RO         3544    i.automac_token_set  automac.o
    0x0800443c   0x00000128   Code   RO         1111    i.bacapp_context_tag_type  bacapp.o
    0x08004564   0x000000dc   Code   RO         1113    i.bacapp_data_len   bacapp.o
    0x08004640   0x0000006c   Code   RO         1114    i.bacapp_decode_application_data  bacapp.o
    0x080046ac   0x00000048   Code   RO         1115    i.bacapp_decode_application_data_len  bacapp.o
    0x080046f4   0x00000066   Code   RO         1118    i.bacapp_decode_context_data_len  bacapp.o
    0x0800475a   0x000000b6   Code   RO         1119    i.bacapp_decode_data  bacapp.o
    0x08004810   0x00000040   Code   RO         1120    i.bacapp_decode_data_len  bacapp.o
    0x08004850   0x00000038   Code   RO         1715    i.bacerror_encode_apdu  bacerror.o
    0x08004888   0x00000040   Code   RO         1093    i.bacnet_address_copy  bacaddr.o
    0x080048c8   0x00000074   Code   RO         1094    i.bacnet_address_same  bacaddr.o
    0x0800493c   0x00000094   Code   RO         3662    i.bacnet_init       bacnet.o
    0x080049d0   0x000000e8   Code   RO         3663    i.bacnet_task       bacnet.o
    0x08004ab8   0x00000006   Code   RO         1886    i.bitstring_bits_used  bacstr.o
    0x08004abe   0x00000026   Code   RO         1887    i.bitstring_bytes_used  bacstr.o
    0x08004ae4   0x00000018   Code   RO         1889    i.bitstring_init    bacstr.o
    0x08004afc   0x00000010   Code   RO         1890    i.bitstring_octet   bacstr.o
    0x08004b0c   0x00000044   Code   RO         1892    i.bitstring_set_bit  bacstr.o
    0x08004b50   0x00000056   Code   RO         1231    i.byte_reverse_bits  bacdcode.o
    0x08004ba6   0x0000005a   Code   RO         1896    i.characterstring_ansi_same  bacstr.o
    0x08004c00   0x0000000a   Code   RO         1898    i.characterstring_capacity  bacstr.o
    0x08004c0a   0x00000030   Code   RO         1899    i.characterstring_copy  bacstr.o
    0x08004c3a   0x0000000a   Code   RO         1900    i.characterstring_encoding  bacstr.o
    0x08004c44   0x00000054   Code   RO         1901    i.characterstring_init  bacstr.o
    0x08004c98   0x00000022   Code   RO         1902    i.characterstring_init_ansi  bacstr.o
    0x08004cba   0x0000000a   Code   RO         1903    i.characterstring_length  bacstr.o
    0x08004cc4   0x00000050   Code   RO         1905    i.characterstring_same  bacstr.o
    0x08004d14   0x0000000a   Code   RO         1908    i.characterstring_value  bacstr.o
    0x08004d1e   0x00000002   PAD
    0x08004d20   0x00000014   Code   RO         2117    i.dcc_communication_disabled  dcc.o
    0x08004d34   0x00000014   Code   RO         2118    i.dcc_communication_enabled  dcc.o
    0x08004d48   0x00000014   Code   RO         2119    i.dcc_communication_initiation_disabled  dcc.o
    0x08004d5c   0x000000c4   Code   RO         2120    i.dcc_decode_service_request  dcc.o
    0x08004e20   0x00000030   Code   RO         2124    i.dcc_set_status_duration  dcc.o
    0x08004e50   0x00000038   Code   RO         2125    i.dcc_timer_seconds  dcc.o
    0x08004e88   0x0000000a   Code   RO         1237    i.decode_boolean    bacdcode.o
    0x08004e92   0x0000002a   Code   RO         1238    i.decode_character_string  bacdcode.o
    0x08004ebc   0x00000022   Code   RO         1252    i.decode_enumerated  bacdcode.o
    0x08004ede   0x0000002c   Code   RO         1254    i.decode_is_closing_tag_number  bacdcode.o
    0x08004f0a   0x0000002c   Code   RO         1255    i.decode_is_context_tag  bacdcode.o
    0x08004f36   0x0000002c   Code   RO         1258    i.decode_is_opening_tag_number  bacdcode.o
    0x08004f62   0x0000003a   Code   RO         1259    i.decode_max_apdu   bacdcode.o
    0x08004f9c   0x00000046   Code   RO         1260    i.decode_max_segs   bacdcode.o
    0x08004fe2   0x00000030   Code   RO         1261    i.decode_object_id  bacdcode.o
    0x08005012   0x00000022   Code   RO         1262    i.decode_object_id_safe  bacdcode.o
    0x08005034   0x00000024   Code   RO         1834    i.decode_real       bacreal.o
    0x08005058   0x0000001e   Code   RO         1835    i.decode_real_safe  bacreal.o
    0x08005076   0x00000022   Code   RO         1265    i.decode_tag_number  bacdcode.o
    0x08005098   0x00000094   Code   RO         1266    i.decode_tag_number_and_value  bacdcode.o
    0x0800512c   0x00000056   Code   RO         1269    i.decode_unsigned   bacdcode.o
    0x08005182   0x0000001c   Code   RO         1744    i.decode_unsigned16  bacint.o
    0x0800519e   0x0000002e   Code   RO         1745    i.decode_unsigned24  bacint.o
    0x080051cc   0x0000003c   Code   RO         1746    i.decode_unsigned32  bacint.o
    0x08005208   0x000003c0   Code   RO         3992    i.dlmstp_automac_hander  dlmstp.o
    0x080055c8   0x00000192   Code   RO         3994    i.dlmstp_compare_data_expecting_reply  dlmstp.o
    0x0800575a   0x0000002a   Code   RO         3996    i.dlmstp_get_broadcast_address  dlmstp.o
    0x08005784   0x0000002c   Code   RO         3997    i.dlmstp_get_my_address  dlmstp.o
    0x080057b0   0x00000040   Code   RO         3998    i.dlmstp_init       dlmstp.o
    0x080057f0   0x0000000c   Code   RO         4000    i.dlmstp_max_info_frames  dlmstp.o
    0x080057fc   0x0000000c   Code   RO         4001    i.dlmstp_max_master  dlmstp.o
    0x08005808   0x00000104   Code   RO         4002    i.dlmstp_receive    dlmstp.o
    0x0800590c   0x00000048   Code   RO         4003    i.dlmstp_send_pdu   dlmstp.o
    0x08005954   0x00000030   Code   RO         4004    i.dlmstp_set_mac_address  dlmstp.o
    0x08005984   0x00000010   Code   RO         4005    i.dlmstp_set_max_info_frames  dlmstp.o
    0x08005994   0x00000024   Code   RO         4006    i.dlmstp_set_max_master  dlmstp.o
    0x080059b8   0x00000032   Code   RO         1270    i.encode_application_bitstring  bacdcode.o
    0x080059ea   0x00000024   Code   RO         1271    i.encode_application_boolean  bacdcode.o
    0x08005a0e   0x0000003e   Code   RO         1272    i.encode_application_character_string  bacdcode.o
    0x08005a4c   0x00000024   Code   RO         1275    i.encode_application_enumerated  bacdcode.o
    0x08005a70   0x00000012   Code   RO         1276    i.encode_application_null  bacdcode.o
    0x08005a82   0x0000002c   Code   RO         1277    i.encode_application_object_id  bacdcode.o
    0x08005aae   0x00000024   Code   RO         1279    i.encode_application_real  bacdcode.o
    0x08005ad2   0x00000024   Code   RO         1280    i.encode_application_signed  bacdcode.o
    0x08005af6   0x00000024   Code   RO         1282    i.encode_application_unsigned  bacdcode.o
    0x08005b1a   0x00000038   Code   RO         1283    i.encode_bacnet_character_string  bacdcode.o
    0x08005b52   0x00000010   Code   RO         1285    i.encode_bacnet_enumerated  bacdcode.o
    0x08005b62   0x0000002a   Code   RO         1286    i.encode_bacnet_object_id  bacdcode.o
    0x08005b8c   0x00000022   Code   RO         1837    i.encode_bacnet_real  bacreal.o
    0x08005bae   0x0000005c   Code   RO         1287    i.encode_bacnet_signed  bacdcode.o
    0x08005c0a   0x00000044   Code   RO         1289    i.encode_bacnet_unsigned  bacdcode.o
    0x08005c4e   0x00000070   Code   RO         1290    i.encode_bitstring  bacdcode.o
    0x08005cbe   0x0000002c   Code   RO         1291    i.encode_closing_tag  bacdcode.o
    0x08005cea   0x00000048   Code   RO         1297    i.encode_context_enumerated  bacdcode.o
    0x08005d32   0x0000002e   Code   RO         1299    i.encode_context_object_id  bacdcode.o
    0x08005d60   0x00000048   Code   RO         1304    i.encode_context_unsigned  bacdcode.o
    0x08005da8   0x0000007c   Code   RO         1305    i.encode_max_segs_max_apdu  bacdcode.o
    0x08005e24   0x0000002c   Code   RO         1307    i.encode_opening_tag  bacdcode.o
    0x08005e50   0x0000000c   Code   RO         1747    i.encode_signed16   bacint.o
    0x08005e5c   0x00000010   Code   RO         1748    i.encode_signed24   bacint.o
    0x08005e6c   0x00000014   Code   RO         1749    i.encode_signed32   bacint.o
    0x08005e80   0x00000008   Code   RO         1750    i.encode_signed8    bacint.o
    0x08005e88   0x0000000e   Code   RO         1308    i.encode_simple_ack  bacdcode.o
    0x08005e96   0x00000088   Code   RO         1309    i.encode_tag        bacdcode.o
    0x08005f1e   0x0000000c   Code   RO         1751    i.encode_unsigned16  bacint.o
    0x08005f2a   0x00000010   Code   RO         1752    i.encode_unsigned24  bacint.o
    0x08005f3a   0x00000014   Code   RO         1753    i.encode_unsigned32  bacint.o
    0x08005f4e   0x00000002   PAD
    0x08005f50   0x000000e8   Code   RO         2949    i.handler_device_communication_control  h_dcc.o
    0x08006038   0x0000014c   Code   RO         3050    i.handler_read_property  h_rp.o
    0x08006184   0x00000050   Code   RO         3231    i.handler_read_property_ack  h_rp_a.o
    0x080061d4   0x00000324   Code   RO         3065    i.handler_read_property_multiple  h_rpm.o
    0x080064f8   0x000000d0   Code   RO         3038    i.handler_reinitialize_device  h_rd.o
    0x080065c8   0x0000005c   Code   RO         3133    i.handler_unrecognized_service  noserv.o
    0x08006624   0x00000054   Code   RO         3196    i.handler_who_has   h_whohas.o
    0x08006678   0x00000050   Code   RO         3091    i.handler_who_is    h_whois.o
    0x080066c8   0x000000bc   Code   RO         3111    i.handler_write_property  h_wp.o
    0x08006784   0x00000058   Code   RO         2252    i.iam_encode_apdu   iam.o
    0x080067dc   0x00000060   Code   RO         3147    i.iam_encode_pdu    s_iam.o
    0x0800683c   0x0000004a   Code   RO         2277    i.ihave_encode_apdu  ihave.o
    0x08006886   0x00000038   Code   RO          191    i.main              main.o
    0x080068be   0x0000005c   Code   RO         3197    i.match_name_or_object  h_whohas.o
    0x0800691a   0x0000002c   Code   RO         2302    i.memcopy           memcopy.o
    0x08006946   0x00000022   Code   RO         2320    i.npdu_copy_data    npdu.o
    0x08006968   0x00000198   Code   RO         2321    i.npdu_decode       npdu.o
    0x08006b00   0x0000001e   Code   RO         2322    i.npdu_encode_npdu_data  npdu.o
    0x08006b1e   0x0000012a   Code   RO         2323    i.npdu_encode_pdu   npdu.o
    0x08006c48   0x00000060   Code   RO         3011    i.npdu_handler      h_npdu.o
    0x08006ca8   0x00000014   Code   RO         3746    i.property_list_count  device.o
    0x08006cbc   0x00000078   Code   RO         2350    i.rd_decode_service_request  rd.o
    0x08006d34   0x0000004e   Code   RO         2371    i.reject_convert_error_code  reject.o
    0x08006d82   0x00000014   Code   RO         2373    i.reject_encode_apdu  reject.o
    0x08006d96   0x000000be   Code   RO         2455    i.rp_ack_decode_service_request  rp.o
    0x08006e54   0x00000062   Code   RO         2457    i.rp_ack_encode_apdu_init  rp.o
    0x08006eb6   0x00000016   Code   RO         2458    i.rp_ack_encode_apdu_object_property_end  rp.o
    0x08006ecc   0x000000d2   Code   RO         2459    i.rp_decode_service_request  rp.o
    0x08006f9e   0x00000060   Code   RO         2460    i.rp_encode_apdu    rp.o
    0x08006ffe   0x00000014   Code   RO         2503    i.rpm_ack_encode_apdu_init  rpm.o
    0x08007012   0x00000026   Code   RO         2504    i.rpm_ack_encode_apdu_object_begin  rpm.o
    0x08007038   0x00000016   Code   RO         2505    i.rpm_ack_encode_apdu_object_end  rpm.o
    0x0800704e   0x00000030   Code   RO         2506    i.rpm_ack_encode_apdu_object_property  rpm.o
    0x0800707e   0x0000003c   Code   RO         2507    i.rpm_ack_encode_apdu_object_property_error  rpm.o
    0x080070ba   0x0000004c   Code   RO         2508    i.rpm_ack_encode_apdu_object_property_value  rpm.o
    0x08007106   0x00000064   Code   RO         2510    i.rpm_decode_object_id  rpm.o
    0x0800716a   0x000000ce   Code   RO         2511    i.rpm_decode_object_property  rpm.o
    0x08007238   0x0000000c   Code   RO         4306    i.rs485_baud_rate   rs485.o
    0x08007244   0x00000034   Code   RO         4307    i.rs485_baud_rate_configure  rs485.o
    0x08007278   0x00000054   Code   RO         4308    i.rs485_baud_rate_set  rs485.o
    0x080072cc   0x00000018   Code   RO         4311    i.rs485_byte_sent   rs485.o
    0x080072e4   0x00000018   Code   RO         4313    i.rs485_frame_sent  rs485.o
    0x080072fc   0x00000010   Code   RO         4314    i.rs485_init        rs485.o
    0x0800730c   0x00000024   Code   RO         4316    i.rs485_rts_enable  rs485.o
    0x08007330   0x00000014   Code   RO         4317    i.rs485_silence_elapsed  rs485.o
    0x08007344   0x00000010   Code   RO         4318    i.rs485_silence_reset  rs485.o
    0x08007354   0x00000018   Code   RO         4173    i.timer_elapsed_milliseconds  timer.o
    0x0800736c   0x00000010   Code   RO         4179    i.timer_elapsed_start  timer.o
    0x0800737c   0x00000016   Code   RO         4181    i.timer_elapsed_time  timer.o
    0x08007392   0x00000016   Code   RO         4183    i.timer_interval_elapsed  timer.o
    0x080073a8   0x00000024   Code   RO         4184    i.timer_interval_expired  timer.o
    0x080073cc   0x0000000c   Code   RO         4186    i.timer_interval_reset  timer.o
    0x080073d8   0x00000010   Code   RO         4188    i.timer_interval_start  timer.o
    0x080073e8   0x00000018   Code   RO         4190    i.timer_interval_start_seconds  timer.o
    0x08007400   0x0000000c   Code   RO         4191    i.timer_milliseconds  timer.o
    0x0800740c   0x00000028   Code   RO         2681    i.tsm_find_first_free_index  tsm.o
    0x08007434   0x00000030   Code   RO         2682    i.tsm_find_invokeID_index  tsm.o
    0x08007464   0x00000030   Code   RO         2683    i.tsm_free_invoke_id  tsm.o
    0x08007494   0x00000094   Code   RO         2688    i.tsm_next_free_invokeID  tsm.o
    0x08007528   0x000000a8   Code   RO         2689    i.tsm_set_confirmed_unsegmented_transaction  tsm.o
    0x080075d0   0x00000028   Code   RO         2691    i.tsm_transaction_available  tsm.o
    0x080075f8   0x0000007c   Code   RO         4321    i.uart_bytes_send   rs485.o
    0x08007674   0x000000f4   Code   RO         2618    i.whohas_decode_service_request  whohas.o
    0x08007768   0x000000c4   Code   RO         2639    i.whois_decode_service_request  whois.o
    0x0800782c   0x0000014c   Code   RO         2660    i.wp_decode_service_request  wp.o
    0x08007978   0x00000018   Code   RO         5172    x$fpl$dcmpinf       fz_ws.l(dcmpi.o)
    0x08007990   0x00000078   Code   RO         5036    x$fpl$dleqf         fz_ws.l(dleqf.o)
    0x08007a08   0x0000009c   Code   RO         5174    x$fpl$dnaninf       fz_ws.l(dnaninf.o)
    0x08007aa4   0x0000000c   Code   RO         5176    x$fpl$dretinf       fz_ws.l(dretinf.o)
    0x08007ab0   0x0000006c   Code   RO         5038    x$fpl$drleqf        fz_ws.l(drleqf.o)
    0x08007b1c   0x00000056   Code   RO         5040    x$fpl$f2d           fz_ws.l(f2d.o)
    0x08007b72   0x00000002   PAD
    0x08007b74   0x0000003e   Code   RO         5042    x$fpl$ffixu         fz_ws.l(ffixu.o)
    0x08007bb2   0x00000002   PAD
    0x08007bb4   0x00000026   Code   RO         5046    x$fpl$ffltu         fz_ws.l(fflt_clz.o)
    0x08007bda   0x0000008c   Code   RO         5178    x$fpl$fnaninf       fz_ws.l(fnaninf.o)
    0x08007c66   0x00000000   Code   RO         5180    x$fpl$usenofp       fz_ws.l(usenofp.o)
    0x08007c66   0x00000002   PAD
    0x08007c68   0x00000070   Data   RO         3748    .constdata          device.o
    0x08007cd8   0x0000003c   Data   RO         4440    .constdata          bo.o
    0x08007d14   0x00000030   Data   RO         4580    .constdata          bi.o
    0x08007d44   0x00000040   Data   RO         4725    .constdata          ai.o
    0x08007d84   0x00000038   Data   RO         4826    .constdata          ao.o
    0x08007dbc   0x00000004   Data   RO          192    .conststring        main.o
    0x08007dc0   0x00000020   Data   RO         5389    Region$$Table       anon$$obj.o


    Execution Region RW_IRAM1 (Base: 0x20000000, Size: 0x00001e20, Max: 0x00020000, ABSOLUTE, COMPRESSED[0x000000ec])

    Base Addr    Size         Type   Attr      Idx    E Section Name        Object

    0x20000000   0x0000000c   Data   RW           12    .data               stm32f2xx_it.o
    0x2000000c   0x00000004   Data   RW          193    .data               main.o
    0x20000010   0x00000010   Data   RW          636    .data               stm32f2xx_rcc.o
    0x20000020   0x00000038   Data   RW          979    .data               apdu.o
    0x20000058   0x00000005   Data   RW         2126    .data               dcc.o
    0x2000005d   0x00000001   Data   RW         2694    .data               tsm.o
    0x2000005e   0x00000020   Data   RW         2950    .data               h_dcc.o
    0x2000007e   0x00000006   Data   RW         3546    .data               automac.o
    0x20000084   0x00000008   Data   RW         3665    .data               bacnet.o
    0x2000008c   0x000000e4   Data   RW         3749    .data               device.o
    0x20000170   0x0000003b   Data   RW         4009    .data               dlmstp.o
    0x200001ab   0x00000001   PAD
    0x200001ac   0x00000008   Data   RW         4323    .data               rs485.o
    0x200001b4   0x0000001a   Data   RW         4441    .data               bo.o
    0x200001ce   0x00000015   Data   RW         4581    .data               bi.o
    0x200001e3   0x00000005   Data   RW         4827    .data               ao.o
    0x200001e8   0x00000100   Zero   RW           11    .bss                stm32f2xx_it.o
    0x200002e8   0x00000190   Zero   RW          978    .bss                apdu.o
    0x20000478   0x00000220   Zero   RW         2693    .bss                tsm.o
    0x20000698   0x000001e0   Zero   RW         3066    .bss                h_rpm.o
    0x20000878   0x000001fa   Zero   RW         3187    .bss                txbuf.o
    0x20000a72   0x00000080   Zero   RW         3545    .bss                automac.o
    0x20000af2   0x00000204   Zero   RW         3664    .bss                bacnet.o
    0x20000cf6   0x00000002   PAD
    0x20000cf8   0x00000048   Zero   RW         3747    .bss                device.o
    0x20000d40   0x0000087a   Zero   RW         4008    .bss                dlmstp.o
    0x200015ba   0x00000050   Zero   RW         4439    .bss                bo.o
    0x2000160a   0x00000020   Zero   RW         4579    .bss                bi.o
    0x2000162a   0x00000002   PAD
    0x2000162c   0x00000050   Zero   RW         4724    .bss                ai.o
    0x2000167c   0x00000060   Zero   RW         4825    .bss                ao.o
    0x200016dc   0x000000e4   Zero   RW         5021    .bss                c_w.l(rand.o)
    0x200017c0   0x00000060   Zero   RW         5186    .bss                c_w.l(libspace.o)
    0x20001820   0x00000200   Zero   RW          279    HEAP                startup_stm32f2xx.o
    0x20001a20   0x00000400   Zero   RW          278    STACK               startup_stm32f2xx.o


==============================================================================

Image component sizes


      Code (inc. data)   RO Data    RW Data    ZI Data      Debug   Object Name

        80          6          0          0          0      39479   abort.o
      1042         66         64          0         80       9446   ai.o
      1328         82         56          5         96       8667   ao.o
      1304        172          0         56        400       9415   apdu.o
       632         90          0          6        128      47593   automac.o
       180          0          0          0          0       1652   bacaddr.o
      1044         30          0          0          0       8045   bacapp.o
      2074         14          0          0          0      22311   bacdcode.o
        56          0          0          0          0       1083   bacerror.o
       238          0          0          0          0       5307   bacint.o
       380         56          0          8        516       2494   bacnet.o
       100          0          0          0          0       2202   bacreal.o
       528          0          0          0          0       8192   bacstr.o
       910         72         48         21         32      12905   bi.o
      1382         78         60         26         80      13154   bo.o
       100          0          0          0          0       1038   crc.o
       360         36          0          5          0       3840   dcc.o
      2742        192        112        228         72      24187   device.o
      5096        382          0         59       2170      15716   dlmstp.o
       232         10          0         32          0       2303   h_dcc.o
        96          0          0          0          0       1143   h_npdu.o
       208          6          0          0          0       1430   h_rd.o
       332         10          0          0          0       1620   h_rp.o
        80          0          0          0          0       1496   h_rp_a.o
      1188         18          0          0        480       4465   h_rpm.o
         0          0          0          0          0      38044   h_rpm_a.o
       176          0          0          0          0       1902   h_whohas.o
        80          4          0          0          0       1213   h_whois.o
       212          4          0          0          0       2057   h_wp.o
        88          0          0          0          0       1126   iam.o
        74          0          0          0          0       1360   ihave.o
       220         14          4          4          0      19024   main.o
        44          0          0          0          0        638   memcopy.o
       160         12          0          0          0       1498   misc.o
        92          4          0          0          0       1283   noserv.o
       770          0          0          0          0       3437   npdu.o
       120          0          0          0          0       1692   rd.o
        98         12          0          0          0       1473   reject.o
       218          0          0          0          0       4434   ringbuf.o
       616          0          0          0          0       4624   rp.o
       570          0          0          0          0       7921   rpm.o
       408         72          0          8          0       5668   rs485.o
       138          0          0          0          0       1821   s_iam.o
       132          6          0          0          0       1494   s_ihave.o
       176          6          0          0          0       1737   s_rp.o
        64         26        388          0       1536        864   startup_stm32f2xx.o
       224          0          0          0          0       2263   stm32f2xx_gpio.o
       172         40          0         12        256     240503   stm32f2xx_it.o
       296         30          0         16          0       3650   stm32f2xx_rcc.o
       438          8          0          0          0       5157   stm32f2xx_usart.o
       296         32          0          0          0       1545   system_stm32f2xx.o
       184          6          0          0          0       4738   timer.o
       492         34          0          1        544      43010   tsm.o
         0          0          0          0        506        566   txbuf.o
       212         10          0          0          0       1026   usart.o
       244          0          0          0          0       1756   whohas.o
       196          0          0          0          0       1283   whois.o
       332          0          0          0          0       2092   wp.o

    ----------------------------------------------------------------------
     29284       1640        764        488       6900     660082   Object Totals
         0          0         32          0          0          0   (incl. Generated)
        30          0          0          1          4          0   (incl. Padding)

    ----------------------------------------------------------------------

      Code (inc. data)   RO Data    RW Data    ZI Data      Debug   Library Member Name

        90          0          0          0          0          0   __dczerorl2.o
         8          0          0          0          0         68   __main.o
       184          0          0          0          0         84   __printf_ss.o
        52          8          0          0          0          0   __scatter.o
        28          0          0          0          0          0   __scatter_zi.o
        48          6          0          0          0         96   _printf_char_common.o
       120         18          0          0          0         92   _printf_dec.o
       184          0          0          0          0         88   _printf_intcommon.o
         0          0          0          0          0          0   _printf_percent.o
         4          0          0          0          0          0   _printf_percent_end.o
         6          0          0          0          0          0   _printf_u.o
        10          0          0          0          0         68   _sputc.o
        12          0          0          0          0         72   exit.o
         6          0          0          0          0        152   heapauxi.o
         0          0          0          0          0          0   indicate_semi.o
         2          0          0          0          0          0   libinit.o
         6          0          0          0          0          0   libinit2.o
         2          0          0          0          0          0   libshutdown.o
         2          0          0          0          0          0   libshutdown2.o
         8          4          0          0         96         68   libspace.o
        40          6          0          0          0         84   noretval__2sprintf.o
       112         18          0          0        228        160   rand.o
        78          0          0          0          0         80   rt_memclr_w.o
       138          0          0          0          0         68   rt_memcpy_v6.o
       100          0          0          0          0         80   rt_memcpy_w.o
         0          0          0          0          0          0   rtentry.o
        12          0          0          0          0          0   rtentry2.o
         6          0          0          0          0          0   rtentry4.o
         2          0          0          0          0          0   rtexit.o
        10          0          0          0          0          0   rtexit2.o
        62          0          0          0          0         76   strlen.o
        12          4          0          0          0         68   sys_exit.o
        74          0          0          0          0         80   sys_stackheap_outer.o
         2          0          0          0          0         68   use_no_semi.o
        24          0          0          0          0         68   dcmpi.o
       120          4          0          0          0         92   dleqf.o
       156          4          0          0          0         92   dnaninf.o
        12          0          0          0          0         68   dretinf.o
       108          0          0          0          0         80   drleqf.o
        86          4          0          0          0         84   f2d.o
        62          4          0          0          0         84   ffixu.o
        38          0          0          0          0         68   fflt_clz.o
       140          4          0          0          0         84   fnaninf.o
         0          0          0          0          0          0   usenofp.o

    ----------------------------------------------------------------------
      2176         84          0          0        324       2272   Library Totals
        10          0          0          0          0          0   (incl. Padding)

    ----------------------------------------------------------------------

      Code (inc. data)   RO Data    RW Data    ZI Data      Debug   Library Name

      1420         64          0          0        324       1552   c_w.l
       746         20          0          0          0        720   fz_ws.l

    ----------------------------------------------------------------------
      2176         84          0          0        324       2272   Library Totals

    ----------------------------------------------------------------------

==============================================================================


      Code (inc. data)   RO Data    RW Data    ZI Data      Debug   

     31460       1724        764        488       7224     644466   Grand Totals
     31460       1724        764        236       7224     644466   ELF Image Totals (compressed)
     31460       1724        764        236          0          0   ROM Totals

==============================================================================

    Total RO  Size (Code + RO Data)                32224 (  31.47kB)
    Total RW  Size (RW Data + ZI Data)              7712 (   7.53kB)
    Total ROM Size (Code + RO Data + RW Data)      32460 (  31.70kB)

==============================================================================

